############ format(mine) UTC 2026-09-16T16:20:35Z
[mixlane] core _build is busy, waiting for the other agent to finish
[mixlane] core lane acquired
[mixlane] core: DB_PORT=5490 mix format test/aurora_meter/plug/ensure_entitled_test.exs
[mixlane] core exit=0 started=2026-09-16T16:24:57Z finished=2026-09-16T16:24:58Z
[mixlane] core _build is busy, waiting for the other agent to finish
[mixlane] core lane acquired
[mixlane] core: DB_PORT=5490 mix format --check-formatted mix.exs lib/aurora_meter/broadcaster.ex lib/aurora_meter/config.ex lib/aurora_meter/live_view.ex lib/aurora_meter/plug/ensure_entitled.ex test/support/aurora_meter/test/failing_seed_storage.ex test/aurora_meter/plug/ensure_entitled_test.exs test/aurora_meter/live_view_test.exs test/aurora_meter/optional_deps_test.exs test/aurora_meter/realtime_test.exs test/aurora_meter/api_inventory_test.exs test/aurora_meter/doc_examples_test.exs
[mixlane] core exit=0 started=2026-09-16T16:25:18Z finished=2026-09-16T16:25:18Z
############ format(mine) exit=0
############ credo --strict
[mixlane] core _build is busy, waiting for the other agent to finish
[mixlane] core lane acquired
[mixlane] core: DB_PORT=5490 mix credo --strict
Checking 284 source files (this might take a while) ...

Please report incorrect results: https://github.com/rrrene/credo/issues

Analysis took 2.7 seconds (0.5s to load, 2.1s running 69 checks on 284 files)
4804 mods/funs, found no issues.

Use `mix credo explain` to explain issues, `mix credo --help` for options.
[mixlane] core exit=0 started=2026-09-16T16:25:40Z finished=2026-09-16T16:25:44Z
############ credo exit=0
############ docs --warnings-as-errors
[mixlane] core _build is busy, waiting for the other agent to finish
[mixlane] core lane acquired
[mixlane] core: DB_PORT=5490 mix docs --warnings-as-errors --output /tmp/tmp.J5YS88N2G9
Generating docs...
    warning: documentation references function "AuroraMeter.release/4" but it is undefined or private
    │
 75 │ `AuroraMeter.reserve/3` and `AuroraMeter.release/4` and take the lifecycle on
    │ ~~~~~~~~~~~~~~~~~~~~~~~~~~~~~~~~~~~~~~~~~~~~~~~~~~~~~~~~~~~~~~~~~~~~~~~~~~~~~
    │
    └─ docs/phoenix.md:75: (file)

View html docs at "/tmp/tmp.J5YS88N2G9/index.html"
Documents have been generated, but generation for html format failed due to warnings while using the --warnings-as-errors option
[mixlane] core exit=1 started=2026-09-16T16:26:00Z finished=2026-09-16T16:26:02Z
############ docs exit=1
############ test --seed 0 (FULL output kept)
[mixlane] core _build is busy, waiting for the other agent to finish
[mixlane] core lane acquired
[mixlane] core: DB_PORT=5490 mix test --seed 0
Compiling 10 files (.ex)
Running ExUnit with seed: 0, max_cases: 48
Excluding tags: [:headless]

...............     warning: variable "blocking" is unused (if the variable is not meant to be used, prefix it with an underscore)
     │
 394 │     blocking = for flag <- report.flags, flag.blocking, do: flag.flag
     │     ~~~~~~~~
     │
     └─ test/aurora_meter/credits_lot_migration_property_test.exs:394:5: AuroraMeter.CreditsLotMigrationPropertyTest.refused!/3

....................................................................

  1) test the index against the test tree every test whose description starts with an invariant id is named in the index (AuroraMeter.CorrectnessIndexTest)
     test/aurora_meter/correctness_index_test.exs:50
     these tests claim an invariant but are not listed in docs/correctness.md:
       Mix.Tasks.AuroraMeter.InstallTest / test --check-support I20 the abort message names every problem and the command that fixes it  (test/mix/tasks/install_test.exs:362)
     code: assert orphans == [],
     stacktrace:
       test/aurora_meter/correctness_index_test.exs:59: (test)

............................................................................................................................................................................................................................................................................................     warning: function assign_legacy_plan_versions/1 required by behaviour AuroraMeter.Storage is not implemented (in module AuroraMeter.ClusterTest.TimingOutStorage)
     │
 227 │     defmodule TimingOutStorage do
     │     ~~~~~~~~~~~~~~~~~~~~~~~~~~~~~
     │
     └─ test/aurora_meter/cluster_test.exs:227: AuroraMeter.ClusterTest.TimingOutStorage (module)

     warning: function list_plan_versions/1 required by behaviour AuroraMeter.Storage is not implemented (in module AuroraMeter.ClusterTest.TimingOutStorage)
     │
 227 │     defmodule TimingOutStorage do
     │     ~~~~~~~~~~~~~~~~~~~~~~~~~~~~~
     │
     └─ test/aurora_meter/cluster_test.exs:227: AuroraMeter.ClusterTest.TimingOutStorage (module)

     warning: function assign_legacy_plan_versions/1 required by behaviour AuroraMeter.Storage is not implemented (in module AuroraMeter.ClusterTest.FailingStorage)
     │
 172 │     defmodule FailingStorage do
     │     ~~~~~~~~~~~~~~~~~~~~~~~~~~~
     │
     └─ test/aurora_meter/cluster_test.exs:172: AuroraMeter.ClusterTest.FailingStorage (module)

     warning: function put_plan_version/1 required by behaviour AuroraMeter.Storage is not implemented (in module AuroraMeter.ClusterTest.TimingOutStorage)
     │
 227 │     defmodule TimingOutStorage do
     │     ~~~~~~~~~~~~~~~~~~~~~~~~~~~~~
     │
     └─ test/aurora_meter/cluster_test.exs:227: AuroraMeter.ClusterTest.TimingOutStorage (module)

     warning: function list_plan_versions/1 required by behaviour AuroraMeter.Storage is not implemented (in module AuroraMeter.ClusterTest.FailingStorage)
     │
 172 │     defmodule FailingStorage do
     │     ~~~~~~~~~~~~~~~~~~~~~~~~~~~
     │
     └─ test/aurora_meter/cluster_test.exs:172: AuroraMeter.ClusterTest.FailingStorage (module)

     warning: function put_plan_version/1 required by behaviour AuroraMeter.Storage is not implemented (in module AuroraMeter.ClusterTest.FailingStorage)
     │
 172 │     defmodule FailingStorage do
     │     ~~~~~~~~~~~~~~~~~~~~~~~~~~~
     │
     └─ test/aurora_meter/cluster_test.exs:172: AuroraMeter.ClusterTest.FailingStorage (module)

...................................................................................................................................................................
02:28:26.605 [error] Postgrex.Protocol (#PID<0.563.0> ({Postgrex.Protocol, "aurora_meter_test"})) disconnected: ** (DBConnection.ConnectionError) owner #PID<0.2829.0> ({:sql_sandbox_owner, %{started_by: #PID<0.2828.0>}}) timed out because it owned the connection for longer than 120000ms (set via the :ownership_timeout option)

[clock control] 150s, 24 loaders, 117060154 samples: Clock.now/0 backwards=0 worst=0.0s; DateTime.utc_now/0 backwards=0 worst=0.0s
...................
02:28:58.651 [error] Postgrex.Protocol (#PID<0.524.0> ({Postgrex.Protocol, "aurora_meter_test"})) disconnected: ** (DBConnection.ConnectionError) client #PID<0.3016.0> exited
.......
02:28:59.194 [error] Postgrex.Protocol (#PID<0.537.0> ({Postgrex.Protocol, "aurora_meter_test"})) disconnected: ** (DBConnection.ConnectionError) client #PID<0.3065.0> exited
.
02:28:59.226 [error] Postgrex.Protocol (#PID<0.553.0> ({Postgrex.Protocol, "aurora_meter_test"})) disconnected: ** (DBConnection.ConnectionError) client #PID<0.3072.0> exited
.
02:28:59.256 [error] Postgrex.Protocol (#PID<0.539.0> ({Postgrex.Protocol, "aurora_meter_test"})) disconnected: ** (DBConnection.ConnectionError) client #PID<0.3079.0> exited
.
02:28:59.288 [error] Postgrex.Protocol (#PID<0.531.0> ({Postgrex.Protocol, "aurora_meter_test"})) disconnected: ** (DBConnection.ConnectionError) client #PID<0.3086.0> exited
...........................
02:29:01.250 [error] Task #PID<0.3545.0> started from #PID<0.3544.0> terminating
** (RuntimeError) the host's handler is broken
    test/aurora_meter/credits_low_balance_test.exs:168: anonymous fn/2 in AuroraMeter.CreditsLowBalanceTest."test I11 a raising low-balance handler does not fail the ledger write"/1
    (elixir 1.20.1) lib/task/supervised.ex:105: Task.Supervised.invoke_mfa/2
    (elixir 1.20.1) lib/task/supervised.ex:40: Task.Supervised.reply/4
Function: #Function<31.58472000/0 in AuroraMeter.Credits.Ledger.supervised_handler/2>
    Args: []

02:29:01.253 [warning] AuroraMeter.Credits: the low-balance handler raised the host's handler is broken for tenant "lowbal_4436" (crossing "17d1959b-5980-412f-a7dc-70c498f9b69c"). The ledger write stands and no alert was delivered; the crossing is already recorded, so no later write will re-send it. See docs/credits.md, "One alert per crossing".
.
02:29:01.311 [warning] AuroraMeter.Credits: the low-balance handler did not answer within 50ms and was killed for tenant "lowbal_9039" (crossing "7ad1d32c-6cd3-4420-8faa-8daa0f725b1f"). The ledger write stands and no alert was delivered; the crossing is already recorded, so no later write will re-send it. See docs/credits.md, "One alert per crossing".
...............................[06b replay property] compared: 14, refused: 7, skipped: 0, reordered by seq: 0, refusals: %{reversal_took_reserved: 1, expire_reserved_grant: 3, promotional_divergence_settle: 2, promotional_divergence_debit: 1}
..........................................................................
02:29:09.260 [error] Postgrex.Protocol (#PID<0.533.0> ({Postgrex.Protocol, "aurora_meter_test"})) disconnected: ** (DBConnection.ConnectionError) client #PID<0.4883.0> ({AuroraMeter.EventsGateTest, :"test record_timeout a database that never answers is {:unavailable, :timeout} within the timeout, never an exit"}) timed out because it queued and checked out the connection for longer than 400ms

Client #PID<0.4883.0> ({AuroraMeter.EventsGateTest, :"test record_timeout a database that never answers is {:unavailable, :timeout} within the timeout, never an exit"}) is still using a connection from owner at location:

    (erts 17.0.1) :prim_inet.recv0/3
    (postgrex 0.22.4) lib/postgrex/protocol.ex:3296: Postgrex.Protocol.msg_recv/4
    (postgrex 0.22.4) lib/postgrex/protocol.ex:3008: Postgrex.Protocol.recv_close/3
    (postgrex 0.22.4) lib/postgrex/protocol.ex:1525: Postgrex.Protocol.close_parse_describe_flush/4
    (postgrex 0.22.4) lib/postgrex/protocol.ex:401: Postgrex.Protocol.handle_prepare/3
    (db_connection 2.10.2) lib/db_connection/holder.ex:379: DBConnection.Holder.holder_apply/4
    (db_connection 2.10.2) lib/db_connection.ex:1543: DBConnection.prepare/4
    (db_connection 2.10.2) lib/db_connection.ex:1536: DBConnection.run_prepare/4
    (db_connection 2.10.2) lib/db_connection.ex:1548: DBConnection.run_prepare_execute/5
    (db_connection 2.10.2) lib/db_connection.ex:1592: DBConnection.run/4
    (db_connection 2.10.2) lib/db_connection.ex:810: DBConnection.parsed_prepare_execute/5
    (db_connection 2.10.2) lib/db_connection.ex:802: DBConnection.prepare_execute/4
    (postgrex 0.22.4) lib/postgrex.ex:323: Postgrex.binary_query/4
    (ecto_sql 3.14.0) lib/ecto/adapters/sql.ex:628: Ecto.Adapters.SQL.query!/4
    (ecto_sql 3.14.0) lib/ecto/adapters/sql.ex:992: Ecto.Adapters.SQL.insert_all/9
    (ecto 3.14.1) lib/ecto/repo/schema.ex:86: Ecto.Repo.Schema.do_insert_all/7
    (aurora_meter 0.5.0) lib/aurora_meter/storage/ecto.ex:1171: AuroraMeter.Storage.Ecto.insert_events_returning/3
    (aurora_meter 0.5.0) lib/aurora_meter/storage/ecto.ex:1136: AuroraMeter.Storage.Ecto.in_transaction/4
    (aurora_meter 0.5.0) test/support/test_repo.ex:3: anonymous fn/1 in AuroraMeter.TestRepo.transaction/2
    (ecto 3.14.1) lib/ecto/repo/transaction.ex:11: anonymous fn/3 in Ecto.Repo.Transaction.transact/4

The connection itself was checked out by #PID<0.4883.0> ({AuroraMeter.EventsGateTest, :"test record_timeout a database that never answers is {:unavailable, :timeout} within the timeout, never an exit"}) at location:

    (aurora_meter 0.5.0) lib/aurora_meter/storage/ecto.ex:1832: AuroraMeter.Storage.Ecto.guarded/1
    (aurora_meter 0.5.0) lib/aurora_meter/events.ex:368: AuroraMeter.Events.admit/1
    (aurora_meter 0.5.0) lib/aurora_meter/events.ex:195: anonymous fn/4 in AuroraMeter.Events.record/4
    (aurora_meter 0.5.0) lib/aurora_meter/events.ex:329: anonymous fn/2 in AuroraMeter.Events.span/2
    (telemetry 1.4.2) /home/liamk/src/PhxTemplates/product-workspaces/aurora_meter/deps/telemetry/src/telemetry.erl:359: :telemetry.span/3
    test/aurora_meter/events_gate_test.exs:225: anonymous fn/1 in AuroraMeter.EventsGateTest."test record_timeout a database that never answers is {:unavailable, :timeout} within the timeout, never an exit"/1
    (aurora_meter 0.5.0) test/support/aurora_meter/test/config.ex:48: AuroraMeter.Test.Config.with_config/2
    test/aurora_meter/events_gate_test.exs:221: AuroraMeter.EventsGateTest."test record_timeout a database that never answers is {:unavailable, :timeout} within the timeout, never an exit"/1
    (ex_unit 1.20.1) lib/ex_unit/runner.ex:533: ExUnit.Runner.exec_test/2
    (stdlib 8.0) timer.erl:599: :timer.tc/2
    (ex_unit 1.20.1) lib/ex_unit/runner.ex:455: anonymous fn/6 in ExUnit.Runner.spawn_test_monitor/4


..........................................
02:29:16.700 [error] AuroraMeter flush failed; the same batch will be retried: "injected fault at :after_commit_before_ack (label: :lost_acknowledgement) context: %{callback: :flush_batch, result: {:ok, %{counters: [%{value: 5, feature: \"ops\", tenant_key: \"flush_batch_6851\", period_start: ~U[2026-09-01 00:00:00Z]}], history: [%{value: 5, date: ~D[2026-09-16], feature: \"ops\", tenant_key: \"flush_batch_6851\"}]}}, batch_id: \"81a375a3-1b95-47da-a999-b5de5d025aa5\"}"
.
02:29:19.496 [error] Postgrex.Protocol (#PID<0.550.0> ({Postgrex.Protocol, "aurora_meter_test"})) disconnected: ** (DBConnection.ConnectionError) client #PID<0.5522.0> exited
..
02:29:23.719 [error] Postgrex.Protocol (#PID<0.530.0> ({Postgrex.Protocol, "aurora_meter_test"})) disconnected: ** (DBConnection.ConnectionError) client #PID<0.5562.0> exited
....
02:29:24.085 [error] AuroraMeter flush failed; the same batch will be retried: :refused_by_test
.
02:29:24.290 [error] AuroraMeter flush failed; the same batch will be retried: "injected fault at :before_commit (label: :span_raise) context: %{counters: 1, callback: :flush_batch, history: 0, batch_id: \"51d04d98-c6f3-4127-a8c3-315819036924\"}"
.............
02:29:24.743 [warning] AuroraMeter: feature :nothing is not declared on the tenant's plan (first seen from feature_value). :undeclared_feature_policy is :warn, so it is allowed; Aurora Meter 1.0 denies it. Declare it on the plan, run `mix aurora_meter.features` to find every other one, or set `config :aurora_meter, undeclared_feature_policy: :allow`.
..................
02:29:24.824 [error] AuroraMeter flush failed; the same batch will be retried: "injected fault at :after_commit_before_ack (label: :foreign_write_then_raise) context: %{callback: :flush_batch, result: {:ok, %{counters: [%{value: 5, feature: \"ops\", tenant_key: \"org_5063\", period_start: ~U[2026-09-01 00:00:00Z]}], history: [%{value: 5, date: ~D[2026-09-16], feature: \"ops\", tenant_key: \"org_5063\"}]}}, batch_id: \"4c5f789d-e182-475d-9f6d-7febcee1dc78\"}"
......
02:29:24.851 [error] AuroraMeter flush failed; the same batch will be retried: "injected fault at :before_commit (label: :heartbeat_pending_case) context: %{counters: 1, callback: :flush_batch, history: 1, batch_id: \"07f13b9a-e3e3-4719-8786-c0334c9c8626\"}"
......................................
02:29:26.139 [warning] AuroraMeter.Credits.LotMigration: "lotmig_31874" raised ** (AuroraMeter.Test.Faults.Injected) injected fault at :before_commit (label: nil) context: %{kind: :write, schema: AuroraMeter.Schema.CreditBalance, statement: :balance_update, repo_fun: :update!}
    (aurora_meter 0.5.0) test/support/aurora_meter/test/faults.ex:368: AuroraMeter.Test.Faults.fire/6
    (aurora_meter 0.5.0) test/support/aurora_meter/test/fault_repo.ex:336: AuroraMeter.Test.FaultRepo.guard/4
    (aurora_meter 0.5.0) lib/aurora_meter/credits/lot_migration.ex:656: AuroraMeter.Credits.LotMigration.write!/3
    (aurora_meter 0.5.0) lib/aurora_meter/credits/lot_migration.ex:590: AuroraMeter.Credits.LotMigration.reconciled/6
    (aurora_meter 0.5.0) test/support/test_repo.ex:3: anonymous fn/1 in AuroraMeter.TestRepo.transaction/2
    (ecto 3.14.1) lib/ecto/repo/transaction.ex:11: anonymous fn/3 in Ecto.Repo.Transaction.transact/4
    (ecto_sql 3.14.0) lib/ecto/adapters/sql.ex:1481: anonymous fn/3 in Ecto.Adapters.SQL.checkout_or_transaction/4
    (db_connection 2.10.2) lib/db_connection.ex:1760: DBConnection.run_transaction/5
    (aurora_meter 0.5.0) test/support/aurora_meter/test/fault_repo.ex:70: AuroraMeter.Test.FaultRepo.transaction/1
    (aurora_meter 0.5.0) lib/aurora_meter/credits/lot_migration.ex:544: AuroraMeter.Credits.LotMigration.lock_phase/5
    (aurora_meter 0.5.0) lib/aurora_meter/credits/lot_migration.ex:502: AuroraMeter.Credits.LotMigration.guarded/5
    (aurora_meter 0.5.0) lib/aurora_meter/credits/lot_migration.ex:450: AuroraMeter.Credits.LotMigration.wallet/3
    (aurora_meter 0.5.0) lib/aurora_meter/credits/lot_migration.ex:390: AuroraMeter.Credits.LotMigration.step_wallet/4
    (aurora_meter 0.5.0) lib/aurora_meter/credits/lot_migration.ex:379: anonymous fn/4 in AuroraMeter.Credits.LotMigration.execute/3
    (elixir 1.20.1) lib/enum.ex:2622: Enum."-reduce/3-lists^foldl/2-0-"/3
    (aurora_meter 0.5.0) lib/aurora_meter/credits/lot_migration.ex:377: AuroraMeter.Credits.LotMigration.execute/3
    (aurora_meter 0.5.0) lib/aurora_meter/credits/lot_migration.ex:314: AuroraMeter.Credits.LotMigration.run/1
    test/aurora_meter/credits_lot_migration_test.exs:652: AuroraMeter.CreditsLotMigrationTest."test LI-06b-4 a write that fails inside the cutover leaves the wallet entirely untouched"/1
    (ex_unit 1.20.1) lib/ex_unit/runner.ex:533: ExUnit.Runner.exec_test/2
    (stdlib 8.0) timer.erl:599: :timer.tc/2
 The wallet is untouched and reported blocked; the run continues.
....aurora_meter.credits.migrate_lots:
  wallets        2
  migrated       1
  blocked        1
  deferred       0
  skipped        0
  rows           4
  lots           1
  allocations    1
  lock ms max    2
  duration ms    5

blocked wallets:
  org_2  reversal_unattributed %{}

1 wallets are now owned by the allocator. Every node must already be on a release that honours `lots_enabled_at`: an older image ignores the column and would write legacy arithmetic over the lots, which the next conservation check would refuse.
aurora_meter.credits.migrate_lots:
  wallets        2
  migrated       1
  blocked        0
  deferred       0
  skipped        0
  rows           4
  lots           1
  allocations    1
  lock ms max    2
  duration ms    5

blocked wallets:
  org_2  reversal_unattributed %{}

1 wallets are now owned by the allocator. Every node must already be on a release that honours `lots_enabled_at`: an older image ignores the column and would write legacy arithmetic over the lots, which the next conservation check would refuse.
aurora_meter.credits.migrate_lots will not cut a wallet over yet.

the lot-aware refund path

Nothing was read and nothing was written. Run it without --no-shadow to
take the whole replay and reconciliation now; the cutover is a separate
decision and it needs the lot-aware refund path first (X250).

.............................................................................................................................................................
02:29:50.370 [error] AuroraMeter: the in-memory projection of event "base" failed (AuroraMeter.Test.PeriodSources.FutureWindow returned a period that does not contain the instant asked about. An AuroraMeter period is a half-open UTC interval [start, end): start belongs to the period, end does not, and the interval must contain the instant it is resolved for. reason=:not_containing tenant_key="correct_7877" instant=~U[2026-09-16 16:29:50.370423Z] period=%{start: ~U[2026-10-02 00:00:00Z], end: ~U[2026-11-02 00:00:00Z], source: :calendar}). The event is committed and AuroraMeter.Events.total/3 is authoritative; the in-memory value corrects itself on the next cold read.

02:29:50.374 [error] AuroraMeter: the in-memory projection of event "fix" failed (AuroraMeter.Test.PeriodSources.FutureWindow returned a period that does not contain the instant asked about. An AuroraMeter period is a half-open UTC interval [start, end): start belongs to the period, end does not, and the interval must contain the instant it is resolved for. reason=:not_containing tenant_key="correct_7877" instant=~U[2026-09-16 16:29:50.374306Z] period=%{start: ~U[2026-10-02 00:00:00Z], end: ~U[2026-11-02 00:00:00Z], source: :calendar}). The event is committed and AuroraMeter.Events.total/3 is authoritative; the in-memory value corrects itself on the next cold read.
..............................................................................................................................................................................................................................................
02:29:51.216 [warning] AuroraMeter: feature :nowhere is not declared on the tenant's plan (first seen from check). :undeclared_feature_policy is :warn, so it is allowed; Aurora Meter 1.0 denies it. Declare it on the plan, run `mix aurora_meter.features` to find every other one, or set `config :aurora_meter, undeclared_feature_policy: :allow`.
....................................
02:29:51.297 [warning] AuroraMeter: feature :elsewhere is not declared on the tenant's plan (first seen from check). :undeclared_feature_policy is :warn, so it is allowed; Aurora Meter 1.0 denies it. Declare it on the plan, run `mix aurora_meter.features` to find every other one, or set `config :aurora_meter, undeclared_feature_policy: :allow`.
...................................................................[06a cross-oracle] compared: 11, diverged: 1
........................................................................
02:30:01.519 [warning] AuroraMeter.Credits.Recurrences: the period source could not place "recurboom_26947" for :monthly (:period_source_error). The tenant is skipped and the run continues; nothing is granted for it until the source is fixed. this period source cannot place recurboom_26947
...................................................
02:30:02.419 [error] Handler {AuroraMeter.OpenTelemetry, :a, [:aurora_meter, :replay, :batch]} has failed and has been detached. Class=:error
Reason=%RuntimeError{
  message: "AuroraMeter.Test.RaisingTracer refuses to record aurora_meter.replay.batch"
}
Stacktrace=[
  {AuroraMeter.Test.RaisingTracer, :record_span, 5,
   [
     file: ~c"test/support/aurora_meter/test/recording_tracer.ex",
     line: 111,
     error_info: %{module: Exception}
   ]},
  {AuroraMeter.OpenTelemetry.Bridge, :on_flat, 4,
   [file: ~c"lib/aurora_meter/open_telemetry/bridge.ex", line: 233]},
  {:telemetry, :do_execute, 4,
   [
     file: ~c"/home/liamk/src/PhxTemplates/product-workspaces/aurora_meter/deps/telemetry/src/telemetry.erl",
     line: 202
   ]},
  {AuroraMeter.OpenTelemetryTest,
   :"test a handler that raises is detached by telemetry and the other handlers keep producing spans",
   1, [file: ~c"test/aurora_meter/open_telemetry_test.exs", line: 242]},
  {ExUnit.Runner, :exec_test, 2, [file: ~c"lib/ex_unit/runner.ex", line: 533]},
  {:timer, :tc, 2, [file: ~c"timer.erl", line: 599]},
  {ExUnit.Runner, :"-spawn_test_monitor/4-fun-1-", 6,
   [file: ~c"lib/ex_unit/runner.ex", line: 455]}
]

......................................................................
02:30:02.613 [warning] config :aurora_meter, durable_features: [:ai_generations] is deprecated. It still works, and will keep working until 2.0. Aurora Meter 1.0 replaces it with `feature_sources`, which says where each feature's commercial quantity comes from instead of bolting an event row onto a buffered count, and with `AuroraMeter.record/4` for usage that must not be lost. Nothing to do today: see docs/upgrading-to-1.0.md before you upgrade to 1.0.
........................
[07b] twelve schedules of one ref: %{idempotent: 11, scheduled: 1} rows=1
.
[07b] twelve appliers of one due transition: applied=1 skipped=11 row_lock_waiters=12
....
02:30:05.798 [error] Postgrex.Protocol (#PID<0.556.0> ({Postgrex.Protocol, "aurora_meter_test"})) disconnected: ** (DBConnection.ConnectionError) client #PID<0.11251.0> exited
.
[07b] cache staleness after a kill: ttl=5000ms window_from_warm=5000ms window_from_kill=4995ms
..............
02:30:10.930 [error] AuroraMeter: the in-memory projection of event "no-period" failed (AuroraMeter.Test.PeriodSources.FutureWindow returned a period that does not contain the instant asked about. An AuroraMeter period is a half-open UTC interval [start, end): start belongs to the period, end does not, and the interval must contain the instant it is resolved for. reason=:not_containing tenant_key="attr_30339" instant=~U[2026-09-16 16:30:10.929956Z] period=%{start: ~U[2026-10-02 00:00:00Z], end: ~U[2026-11-02 00:00:00Z], source: :calendar}). The event is committed and AuroraMeter.Events.total/3 is authoritative; the in-memory value corrects itself on the next cold read.
..............................
02:30:12.023 [warning] AuroraMeter.Credits.Promotions: an expire entry for grant "439e7646-16b9-4850-a704-c59f993e2a91" was folded before the grant itself, which means this wallet holds rows whose `seq` is not their insertion order (pre-version-9 rows, finding X244). Attributing it by the ordinary spend order instead.
.....
02:30:12.743 [warning] AuroraMeter.Credits.expire_due/2: expiring grant "a20a9d30-b996-4328-b01b-3a26ba2784ab" failed with ** (AuroraMeter.Test.Faults.Injected) injected fault at :before_commit (label: :expire_one_grant) context: %{kind: :read, schema: AuroraMeter.Schema.CreditTransaction, statement: :transaction_insert, repo_fun: :one!}
    (aurora_meter 0.5.0) test/support/aurora_meter/test/faults.ex:368: AuroraMeter.Test.Faults.fire/6
    (aurora_meter 0.5.0) test/support/aurora_meter/test/fault_repo.ex:336: AuroraMeter.Test.FaultRepo.guard/4
    (aurora_meter 0.5.0) lib/aurora_meter/credits/ledger.ex:843: AuroraMeter.Credits.Ledger.expire_grant_locked/4
    (aurora_meter 0.5.0) lib/aurora_meter/credits/ledger.ex:981: anonymous fn/2 in AuroraMeter.Credits.Ledger.transact_outcome/1
    (aurora_meter 0.5.0) test/support/test_repo.ex:3: anonymous fn/1 in AuroraMeter.TestRepo.transaction/2
    (ecto 3.14.1) lib/ecto/repo/transaction.ex:11: anonymous fn/3 in Ecto.Repo.Transaction.transact/4
    (ecto_sql 3.14.0) lib/ecto/adapters/sql.ex:1481: anonymous fn/3 in Ecto.Adapters.SQL.checkout_or_transaction/4
    (db_connection 2.10.2) lib/db_connection.ex:1760: DBConnection.run_transaction/5
    (aurora_meter 0.5.0) test/support/aurora_meter/test/fault_repo.ex:70: AuroraMeter.Test.FaultRepo.transaction/1
    (aurora_meter 0.5.0) lib/aurora_meter/credits/ledger.ex:981: AuroraMeter.Credits.Ledger.transact_outcome/1
    (aurora_meter 0.5.0) lib/aurora_meter/credits/ledger.ex:947: AuroraMeter.Credits.Ledger.transact/1
    (aurora_meter 0.5.0) lib/aurora_meter/credits/ledger.ex:784: AuroraMeter.Credits.Ledger.attempt_expiry/2
    (aurora_meter 0.5.0) lib/aurora_meter/credits/ledger.ex:624: anonymous fn/3 in AuroraMeter.Credits.Ledger.expire_due/2
    (elixir 1.20.1) lib/enum.ex:2622: Enum."-reduce/3-lists^foldl/2-0-"/3
    (aurora_meter 0.5.0) lib/aurora_meter/credits/ledger.ex:621: AuroraMeter.Credits.Ledger.expire_due/2
    (aurora_meter 0.5.0) lib/aurora_meter/oban/credit_expiry.ex:125: AuroraMeter.Oban.CreditExpiry.batch/2
    (aurora_meter 0.5.0) lib/aurora_meter/operations.ex:262: AuroraMeter.Operations.run_one/1
    (aurora_meter 0.5.0) lib/aurora_meter/oban/credit_expiry.ex:106: AuroraMeter.Oban.CreditExpiry.perform/1
    test/aurora_meter/oban_job_controls_test.exs:346: anonymous fn/1 in AuroraMeter.ObanJobControlsTest."test I16 CreditExpiry counts a grant whose transaction raises, advances past it, and expires the rest"/1
    (aurora_meter 0.5.0) test/support/aurora_meter/test/config.ex:48: AuroraMeter.Test.Config.with_config/2
 The run continues; the grant is examined again next run.
...........
02:30:13.011 [warning] AuroraMeter: feature :nothing_declared is not declared on the tenant's plan (first seen from feature_value). :undeclared_feature_policy is :warn, so it is allowed; Aurora Meter 1.0 denies it. Declare it on the plan, run `mix aurora_meter.features` to find every other one, or set `config :aurora_meter, undeclared_feature_policy: :allow`.
....
02:30:13.028 [warning] AuroraMeter: feature :some_new_thing is not declared on the tenant's plan (first seen from check). :undeclared_feature_policy is :warn, so it is allowed; Aurora Meter 1.0 denies it. Declare it on the plan, run `mix aurora_meter.features` to find every other one, or set `config :aurora_meter, undeclared_feature_policy: :allow`.
...............................
02:30:13.156 [error] AuroraMeter flush failed; the same batch will be retried: "injected fault at :before_commit (label: :receipt_insert) context: %{kind: :write, schema: AuroraMeter.Schema.FlushReceipt, statement: :receipt_insert, repo_fun: :insert_all}"
.
02:30:13.192 [error] AuroraMeter flush failed; the same batch will be retried: "injected fault at :before_commit (label: :counter_upsert) context: %{kind: :write, schema: AuroraMeter.Schema.Counter, statement: :counter_upsert, repo_fun: :insert_all}"
.
02:30:13.228 [error] AuroraMeter flush failed; the same batch will be retried: "injected fault at :before_commit (label: :history_upsert) context: %{kind: :write, schema: AuroraMeter.Schema.History, statement: :history_upsert, repo_fun: :insert_all}"
.
02:30:13.262 [error] AuroraMeter flush failed; the same batch will be retried: "injected fault at :before_commit (label: :counter_upsert) context: %{kind: :write, schema: AuroraMeter.Schema.Counter, statement: :counter_upsert, repo_fun: :insert_all}"
............................................................................................
02:30:20.857 [error] Postgrex.Protocol (#PID<0.546.0> ({Postgrex.Protocol, "aurora_meter_test"})) disconnected: ** (DBConnection.ConnectionError) client #PID<0.12340.0> exited
...
02:30:20.929 [error] AuroraMeter flush failed; the same batch will be retried: :refused_by_test
...
02:30:21.393 [error] Handler "gauge-raiser-97794" has failed and has been detached. Class=:error
Reason=%RuntimeError{message: "handler blew up"}
Stacktrace=[
  {AuroraMeter.StoreGaugeTest,
   :"-test a raising gauge handler does not stop the Store or its timer/1-fun-0-",
   4,
   [
     file: ~c"test/aurora_meter/store_gauge_test.exs",
     line: 176,
     error_info: %{module: Exception}
   ]},
  {:telemetry, :do_execute, 4,
   [
     file: ~c"/home/liamk/src/PhxTemplates/product-workspaces/aurora_meter/deps/telemetry/src/telemetry.erl",
     line: 202
   ]},
  {AuroraMeter.Store, :gauge, 1,
   [file: ~c"lib/aurora_meter/store.ex", line: 232]},
  {AuroraMeter.Store, :handle_call, 3,
   [file: ~c"lib/aurora_meter/store.ex", line: 118]},
  {:gen_server, :try_handle_call, 4, [file: ~c"gen_server.erl", line: 2470]},
  {:gen_server, :handle_msg, 3, [file: ~c"gen_server.erl", line: 2499]},
  {:proc_lib, :init_p_do_apply, 3, [file: ~c"proc_lib.erl", line: 333]}
]

........
02:30:22.369 [warning] AuroraMeter: feature :nothing is not declared on the tenant's plan (first seen from quota). :undeclared_feature_policy is :warn, so it is allowed; Aurora Meter 1.0 denies it. Declare it on the plan, run `mix aurora_meter.features` to find every other one, or set `config :aurora_meter, undeclared_feature_policy: :allow`.
..............................................
02:30:22.653 [error] AuroraMeter: publishing event "pubsub-down" failed (unknown registry: :no_such_pubsub_server. Either the registry name is invalid or the registry is not running, possibly because its application isn't started). The event is committed; consumers recover from AuroraMeter.Events.total/3.
.
02:30:22.666 [error] AuroraMeter: the in-memory projection of event "projection-down" failed (AuroraMeter.Test.PeriodSources.FutureWindow returned a period that does not contain the instant asked about. An AuroraMeter period is a half-open UTC interval [start, end): start belongs to the period, end does not, and the interval must contain the instant it is resolved for. reason=:not_containing tenant_key="projection_17860" instant=~U[2026-09-16 16:30:22.666069Z] period=%{start: ~U[2026-10-02 00:00:00Z], end: ~U[2026-11-02 00:00:00Z], source: :calendar}). The event is committed and AuroraMeter.Events.total/3 is authoritative; the in-memory value corrects itself on the next cold read.
....
02:30:23.203 [warning] AuroraMeter: feature :requests is not declared on the tenant's plan (first seen from record_batch). :undeclared_feature_policy is :warn, so it is allowed; Aurora Meter 1.0 denies it. Declare it on the plan, run `mix aurora_meter.features` to find every other one, or set `config :aurora_meter, undeclared_feature_policy: :allow`.

02:30:23.203 [warning] AuroraMeter: feature :requests is not declared on the tenant's plan (first seen from record_batch). :undeclared_feature_policy is :warn, so it is allowed; Aurora Meter 1.0 denies it. Declare it on the plan, run `mix aurora_meter.features` to find every other one, or set `config :aurora_meter, undeclared_feature_policy: :allow`.
..............................................................................................................................................................
02:30:28.289 [warning] AuroraMeter.Retention.forget_node/1 removed the flush heartbeat for "node_b".

It read: state="pending" updated_at=~U[2026-09-16 16:30:28.287578Z] cursor=%{"batch_id" => "baf94561-48b8-4505-82b6-320996b347ee", "pending_since" => "2026-07-17T16:30:28.287285Z", "version" => "0.5.0"}

That node no longer blocks a flush-receipt prune. If it is still alive and still holding a pending batch, and it later retries that batch after its receipt has been pruned, the batch's usage is counted twice (invariant I01).


02:30:28.291 [warning] AuroraMeter.Retention.forget_node/1 removed the flush heartbeat for "node_c".

It read: state="pending" updated_at=~U[2026-09-16 16:30:28.287930Z] cursor=%{"batch_id" => "94d846a5-b20b-42d3-a18e-b2e2290a2231", "pending_since" => "2026-07-17T16:30:28.287674Z", "version" => "0.5.0"}

That node no longer blocks a flush-receipt prune. If it is still alive and still holding a pending batch, and it later retries that batch after its receipt has been pruned, the batch's usage is counted twice (invariant I01).

.
02:30:28.296 [warning] AuroraMeter.Retention: a flush heartbeat is filed under "nonode@nohost", which is what every unnamed VM calls itself. If more than one node shares this database, they share this one row and it cannot tell one node from ten. Set :flush_node_id per node, or start the VMs with names.

02:30:28.299 [warning] AuroraMeter.Retention.forget_node/1 removed the flush heartbeat for "app@10.0.1.7".

It read: state="idle" updated_at=~U[2026-09-16 16:30:28.299092Z] cursor=%{"version" => "0.5.0"}

That node no longer blocks a flush-receipt prune. If it is still alive and still holding a pending batch, and it later retries that batch after its receipt has been pruned, the batch's usage is counted twice (invariant I01).

..........
02:30:28.346 [error] AuroraMeter: the in-memory projection of event "base" failed (AuroraMeter.Test.PeriodSources.FutureWindow returned a period that does not contain the instant asked about. An AuroraMeter period is a half-open UTC interval [start, end): start belongs to the period, end does not, and the interval must contain the instant it is resolved for. reason=:not_containing tenant_key="replace_16517" instant=~U[2026-09-16 16:30:28.346862Z] period=%{start: ~U[2026-10-02 00:00:00Z], end: ~U[2026-11-02 00:00:00Z], source: :calendar}). The event is committed and AuroraMeter.Events.total/3 is authoritative; the in-memory value corrects itself on the next cold read.

02:30:28.350 [error] AuroraMeter: the in-memory projection of event "fix" failed (AuroraMeter.Test.PeriodSources.FutureWindow returned a period that does not contain the instant asked about. An AuroraMeter period is a half-open UTC interval [start, end): start belongs to the period, end does not, and the interval must contain the instant it is resolved for. reason=:not_containing tenant_key="replace_16517" instant=~U[2026-09-16 16:30:28.350498Z] period=%{start: ~U[2026-10-02 00:00:00Z], end: ~U[2026-11-02 00:00:00Z], source: :calendar}). The event is committed and AuroraMeter.Events.total/3 is authoritative; the in-memory value corrects itself on the next cold read.

02:30:28.350 [error] AuroraMeter: the in-memory projection of event "fix~r" failed (AuroraMeter.Test.PeriodSources.FutureWindow returned a period that does not contain the instant asked about. An AuroraMeter period is a half-open UTC interval [start, end): start belongs to the period, end does not, and the interval must contain the instant it is resolved for. reason=:not_containing tenant_key="replace_16517" instant=~U[2026-09-16 16:30:28.350577Z] period=%{start: ~U[2026-10-02 00:00:00Z], end: ~U[2026-11-02 00:00:00Z], source: :calendar}). The event is committed and AuroraMeter.Events.total/3 is authoritative; the in-memory value corrects itself on the next cold read.
........................................................................................
02:30:29.868 [warning] AuroraMeter.Tenant.Default.to_key/1 returned an empty tenant key. Every tenant it cannot resolve then shares one set of counters. Return a non-empty String.t(), or refuse the term. This version keeps the old behaviour and warns once per node; Aurora Meter 1.0 raises. See the AuroraMeter.Tenant documentation.
.........
02:30:29.892 [warning] AuroraMeter: feature :requests is not declared on the tenant's plan (first seen from record). :undeclared_feature_policy is :warn, so it is allowed; Aurora Meter 1.0 denies it. Declare it on the plan, run `mix aurora_meter.features` to find every other one, or set `config :aurora_meter, undeclared_feature_policy: :allow`.
....
02:30:29.912 [error] AuroraMeter: the in-memory projection of event "unresolved" failed (AuroraMeter.Test.PeriodSources.FutureWindow returned a period that does not contain the instant asked about. An AuroraMeter period is a half-open UTC interval [start, end): start belongs to the period, end does not, and the interval must contain the instant it is resolved for. reason=:not_containing tenant_key="record_591618" instant=~U[2026-09-16 16:30:29.912269Z] period=%{start: ~U[2026-10-02 00:00:00Z], end: ~U[2026-11-02 00:00:00Z], source: :calendar}). The event is committed and AuroraMeter.Events.total/3 is authoritative; the in-memory value corrects itself on the next cold read.
.
02:30:29.914 [error] AuroraMeter: the in-memory projection of event "ineligible" failed (AuroraMeter.Test.PeriodSources.FutureWindow returned a period that does not contain the instant asked about. An AuroraMeter period is a half-open UTC interval [start, end): start belongs to the period, end does not, and the interval must contain the instant it is resolved for. reason=:not_containing tenant_key="record_591682" instant=~U[2026-09-16 16:30:29.914834Z] period=%{start: ~U[2026-10-02 00:00:00Z], end: ~U[2026-11-02 00:00:00Z], source: :calendar}). The event is committed and AuroraMeter.Events.total/3 is authoritative; the in-memory value corrects itself on the next cold read.
........................................................
Finished in 252.3 seconds (6.1s async, 246.1s sync)

Result: 2124/2125 passed (81/81 doctests, 21/21 properties, 2022/2023 tests), 8 excluded
Failed: 1 test
[mixlane] core exit=2 started=2026-09-16T16:26:17Z finished=2026-09-16T16:30:31Z
############ test exit=2
############ done UTC 2026-09-16T16:30:31Z
