=== date ===
2026-09-16T15:53:58Z
=== mix hex.info plug ===
Compose web applications with functions

Config: {:plug, "~> 1.20"}
Locked version: 1.20.3

Recent releases:
  1.20.3 (2026-07-09)
  1.20.2 (2026-06-30)
  1.20.1 (2026-06-23) (retired)
  1.20.0 (2026-06-23) (retired)
  1.19.5 (2026-07-09)
  1.19.4 (2026-06-30)
  1.19.3 (2026-06-23)
  1.19.2 (2026-05-14)
  ...

Downloads:
  Yesterday: 76 444
  Last 7 days: 485 111
  All time: 164 771 115

Licenses: Apache-2.0
Links:
  GitHub: https://github.com/elixir-plug/plug
=== rc=0 ===
=== resolved plug in this tree ===
"plug": {:hex, :plug, "1.20.3"
=== deps/plug version ===
  @version "1.20.3"
=== who requires plug (from mix.lock) ===
"plug": {:hex, :plug, "1.20.3"
