[mixlane] core: DB_PORT=5490 bash /home/liamk/src/PhxTemplates/tmp/v1/09a/legs.sh plug_only
################ leg=plug_only  UTC 2026-09-16T20:37:30Z
AURORA_HEADLESS=<unset> AURORA_NO_LIVEVIEW=1
MIX_BUILD_ROOT=/home/liamk/src/PhxTemplates/product-workspaces/aurora_meter/_build_legs/plug_only
mix.lock sha256 before: d55a81fb21194ad5fb797dd458fe47fcca737a2e4542af4297a55e215d0c7cc0
################ deps.get
Resolving Hex dependencies...
Resolution completed in 0.093s
Unchanged:
  bunt 1.0.0
  credo 1.7.19
  db_connection 2.10.2
  decimal 3.1.1
  dialyxir 1.4.7
  earmark_parser 1.4.45
  ecto 3.14.1
  ecto_sql 3.14.0
  erlex 0.2.9
  ex_ast 0.13.1
  ex_doc 0.40.3
  file_system 1.1.1
  finch 0.23.0
  floki 0.38.4
  glob_ex 0.1.12
  hpax 1.0.4
  igniter 0.8.4
  jason 1.4.5
  makeup 1.2.2
  makeup_elixir 1.0.1
  makeup_erlang 1.1.0
  mime 2.0.7
  mint 1.10.0
  mix_audit 2.1.5
  nimble_options 1.1.1
  nimble_parsec 1.4.2
  nimble_pool 1.1.0
  oban 2.24.1
  opentelemetry 1.7.0
  opentelemetry_api 1.5.0
  owl 0.13.1
  phoenix_pubsub 2.3.0
  plug 1.20.3
  plug_crypto 2.2.0
  postgrex 0.22.4
  req 0.7.4
  rewrite 1.3.0
  sourceror 1.12.2
  spitfire 0.4.1
  stream_data 1.3.0
  telemetry 1.4.2
  telemetry_metrics 1.2.0
  text_diff 0.1.0
  yamerl 0.10.0
  yaml_elixir 2.12.2
All dependencies have been fetched
deps.get exit=0
################ the RESOLVED dependency tree (X331: ask the build, not mix.exs)
aurora_meter
├── credo ~> 1.7 (Hex package)
│   ├── bunt ~> 0.2.1 or ~> 1.0 (Hex package)
│   ├── file_system ~> 0.2 or ~> 1.0 (Hex package)
│   └── jason ~> 1.0 (Hex package)
├── dialyxir ~> 1.4 (Hex package)
│   └── erlex >= 0.2.8 (Hex package)
├── ecto_sql ~> 3.10 (Hex package)
│   ├── db_connection ~> 2.9 (Hex package)
│   │   └── telemetry ~> 0.4 or ~> 1.0 (Hex package)
│   ├── decimal ~> 3.0 (Hex package)
│   ├── ecto ~> 3.14.0 (Hex package)
│   │   ├── decimal ~> 3.0 (Hex package)
│   │   ├── jason ~> 1.0 (Hex package)
│   │   └── telemetry ~> 0.4 or ~> 1.0 (Hex package)
│   ├── postgrex ~> 0.19 or ~> 1.0 (Hex package)
│   └── telemetry ~> 0.4.0 or ~> 1.0 (Hex package)
├── ex_doc ~> 0.31 (Hex package)
│   ├── earmark_parser ~> 1.4.44 (Hex package)
│   ├── makeup_elixir ~> 0.14 or ~> 1.0 (Hex package)
│   │   ├── makeup ~> 1.0 (Hex package)
│   │   │   └── nimble_parsec ~> 1.4 (Hex package)
│   │   └── nimble_parsec ~> 1.2.3 or ~> 1.3 (Hex package)
│   └── makeup_erlang ~> 0.1 or ~> 1.0 (Hex package)
│       └── makeup ~> 1.0 (Hex package)
├── floki >= 0.30.0 (Hex package)
├── igniter ~> 0.8 (Hex package)
│   ├── ex_ast ~> 0.5 (Hex package)
│   │   ├── jason ~> 1.4 (Hex package)
│   │   └── sourceror ~> 1.7 (Hex package)
│   ├── glob_ex ~> 0.1.7 (Hex package)
│   ├── jason ~> 1.4.5 (Hex package)
│   ├── owl ~> 0.11 (Hex package)
│   ├── req ~> 0.5 (Hex package)
│   │   ├── finch ~> 0.21 (Hex package)
│   │   │   ├── mime ~> 1.0 or ~> 2.0 (Hex package)
│   │   │   ├── mint ~> 1.8 (Hex package)
│   │   │   │   └── hpax ~> 0.1.1 or ~> 0.2.0 or ~> 1.0 (Hex package)
│   │   │   ├── nimble_options ~> 0.4 or ~> 1.0 (Hex package)
│   │   │   ├── nimble_pool ~> 1.1 (Hex package)
│   │   │   └── telemetry ~> 0.4 or ~> 1.0 (Hex package)
│   │   ├── jason ~> 1.0 (Hex package)
│   │   ├── mime ~> 2.0.6 or ~> 2.1 (Hex package)
│   │   └── plug ~> 1.0 (Hex package)
│   ├── rewrite >= 1.1.1 and < 2.0.0-0 (Hex package)
│   │   ├── glob_ex ~> 0.1 (Hex package)
│   │   ├── sourceror ~> 1.0 (Hex package)
│   │   └── text_diff ~> 0.1 (Hex package)
│   ├── sourceror ~> 1.4 (Hex package)
│   └── spitfire >= 0.1.3 and < 1.0.0-0 (Hex package)
├── jason ~> 1.4 (Hex package)
│   └── decimal ~> 1.0 or ~> 2.0 or ~> 3.0 (Hex package)
├── mix_audit ~> 2.1 (Hex package)
│   ├── jason ~> 1.4 (Hex package)
│   └── yaml_elixir ~> 2.11 (Hex package)
│       └── yamerl ~> 0.10 (Hex package)
├── nimble_options ~> 1.1 (Hex package)
├── oban ~> 2.17 (Hex package)
│   ├── ecto_sql ~> 3.10 (Hex package)
│   ├── igniter ~> 0.5 (Hex package)
│   ├── jason ~> 1.1 (Hex package)
│   ├── postgrex ~> 0.20 (Hex package)
│   └── telemetry ~> 1.3 (Hex package)
├── opentelemetry ~> 1.3 (Hex package)
│   └── opentelemetry_api ~> 1.5.0 (Hex package)
├── opentelemetry_api ~> 1.2 (Hex package)
├── phoenix_pubsub ~> 2.1 (Hex package)
├── plug ~> 1.15 (Hex package)
│   ├── mime ~> 1.0 or ~> 2.0 (Hex package)
│   ├── plug_crypto ~> 1.1.1 or ~> 1.2 or ~> 2.0 (Hex package)
│   └── telemetry ~> 0.4.3 or ~> 1.0 (Hex package)
├── postgrex >= 0.0.0 (Hex package)
│   ├── db_connection ~> 2.9 (Hex package)
│   ├── decimal ~> 1.5 or ~> 2.0 or ~> 3.0 (Hex package)
│   └── jason ~> 1.0 (Hex package)
├── stream_data ~> 1.1 (Hex package)
├── telemetry ~> 1.2 (Hex package)
└── telemetry_metrics ~> 0.6 or ~> 1.0 (Hex package)
    └── telemetry ~> 0.4 or ~> 1.0 (Hex package)
################ compile --force --warnings-as-errors
Compiling 143 files (.ex)
Generated aurora_meter app
compile exit=0
################ every application actually in this build
aurora_meter bunt credo db_connection decimal dialyxir earmark_parser ecto ecto_sql erlex ex_ast ex_doc file_system finch floki glob_ex hpax igniter jason makeup makeup_elixir makeup_erlang mime mint mix_audit nimble_options nimble_parsec nimble_pool oban opentelemetry opentelemetry_api owl phoenix_pubsub plug plug_crypto postgrex req rewrite sourceror spitfire stream_data telemetry telemetry_metrics text_diff yamerl yaml_elixir 
################ the applications this unit makes a claim about
  plug                     PRESENT
  phoenix_live_view        absent
  phoenix_html             absent
  phoenix_live_dashboard   absent
  phoenix                  absent
  oban                     PRESENT
  igniter                  PRESENT
  telemetry_metrics        PRESENT
  aurora_meter             PRESENT
################ test
Running ExUnit with seed: 912864, max_cases: 48
Excluding tags: [:headless]

.................     warning: variable "blocking" is unused (if the variable is not meant to be used, prefix it with an underscore)
     │
 394 │     blocking = for flag <- report.flags, flag.blocking, do: flag.flag
     │     ~~~~~~~~
     │
     └─ test/aurora_meter/credits_lot_migration_property_test.exs:394:5: AuroraMeter.CreditsLotMigrationPropertyTest.refused!/3

............................................................................................................................................................................................................................................................................................................................     warning: function assign_legacy_plan_versions/1 required by behaviour AuroraMeter.Storage is not implemented (in module AuroraMeter.ClusterTest.FailingStorage)
     │
 172 │     defmodule FailingStorage do
     │     ~~~~~~~~~~~~~~~~~~~~~~~~~~~
     │
     └─ test/aurora_meter/cluster_test.exs:172: AuroraMeter.ClusterTest.FailingStorage (module)

     warning: function list_plan_versions/1 required by behaviour AuroraMeter.Storage is not implemented (in module AuroraMeter.ClusterTest.FailingStorage)
     │
 172 │     defmodule FailingStorage do
     │     ~~~~~~~~~~~~~~~~~~~~~~~~~~~
     │
     └─ test/aurora_meter/cluster_test.exs:172: AuroraMeter.ClusterTest.FailingStorage (module)

     warning: function assign_legacy_plan_versions/1 required by behaviour AuroraMeter.Storage is not implemented (in module AuroraMeter.ClusterTest.TimingOutStorage)
     │
 227 │     defmodule TimingOutStorage do
     │     ~~~~~~~~~~~~~~~~~~~~~~~~~~~~~
     │
     └─ test/aurora_meter/cluster_test.exs:227: AuroraMeter.ClusterTest.TimingOutStorage (module)

     warning: function put_plan_version/1 required by behaviour AuroraMeter.Storage is not implemented (in module AuroraMeter.ClusterTest.FailingStorage)
     │
 172 │     defmodule FailingStorage do
     │     ~~~~~~~~~~~~~~~~~~~~~~~~~~~
     │
     └─ test/aurora_meter/cluster_test.exs:172: AuroraMeter.ClusterTest.FailingStorage (module)

     warning: function list_plan_versions/1 required by behaviour AuroraMeter.Storage is not implemented (in module AuroraMeter.ClusterTest.TimingOutStorage)
     │
 227 │     defmodule TimingOutStorage do
     │     ~~~~~~~~~~~~~~~~~~~~~~~~~~~~~
     │
     └─ test/aurora_meter/cluster_test.exs:227: AuroraMeter.ClusterTest.TimingOutStorage (module)

     warning: function put_plan_version/1 required by behaviour AuroraMeter.Storage is not implemented (in module AuroraMeter.ClusterTest.TimingOutStorage)
     │
 227 │     defmodule TimingOutStorage do
     │     ~~~~~~~~~~~~~~~~~~~~~~~~~~~~~
     │
     └─ test/aurora_meter/cluster_test.exs:227: AuroraMeter.ClusterTest.TimingOutStorage (module)

....................................................................................................................................
06:37:46.274 [error] Task #PID<0.2688.0> started from #PID<0.2687.0> terminating
** (RuntimeError) the host's handler is broken
    test/aurora_meter/credits_low_balance_test.exs:168: anonymous fn/2 in AuroraMeter.CreditsLowBalanceTest."test I11 a raising low-balance handler does not fail the ledger write"/1
    (elixir 1.20.1) lib/task/supervised.ex:105: Task.Supervised.invoke_mfa/2
    (elixir 1.20.1) lib/task/supervised.ex:40: Task.Supervised.reply/4
Function: #Function<31.131391858/0 in AuroraMeter.Credits.Ledger.supervised_handler/2>
    Args: []

06:37:46.280 [warning] AuroraMeter.Credits: the low-balance handler raised the host's handler is broken for tenant "lowbal_4105" (crossing "930cb5c3-1e39-4c92-af6f-0cf12b869cc3"). The ledger write stands and no alert was delivered; the crossing is already recorded, so no later write will re-send it. See docs/credits.md, "One alert per crossing".
..
06:37:46.553 [warning] AuroraMeter.Credits: the low-balance handler did not answer within 50ms and was killed for tenant "lowbal_4297" (crossing "01712dc6-3783-453c-b627-9e604642aae5"). The ledger write stands and no alert was delivered; the crossing is already recorded, so no later write will re-send it. See docs/credits.md, "One alert per crossing".
.............................................
06:37:48.190 [error] Postgrex.Protocol (#PID<0.395.0> ({Postgrex.Protocol, "aurora_meter_test"})) disconnected: ** (DBConnection.ConnectionError) client #PID<0.3024.0> exited
..
06:37:48.259 [error] Postgrex.Protocol (#PID<0.387.0> ({Postgrex.Protocol, "aurora_meter_test"})) disconnected: ** (DBConnection.ConnectionError) client #PID<0.3035.0> exited
..
06:37:48.334 [error] Postgrex.Protocol (#PID<0.404.0> ({Postgrex.Protocol, "aurora_meter_test"})) disconnected: ** (DBConnection.ConnectionError) client #PID<0.3049.0> exited
.....
06:37:48.488 [error] Postgrex.Protocol (#PID<0.355.0> ({Postgrex.Protocol, "aurora_meter_test"})) disconnected: ** (DBConnection.ConnectionError) client #PID<0.3075.0> exited
.................................[06b replay property] compared: 15, refused: 6, skipped: 0, reordered by seq: 0, refusals: %{reversal_took_reserved: 1, expire_reserved_grant: 1, promotional_divergence_debit: 3, promotional_divergence_settle: 1}
.......
06:37:51.305 [warning] AuroraMeter: feature :nothing is not declared on the tenant's plan (first seen from feature_value). :undeclared_feature_policy is :warn, so it is allowed; Aurora Meter 1.0 denies it. Declare it on the plan, run `mix aurora_meter.features` to find every other one, or set `config :aurora_meter, undeclared_feature_policy: :allow`.
.........................
06:37:51.837 [error] AuroraMeter flush failed; the same batch will be retried: :refused_by_test
..
06:37:52.142 [error] Handler "gauge-raiser-10627" has failed and has been detached. Class=:error
Reason=%RuntimeError{message: "handler blew up"}
Stacktrace=[
  {AuroraMeter.StoreGaugeTest,
   :"-test a raising gauge handler does not stop the Store or its timer/1-fun-0-",
   4,
   [
     file: ~c"test/aurora_meter/store_gauge_test.exs",
     line: 176,
     error_info: %{module: Exception}
   ]},
  {:telemetry, :do_execute, 4,
   [
     file: ~c"/home/liamk/src/PhxTemplates/product-workspaces/aurora_meter/deps/telemetry/src/telemetry.erl",
     line: 202
   ]},
  {AuroraMeter.Store, :gauge, 1,
   [file: ~c"lib/aurora_meter/store.ex", line: 232]},
  {AuroraMeter.Store, :handle_call, 3,
   [file: ~c"lib/aurora_meter/store.ex", line: 118]},
  {:gen_server, :try_handle_call, 4, [file: ~c"gen_server.erl", line: 2470]},
  {:gen_server, :handle_msg, 3, [file: ~c"gen_server.erl", line: 2499]},
  {:proc_lib, :init_p_do_apply, 3, [file: ~c"proc_lib.erl", line: 333]}
]

.................
06:37:52.826 [error] Handler {AuroraMeter.OpenTelemetry, :a, [:aurora_meter, :replay, :batch]} has failed and has been detached. Class=:error
Reason=%RuntimeError{
  message: "AuroraMeter.Test.RaisingTracer refuses to record aurora_meter.replay.batch"
}
Stacktrace=[
  {AuroraMeter.Test.RaisingTracer, :record_span, 5,
   [
     file: ~c"test/support/aurora_meter/test/recording_tracer.ex",
     line: 111,
     error_info: %{module: Exception}
   ]},
  {AuroraMeter.OpenTelemetry.Bridge, :on_flat, 4,
   [file: ~c"lib/aurora_meter/open_telemetry/bridge.ex", line: 233]},
  {:telemetry, :do_execute, 4,
   [
     file: ~c"/home/liamk/src/PhxTemplates/product-workspaces/aurora_meter/deps/telemetry/src/telemetry.erl",
     line: 202
   ]},
  {AuroraMeter.OpenTelemetryTest,
   :"test a handler that raises is detached by telemetry and the other handlers keep producing spans",
   1, [file: ~c"test/aurora_meter/open_telemetry_test.exs", line: 242]},
  {ExUnit.Runner, :exec_test, 2, [file: ~c"lib/ex_unit/runner.ex", line: 533]},
  {:timer, :tc, 2, [file: ~c"timer.erl", line: 599]},
  {ExUnit.Runner, :"-spawn_test_monitor/4-fun-1-", 6,
   [file: ~c"lib/ex_unit/runner.ex", line: 455]}
]

.......
06:37:53.258 [error] Postgrex.Protocol (#PID<0.368.0> ({Postgrex.Protocol, "aurora_meter_test"})) disconnected: ** (DBConnection.ConnectionError) client #PID<0.3727.0> ({AuroraMeter.EventsGateTest, :"test record_timeout a database that never answers is {:unavailable, :timeout} within the timeout, never an exit"}) timed out because it queued and checked out the connection for longer than 400ms

Client #PID<0.3727.0> ({AuroraMeter.EventsGateTest, :"test record_timeout a database that never answers is {:unavailable, :timeout} within the timeout, never an exit"}) is still using a connection from owner at location:

    (erts 17.0.1) :prim_inet.recv0/3
    (postgrex 0.22.4) lib/postgrex/protocol.ex:3296: Postgrex.Protocol.msg_recv/4
    (postgrex 0.22.4) lib/postgrex/protocol.ex:3008: Postgrex.Protocol.recv_close/3
    (postgrex 0.22.4) lib/postgrex/protocol.ex:1525: Postgrex.Protocol.close_parse_describe_flush/4
    (postgrex 0.22.4) lib/postgrex/protocol.ex:401: Postgrex.Protocol.handle_prepare/3
    (db_connection 2.10.2) lib/db_connection/holder.ex:379: DBConnection.Holder.holder_apply/4
    (db_connection 2.10.2) lib/db_connection.ex:1543: DBConnection.prepare/4
    (db_connection 2.10.2) lib/db_connection.ex:1536: DBConnection.run_prepare/4
    (db_connection 2.10.2) lib/db_connection.ex:1548: DBConnection.run_prepare_execute/5
    (db_connection 2.10.2) lib/db_connection.ex:1592: DBConnection.run/4
    (db_connection 2.10.2) lib/db_connection.ex:810: DBConnection.parsed_prepare_execute/5
    (db_connection 2.10.2) lib/db_connection.ex:802: DBConnection.prepare_execute/4
    (postgrex 0.22.4) lib/postgrex.ex:323: Postgrex.binary_query/4
    (ecto_sql 3.14.0) lib/ecto/adapters/sql.ex:628: Ecto.Adapters.SQL.query!/4
    (ecto_sql 3.14.0) lib/ecto/adapters/sql.ex:992: Ecto.Adapters.SQL.insert_all/9
    (ecto 3.14.1) lib/ecto/repo/schema.ex:86: Ecto.Repo.Schema.do_insert_all/7
    (aurora_meter 0.5.0) lib/aurora_meter/storage/ecto.ex:1171: AuroraMeter.Storage.Ecto.insert_events_returning/3
    (aurora_meter 0.5.0) lib/aurora_meter/storage/ecto.ex:1136: AuroraMeter.Storage.Ecto.in_transaction/4
    (aurora_meter 0.5.0) test/support/test_repo.ex:3: anonymous fn/1 in AuroraMeter.TestRepo.transaction/2
    (ecto 3.14.1) lib/ecto/repo/transaction.ex:11: anonymous fn/3 in Ecto.Repo.Transaction.transact/4

The connection itself was checked out by #PID<0.3727.0> ({AuroraMeter.EventsGateTest, :"test record_timeout a database that never answers is {:unavailable, :timeout} within the timeout, never an exit"}) at location:

    (aurora_meter 0.5.0) lib/aurora_meter/storage/ecto.ex:1832: AuroraMeter.Storage.Ecto.guarded/1
    (aurora_meter 0.5.0) lib/aurora_meter/events.ex:368: AuroraMeter.Events.admit/1
    (aurora_meter 0.5.0) lib/aurora_meter/events.ex:195: anonymous fn/4 in AuroraMeter.Events.record/4
    (aurora_meter 0.5.0) lib/aurora_meter/events.ex:329: anonymous fn/2 in AuroraMeter.Events.span/2
    (telemetry 1.4.2) /home/liamk/src/PhxTemplates/product-workspaces/aurora_meter/deps/telemetry/src/telemetry.erl:359: :telemetry.span/3
    test/aurora_meter/events_gate_test.exs:225: anonymous fn/1 in AuroraMeter.EventsGateTest."test record_timeout a database that never answers is {:unavailable, :timeout} within the timeout, never an exit"/1
    (aurora_meter 0.5.0) test/support/aurora_meter/test/config.ex:48: AuroraMeter.Test.Config.with_config/2
    test/aurora_meter/events_gate_test.exs:221: AuroraMeter.EventsGateTest."test record_timeout a database that never answers is {:unavailable, :timeout} within the timeout, never an exit"/1
    (ex_unit 1.20.1) lib/ex_unit/runner.ex:533: ExUnit.Runner.exec_test/2
    (stdlib 8.0) timer.erl:599: :timer.tc/2
    (ex_unit 1.20.1) lib/ex_unit/runner.ex:455: anonymous fn/6 in ExUnit.Runner.spawn_test_monitor/4


...........................................................
06:37:53.347 [warning] AuroraMeter: feature :nowhere is not declared on the tenant's plan (first seen from remaining). :undeclared_feature_policy is :warn, so it is allowed; Aurora Meter 1.0 denies it. Declare it on the plan, run `mix aurora_meter.features` to find every other one, or set `config :aurora_meter, undeclared_feature_policy: :allow`.
...................
06:37:53.397 [warning] AuroraMeter: feature :elsewhere is not declared on the tenant's plan (first seen from entitled?). :undeclared_feature_policy is :warn, so it is allowed; Aurora Meter 1.0 denies it. Declare it on the plan, run `mix aurora_meter.features` to find every other one, or set `config :aurora_meter, undeclared_feature_policy: :allow`.
........................................................
06:37:53.553 [warning] AuroraMeter: feature :nowhere is not declared on the tenant's plan (first seen from allowed?). :undeclared_feature_policy is :warn, so it is allowed; Aurora Meter 1.0 denies it. Declare it on the plan, run `mix aurora_meter.features` to find every other one, or set `config :aurora_meter, undeclared_feature_policy: :allow`.
..................
06:37:53.597 [warning] AuroraMeter: feature :nowhere is not declared on the tenant's plan (first seen from with_quota). :undeclared_feature_policy is :warn, so it is allowed; Aurora Meter 1.0 denies it. Declare it on the plan, run `mix aurora_meter.features` to find every other one, or set `config :aurora_meter, undeclared_feature_policy: :allow`.
..................................
06:37:53.686 [warning] AuroraMeter: feature :elsewhere is not declared on the tenant's plan (first seen from allowed?). :undeclared_feature_policy is :warn, so it is allowed; Aurora Meter 1.0 denies it. Declare it on the plan, run `mix aurora_meter.features` to find every other one, or set `config :aurora_meter, undeclared_feature_policy: :allow`.
.........................................................................................................................................................
06:37:54.404 [warning] AuroraMeter: feature :elsewhere is not declared on the tenant's plan (first seen from feature_value). :undeclared_feature_policy is :warn, so it is allowed; Aurora Meter 1.0 denies it. Declare it on the plan, run `mix aurora_meter.features` to find every other one, or set `config :aurora_meter, undeclared_feature_policy: :allow`.
.............
06:37:54.448 [error] AuroraMeter: the in-memory projection of event "no-period" failed (AuroraMeter.Test.PeriodSources.FutureWindow returned a period that does not contain the instant asked about. An AuroraMeter period is a half-open UTC interval [start, end): start belongs to the period, end does not, and the interval must contain the instant it is resolved for. reason=:not_containing tenant_key="attr_18051" instant=~U[2026-09-16 20:37:54.448724Z] period=%{start: ~U[2026-10-02 00:00:00Z], end: ~U[2026-11-02 00:00:00Z], source: :calendar}). The event is committed and AuroraMeter.Events.total/3 is authoritative; the in-memory value corrects itself on the next cold read.
....................
06:37:55.311 [warning] AuroraMeter.Credits.Promotions: an expire entry for grant "ecc8dd71-c2b8-4365-92cc-5feb2ca942d3" was folded before the grant itself, which means this wallet holds rows whose `seq` is not their insertion order (pre-version-9 rows, finding X244). Attributing it by the ordinary spend order instead.
...
06:37:55.684 [warning] AuroraMeter.Credits.expire_due/2: expiring grant "63a6b88a-db20-4582-bcbb-85b9095bae9f" failed with ** (AuroraMeter.Test.Faults.Injected) injected fault at :before_commit (label: :expire_one_grant) context: %{kind: :read, schema: AuroraMeter.Schema.CreditTransaction, statement: :transaction_insert, repo_fun: :one!}
    (aurora_meter 0.5.0) test/support/aurora_meter/test/faults.ex:368: AuroraMeter.Test.Faults.fire/6
    (aurora_meter 0.5.0) test/support/aurora_meter/test/fault_repo.ex:336: AuroraMeter.Test.FaultRepo.guard/4
    (aurora_meter 0.5.0) lib/aurora_meter/credits/ledger.ex:845: AuroraMeter.Credits.Ledger.expire_grant_locked/4
    (aurora_meter 0.5.0) lib/aurora_meter/credits/ledger.ex:983: anonymous fn/2 in AuroraMeter.Credits.Ledger.transact_outcome/1
    (aurora_meter 0.5.0) test/support/test_repo.ex:3: anonymous fn/1 in AuroraMeter.TestRepo.transaction/2
    (ecto 3.14.1) lib/ecto/repo/transaction.ex:11: anonymous fn/3 in Ecto.Repo.Transaction.transact/4
    (ecto_sql 3.14.0) lib/ecto/adapters/sql.ex:1481: anonymous fn/3 in Ecto.Adapters.SQL.checkout_or_transaction/4
    (db_connection 2.10.2) lib/db_connection.ex:1760: DBConnection.run_transaction/5
    (aurora_meter 0.5.0) test/support/aurora_meter/test/fault_repo.ex:70: AuroraMeter.Test.FaultRepo.transaction/1
    (aurora_meter 0.5.0) lib/aurora_meter/credits/ledger.ex:983: AuroraMeter.Credits.Ledger.transact_outcome/1
    (aurora_meter 0.5.0) lib/aurora_meter/credits/ledger.ex:949: AuroraMeter.Credits.Ledger.transact/1
    (aurora_meter 0.5.0) lib/aurora_meter/credits/ledger.ex:786: AuroraMeter.Credits.Ledger.attempt_expiry/2
    (aurora_meter 0.5.0) lib/aurora_meter/credits/ledger.ex:626: anonymous fn/3 in AuroraMeter.Credits.Ledger.expire_due/2
    (elixir 1.20.1) lib/enum.ex:2622: Enum."-reduce/3-lists^foldl/2-0-"/3
    (aurora_meter 0.5.0) lib/aurora_meter/credits/ledger.ex:623: AuroraMeter.Credits.Ledger.expire_due/2
    (aurora_meter 0.5.0) lib/aurora_meter/oban/credit_expiry.ex:125: AuroraMeter.Oban.CreditExpiry.batch/2
    (aurora_meter 0.5.0) lib/aurora_meter/operations.ex:262: AuroraMeter.Operations.run_one/1
    (aurora_meter 0.5.0) lib/aurora_meter/oban/credit_expiry.ex:106: AuroraMeter.Oban.CreditExpiry.perform/1
    test/aurora_meter/oban_job_controls_test.exs:346: anonymous fn/1 in AuroraMeter.ObanJobControlsTest."test I16 CreditExpiry counts a grant whose transaction raises, advances past it, and expires the rest"/1
    (aurora_meter 0.5.0) test/support/aurora_meter/test/config.ex:48: AuroraMeter.Test.Config.with_config/2
 The run continues; the grant is examined again next run.
............................
06:37:56.789 [error] AuroraMeter: publishing event "pubsub-down" failed (unknown registry: :no_such_pubsub_server. Either the registry name is invalid or the registry is not running, possibly because its application isn't started). The event is committed; consumers recover from AuroraMeter.Events.total/3.
....
06:37:56.910 [error] AuroraMeter: the in-memory projection of event "projection-down" failed (AuroraMeter.Test.PeriodSources.FutureWindow returned a period that does not contain the instant asked about. An AuroraMeter period is a half-open UTC interval [start, end): start belongs to the period, end does not, and the interval must contain the instant it is resolved for. reason=:not_containing tenant_key="projection_16132" instant=~U[2026-09-16 20:37:56.910595Z] period=%{start: ~U[2026-10-02 00:00:00Z], end: ~U[2026-11-02 00:00:00Z], source: :calendar}). The event is committed and AuroraMeter.Events.total/3 is authoritative; the in-memory value corrects itself on the next cold read.
....................
06:37:57.423 [error] AuroraMeter flush failed; the same batch will be retried: "injected fault at :before_commit (label: :span_raise) context: %{counters: 1, callback: :flush_batch, history: 0, batch_id: \"1e021662-cae3-4249-b692-5421208c7fbd\"}"
.
06:37:57.628 [error] AuroraMeter flush failed; the same batch will be retried: :refused_by_test
............................
06:37:57.872 [warning] AuroraMeter: feature :nothing is not declared on the tenant's plan (first seen from quota). :undeclared_feature_policy is :warn, so it is allowed; Aurora Meter 1.0 denies it. Declare it on the plan, run `mix aurora_meter.features` to find every other one, or set `config :aurora_meter, undeclared_feature_policy: :allow`.
.................................................................................................
06:38:04.751 [warning] AuroraMeter.Credits.LotMigration: "lotmig_41090" raised ** (AuroraMeter.Test.Faults.Injected) injected fault at :before_commit (label: nil) context: %{kind: :write, schema: AuroraMeter.Schema.CreditBalance, statement: :balance_update, repo_fun: :update!}
    (aurora_meter 0.5.0) test/support/aurora_meter/test/faults.ex:368: AuroraMeter.Test.Faults.fire/6
    (aurora_meter 0.5.0) test/support/aurora_meter/test/fault_repo.ex:336: AuroraMeter.Test.FaultRepo.guard/4
    (aurora_meter 0.5.0) lib/aurora_meter/credits/lot_migration.ex:656: AuroraMeter.Credits.LotMigration.write!/3
    (aurora_meter 0.5.0) lib/aurora_meter/credits/lot_migration.ex:590: AuroraMeter.Credits.LotMigration.reconciled/6
    (aurora_meter 0.5.0) test/support/test_repo.ex:3: anonymous fn/1 in AuroraMeter.TestRepo.transaction/2
    (ecto 3.14.1) lib/ecto/repo/transaction.ex:11: anonymous fn/3 in Ecto.Repo.Transaction.transact/4
    (ecto_sql 3.14.0) lib/ecto/adapters/sql.ex:1481: anonymous fn/3 in Ecto.Adapters.SQL.checkout_or_transaction/4
    (db_connection 2.10.2) lib/db_connection.ex:1760: DBConnection.run_transaction/5
    (aurora_meter 0.5.0) test/support/aurora_meter/test/fault_repo.ex:70: AuroraMeter.Test.FaultRepo.transaction/1
    (aurora_meter 0.5.0) lib/aurora_meter/credits/lot_migration.ex:544: AuroraMeter.Credits.LotMigration.lock_phase/5
    (aurora_meter 0.5.0) lib/aurora_meter/credits/lot_migration.ex:502: AuroraMeter.Credits.LotMigration.guarded/5
    (aurora_meter 0.5.0) lib/aurora_meter/credits/lot_migration.ex:450: AuroraMeter.Credits.LotMigration.wallet/3
    (aurora_meter 0.5.0) lib/aurora_meter/credits/lot_migration.ex:390: AuroraMeter.Credits.LotMigration.step_wallet/4
    (aurora_meter 0.5.0) lib/aurora_meter/credits/lot_migration.ex:379: anonymous fn/4 in AuroraMeter.Credits.LotMigration.execute/3
    (elixir 1.20.1) lib/enum.ex:2622: Enum."-reduce/3-lists^foldl/2-0-"/3
    (aurora_meter 0.5.0) lib/aurora_meter/credits/lot_migration.ex:377: AuroraMeter.Credits.LotMigration.execute/3
    (aurora_meter 0.5.0) lib/aurora_meter/credits/lot_migration.ex:314: AuroraMeter.Credits.LotMigration.run/1
    test/aurora_meter/credits_lot_migration_test.exs:652: AuroraMeter.CreditsLotMigrationTest."test LI-06b-4 a write that fails inside the cutover leaves the wallet entirely untouched"/1
    (ex_unit 1.20.1) lib/ex_unit/runner.ex:533: ExUnit.Runner.exec_test/2
    (stdlib 8.0) timer.erl:599: :timer.tc/2
 The wallet is untouched and reported blocked; the run continues.
...................aurora_meter.credits.migrate_lots:
  wallets        2
  migrated       1
  blocked        1
  deferred       0
  skipped        0
  rows           4
  lots           1
  allocations    1
  lock ms max    2
  duration ms    5

blocked wallets:
  org_2  reversal_unattributed %{}

1 wallets are now owned by the allocator. Every node must already be on a release that honours `lots_enabled_at`: an older image ignores the column and would write legacy arithmetic over the lots, which the next conservation check would refuse.
aurora_meter.credits.migrate_lots:
  wallets        2
  migrated       1
  blocked        0
  deferred       0
  skipped        0
  rows           4
  lots           1
  allocations    1
  lock ms max    2
  duration ms    5

blocked wallets:
  org_2  reversal_unattributed %{}

1 wallets are now owned by the allocator. Every node must already be on a release that honours `lots_enabled_at`: an older image ignores the column and would write legacy arithmetic over the lots, which the next conservation check would refuse.
aurora_meter.credits.migrate_lots will not cut a wallet over yet.

the lot-aware refund path

Nothing was read and nothing was written. Run it without --no-shadow to
take the whole replay and reconciliation now; the cutover is a separate
decision and it needs the lot-aware refund path first (X250).

......
06:38:05.833 [error] AuroraMeter flush failed; the same batch will be retried: "injected fault at :before_commit (label: :counter_upsert) context: %{kind: :write, schema: AuroraMeter.Schema.Counter, statement: :counter_upsert, repo_fun: :insert_all}"
.
06:38:05.872 [error] AuroraMeter flush failed; the same batch will be retried: "injected fault at :before_commit (label: :receipt_insert) context: %{kind: :write, schema: AuroraMeter.Schema.FlushReceipt, statement: :receipt_insert, repo_fun: :insert_all}"
.
06:38:05.915 [error] AuroraMeter flush failed; the same batch will be retried: "injected fault at :before_commit (label: :history_upsert) context: %{kind: :write, schema: AuroraMeter.Schema.History, statement: :history_upsert, repo_fun: :insert_all}"
.
06:38:05.960 [error] AuroraMeter flush failed; the same batch will be retried: "injected fault at :before_commit (label: :counter_upsert) context: %{kind: :write, schema: AuroraMeter.Schema.Counter, statement: :counter_upsert, repo_fun: :insert_all}"
...............................................................................................................................................
06:38:14.112 [error] AuroraMeter: the in-memory projection of event "base" failed (AuroraMeter.Test.PeriodSources.FutureWindow returned a period that does not contain the instant asked about. An AuroraMeter period is a half-open UTC interval [start, end): start belongs to the period, end does not, and the interval must contain the instant it is resolved for. reason=:not_containing tenant_key="replace_638402" instant=~U[2026-09-16 20:38:14.112864Z] period=%{start: ~U[2026-10-02 00:00:00Z], end: ~U[2026-11-02 00:00:00Z], source: :calendar}). The event is committed and AuroraMeter.Events.total/3 is authoritative; the in-memory value corrects itself on the next cold read.

06:38:14.117 [error] AuroraMeter: the in-memory projection of event "fix" failed (AuroraMeter.Test.PeriodSources.FutureWindow returned a period that does not contain the instant asked about. An AuroraMeter period is a half-open UTC interval [start, end): start belongs to the period, end does not, and the interval must contain the instant it is resolved for. reason=:not_containing tenant_key="replace_638402" instant=~U[2026-09-16 20:38:14.117628Z] period=%{start: ~U[2026-10-02 00:00:00Z], end: ~U[2026-11-02 00:00:00Z], source: :calendar}). The event is committed and AuroraMeter.Events.total/3 is authoritative; the in-memory value corrects itself on the next cold read.

06:38:14.117 [error] AuroraMeter: the in-memory projection of event "fix~r" failed (AuroraMeter.Test.PeriodSources.FutureWindow returned a period that does not contain the instant asked about. An AuroraMeter period is a half-open UTC interval [start, end): start belongs to the period, end does not, and the interval must contain the instant it is resolved for. reason=:not_containing tenant_key="replace_638402" instant=~U[2026-09-16 20:38:14.117740Z] period=%{start: ~U[2026-10-02 00:00:00Z], end: ~U[2026-11-02 00:00:00Z], source: :calendar}). The event is committed and AuroraMeter.Events.total/3 is authoritative; the in-memory value corrects itself on the next cold read.
........................
06:38:14.271 [error] AuroraMeter: the in-memory projection of event "ineligible" failed (AuroraMeter.Test.PeriodSources.FutureWindow returned a period that does not contain the instant asked about. An AuroraMeter period is a half-open UTC interval [start, end): start belongs to the period, end does not, and the interval must contain the instant it is resolved for. reason=:not_containing tenant_key="record_18629" instant=~U[2026-09-16 20:38:14.271062Z] period=%{start: ~U[2026-10-02 00:00:00Z], end: ~U[2026-11-02 00:00:00Z], source: :calendar}). The event is committed and AuroraMeter.Events.total/3 is authoritative; the in-memory value corrects itself on the next cold read.
.......
06:38:14.292 [error] AuroraMeter: the in-memory projection of event "unresolved" failed (AuroraMeter.Test.PeriodSources.FutureWindow returned a period that does not contain the instant asked about. An AuroraMeter period is a half-open UTC interval [start, end): start belongs to the period, end does not, and the interval must contain the instant it is resolved for. reason=:not_containing tenant_key="record_33987" instant=~U[2026-09-16 20:38:14.292846Z] period=%{start: ~U[2026-10-02 00:00:00Z], end: ~U[2026-11-02 00:00:00Z], source: :calendar}). The event is committed and AuroraMeter.Events.total/3 is authoritative; the in-memory value corrects itself on the next cold read.
......
06:38:14.310 [warning] AuroraMeter.Tenant.Default.to_key/1 returned an empty tenant key. Every tenant it cannot resolve then shares one set of counters. Return a non-empty String.t(), or refuse the term. This version keeps the old behaviour and warns once per node; Aurora Meter 1.0 raises. See the AuroraMeter.Tenant documentation.
..
06:38:14.317 [warning] AuroraMeter: feature :requests is not declared on the tenant's plan (first seen from record). :undeclared_feature_policy is :warn, so it is allowed; Aurora Meter 1.0 denies it. Declare it on the plan, run `mix aurora_meter.features` to find every other one, or set `config :aurora_meter, undeclared_feature_policy: :allow`.
..........................................
06:38:15.337 [error] Postgrex.Protocol (#PID<0.377.0> ({Postgrex.Protocol, "aurora_meter_test"})) disconnected: ** (DBConnection.ConnectionError) client #PID<0.8190.0> exited
..........................................................................................
06:38:30.150 [error] AuroraMeter flush failed; the same batch will be retried: "injected fault at :after_commit_before_ack (label: :foreign_write_then_raise) context: %{callback: :flush_batch, result: {:ok, %{counters: [%{value: 5, feature: \"ops\", tenant_key: \"org_45379\", period_start: ~U[2026-09-01 00:00:00Z]}], history: [%{value: 5, date: ~D[2026-09-16], feature: \"ops\", tenant_key: \"org_45379\"}]}}, batch_id: \"772c02f1-0b3d-4a4c-bc04-adea31510a20\"}"
......
06:38:30.177 [error] AuroraMeter flush failed; the same batch will be retried: "injected fault at :before_commit (label: :heartbeat_pending_case) context: %{counters: 1, callback: :flush_batch, history: 1, batch_id: \"fcae4732-0bd6-4f38-81e8-542a95cbec09\"}"
......
06:40:30.257 [error] Postgrex.Protocol (#PID<0.383.0> ({Postgrex.Protocol, "aurora_meter_test"})) disconnected: ** (DBConnection.ConnectionError) owner #PID<0.9371.0> ({:sql_sandbox_owner, %{started_by: #PID<0.9370.0>}}) timed out because it owned the connection for longer than 120000ms (set via the :ownership_timeout option)

[clock control] 150s, 24 loaders, 117077756 samples: Clock.now/0 backwards=0 worst=0.0s; DateTime.utc_now/0 backwards=0 worst=0.0s
................................................................................................
06:41:09.147 [warning] AuroraMeter.Credits.Recurrences: the period source could not place "recurboom_50819" for :monthly (:period_source_error). The tenant is skipped and the run continues; nothing is granted for it until the source is fixed. this period source cannot place recurboom_50819
..........................................
06:41:09.998 [warning] config :aurora_meter, durable_features: [:ai_generations] is deprecated. It still works, and will keep working until 2.0. Aurora Meter 1.0 replaces it with `feature_sources`, which says where each feature's commercial quantity comes from instead of bolting an event row onto a buffered count, and with `AuroraMeter.record/4` for usage that must not be lost. Nothing to do today: see docs/upgrading-to-1.0.md before you upgrade to 1.0.
...............................
06:41:12.621 [error] AuroraMeter: the in-memory projection of event "base" failed (AuroraMeter.Test.PeriodSources.FutureWindow returned a period that does not contain the instant asked about. An AuroraMeter period is a half-open UTC interval [start, end): start belongs to the period, end does not, and the interval must contain the instant it is resolved for. reason=:not_containing tenant_key="correct_21188" instant=~U[2026-09-16 20:41:12.621412Z] period=%{start: ~U[2026-10-02 00:00:00Z], end: ~U[2026-11-02 00:00:00Z], source: :calendar}). The event is committed and AuroraMeter.Events.total/3 is authoritative; the in-memory value corrects itself on the next cold read.

06:41:12.624 [error] AuroraMeter: the in-memory projection of event "fix" failed (AuroraMeter.Test.PeriodSources.FutureWindow returned a period that does not contain the instant asked about. An AuroraMeter period is a half-open UTC interval [start, end): start belongs to the period, end does not, and the interval must contain the instant it is resolved for. reason=:not_containing tenant_key="correct_21188" instant=~U[2026-09-16 20:41:12.624559Z] period=%{start: ~U[2026-10-02 00:00:00Z], end: ~U[2026-11-02 00:00:00Z], source: :calendar}). The event is committed and AuroraMeter.Events.total/3 is authoritative; the in-memory value corrects itself on the next cold read.
.................................
06:41:13.338 [error] AuroraMeter flush failed; the same batch will be retried: "injected fault at :after_commit_before_ack (label: :lost_acknowledgement) context: %{callback: :flush_batch, result: {:ok, %{counters: [%{value: 5, feature: \"ops\", tenant_key: \"flush_batch_6539\", period_start: ~U[2026-09-01 00:00:00Z]}], history: [%{value: 5, date: ~D[2026-09-16], feature: \"ops\", tenant_key: \"flush_batch_6539\"}]}}, batch_id: \"0951f8a4-aaac-4b3b-9aa2-b3fa1a8bc8aa\"}"
...............................
06:41:15.267 [warning] AuroraMeter: feature :requests is not declared on the tenant's plan (first seen from record_batch). :undeclared_feature_policy is :warn, so it is allowed; Aurora Meter 1.0 denies it. Declare it on the plan, run `mix aurora_meter.features` to find every other one, or set `config :aurora_meter, undeclared_feature_policy: :allow`.

06:41:15.267 [warning] AuroraMeter: feature :requests is not declared on the tenant's plan (first seen from record_batch). :undeclared_feature_policy is :warn, so it is allowed; Aurora Meter 1.0 denies it. Declare it on the plan, run `mix aurora_meter.features` to find every other one, or set `config :aurora_meter, undeclared_feature_policy: :allow`.
....................................
06:41:26.183 [error] Postgrex.Protocol (#PID<0.365.0> ({Postgrex.Protocol, "aurora_meter_test"})) disconnected: ** (DBConnection.ConnectionError) client #PID<0.12181.0> exited
.
06:41:27.397 [error] Postgrex.Protocol (#PID<0.405.0> ({Postgrex.Protocol, "aurora_meter_test"})) disconnected: ** (DBConnection.ConnectionError) client #PID<0.12190.0> exited
...
[07b] twelve schedules of one ref: %{scheduled: 1, idempotent: 11} rows=1
...
06:41:29.409 [error] Postgrex.Protocol (#PID<0.363.0> ({Postgrex.Protocol, "aurora_meter_test"})) disconnected: ** (DBConnection.ConnectionError) client #PID<0.12376.0> exited
..
[07b] cache staleness after a kill: ttl=5000ms window_from_warm=5000ms window_from_kill=4995ms
.
[07b] twelve appliers of one due transition: applied=1 skipped=11 row_lock_waiters=12
...........................................................
06:41:34.945 [warning] AuroraMeter: feature :nothing_declared is not declared on the tenant's plan (first seen from feature_value). :undeclared_feature_policy is :warn, so it is allowed; Aurora Meter 1.0 denies it. Declare it on the plan, run `mix aurora_meter.features` to find every other one, or set `config :aurora_meter, undeclared_feature_policy: :allow`.
.........
06:41:34.974 [warning] AuroraMeter: feature :some_new_thing is not declared on the tenant's plan (first seen from check). :undeclared_feature_policy is :warn, so it is allowed; Aurora Meter 1.0 denies it. Declare it on the plan, run `mix aurora_meter.features` to find every other one, or set `config :aurora_meter, undeclared_feature_policy: :allow`.
...
06:41:34.990 [warning] AuroraMeter.Retention.forget_node/1 removed the flush heartbeat for "node_b".

It read: state="pending" updated_at=~U[2026-09-16 20:41:34.988625Z] cursor=%{"batch_id" => "1026e8a0-d219-480d-99ee-9fb34723882c", "pending_since" => "2026-07-17T20:41:34.988347Z", "version" => "0.5.0"}

That node no longer blocks a flush-receipt prune. If it is still alive and still holding a pending batch, and it later retries that batch after its receipt has been pruned, the batch's usage is counted twice (invariant I01).


06:41:34.992 [warning] AuroraMeter.Retention.forget_node/1 removed the flush heartbeat for "node_c".

It read: state="pending" updated_at=~U[2026-09-16 20:41:34.989004Z] cursor=%{"batch_id" => "12233753-0556-4629-bf06-691a6f58f546", "pending_since" => "2026-07-17T20:41:34.988704Z", "version" => "0.5.0"}

That node no longer blocks a flush-receipt prune. If it is still alive and still holding a pending batch, and it later retries that batch after its receipt has been pruned, the batch's usage is counted twice (invariant I01).

....................
06:41:35.124 [warning] AuroraMeter.Retention: a flush heartbeat is filed under "nonode@nohost", which is what every unnamed VM calls itself. If more than one node shares this database, they share this one row and it cannot tell one node from ten. Set :flush_node_id per node, or start the VMs with names.

06:41:35.127 [warning] AuroraMeter.Retention.forget_node/1 removed the flush heartbeat for "app@10.0.1.7".

It read: state="idle" updated_at=~U[2026-09-16 20:41:35.126866Z] cursor=%{"version" => "0.5.0"}

That node no longer blocks a flush-receipt prune. If it is still alive and still holding a pending batch, and it later retries that batch after its receipt has been pruned, the batch's usage is counted twice (invariant I01).

.........................................................................................[06a cross-oracle] compared: 9, diverged: 3
.
06:41:45.957 [error] Postgrex.Protocol (#PID<0.399.0> ({Postgrex.Protocol, "aurora_meter_test"})) disconnected: ** (DBConnection.ConnectionError) client #PID<0.13193.0> exited
......................................................................................
Finished in 253.4 seconds (5.5s async, 247.9s sync)

Result: 2065 passed (80 doctests, 22 properties, 1963 tests), 8 excluded
test exit=0
################ mix.lock sha256 after:  d55a81fb21194ad5fb797dd458fe47fcca737a2e4542af4297a55e215d0c7cc0
mix.lock UNCHANGED
################ leg=plug_only compile=0 test=0 UTC 2026-09-16T20:41:48Z
[mixlane] core exit=0 started=2026-09-16T20:37:30Z finished=2026-09-16T20:41:48Z
