started_utc=2026-09-15T14:10:09Z
Compiling 96 files (.ex)
Generated aurora_meter app
Checking 192 source files (this might take a while) ...

Please report incorrect results: https://github.com/rrrene/credo/issues

Analysis took 1.3 seconds (0.06s to load, 1.3s running 69 checks on 192 files)
2871 mods/funs, found no issues.

Use `mix credo explain` to explain issues, `mix credo --help` for options.
Finding suitable PLTs
Checking PLT...
[:asn1, :aurora_meter, :compiler, :crypto, :db_connection, :decimal, :ecto, :ecto_sql, :eex, :elixir, :ex_ast, :ex_unit, :finch, :floki, :glob_ex, :hpax, :igniter, :inets, :jason, :kernel, :logger, :mime, :mint, :mix, :nimble_options, :nimble_pool, :oban, :owl, :phoenix, :phoenix_html, :phoenix_live_view, :phoenix_pubsub, :phoenix_template, :phx_new, :plug, :plug_crypto, :postgrex, :public_key, :req, :rewrite, :sourceror, :spitfire, :ssl, :stdlib, :stream_data, :telemetry, :text_diff, :websock, :websock_adapter]
PLT is up to date!
No :ignore_warnings opt specified in mix.exs and default does not exist.

Starting Dialyzer
[
  check_plt: false,
  init_plt: ~c"priv/plts/dialyxir_erlang-29.0.1_elixir-1.20.1_deps-test.plt",
  files: [~c"/home/liamk/src/PhxTemplates/product-workspaces/aurora_meter/_build/test/lib/aurora_meter/ebin/Elixir.AuroraMeter.Events.Gate.beam",
   ~c"/home/liamk/src/PhxTemplates/product-workspaces/aurora_meter/_build/test/lib/aurora_meter/ebin/Elixir.AuroraMeter.Clock.beam",
   ~c"/home/liamk/src/PhxTemplates/product-workspaces/aurora_meter/_build/test/lib/aurora_meter/ebin/Elixir.AuroraMeter.Test.UnresolvedStorage.beam",
   ~c"/home/liamk/src/PhxTemplates/product-workspaces/aurora_meter/_build/test/lib/aurora_meter/ebin/Elixir.AuroraMeter.Test.PeriodSources.FutureWindow.beam",
   ~c"/home/liamk/src/PhxTemplates/product-workspaces/aurora_meter/_build/test/lib/aurora_meter/ebin/Elixir.AuroraMeter.Schema.CreditAllocation.beam",
   ...],
  ...
]
Total errors: 0, Skipped: 0, Unnecessary Skips: 0
done in 0m4.04s
done (passed successfully)
Running ExUnit with seed: 125786, max_cases: 48
Excluding tags: [:headless]

.......................................................................................................................................................................................................................................................................................................................................
00:10:30.678 [error] Postgrex.Protocol (#PID<0.19597.0> ({Postgrex.Protocol, "aurora_meter_test"})) disconnected: ** (DBConnection.ConnectionError) client #PID<0.21471.0> ({AuroraMeter.EventsGateTest, :"test record_timeout a database that never answers is {:unavailable, :timeout} within the timeout, never an exit"}) timed out because it queued and checked out the connection for longer than 400ms

Client #PID<0.21471.0> ({AuroraMeter.EventsGateTest, :"test record_timeout a database that never answers is {:unavailable, :timeout} within the timeout, never an exit"}) is still using a connection from owner at location:

    (erts 17.0.1) :prim_inet.recv0/3
    (postgrex 0.22.4) lib/postgrex/protocol.ex:3296: Postgrex.Protocol.msg_recv/4
    (postgrex 0.22.4) lib/postgrex/protocol.ex:3008: Postgrex.Protocol.recv_close/3
    (postgrex 0.22.4) lib/postgrex/protocol.ex:1525: Postgrex.Protocol.close_parse_describe_flush/4
    (postgrex 0.22.4) lib/postgrex/protocol.ex:401: Postgrex.Protocol.handle_prepare/3
    (db_connection 2.10.2) lib/db_connection/holder.ex:379: DBConnection.Holder.holder_apply/4
    (db_connection 2.10.2) lib/db_connection.ex:1543: DBConnection.prepare/4
    (db_connection 2.10.2) lib/db_connection.ex:1536: DBConnection.run_prepare/4
    (db_connection 2.10.2) lib/db_connection.ex:1548: DBConnection.run_prepare_execute/5
    (db_connection 2.10.2) lib/db_connection.ex:1592: DBConnection.run/4
    (db_connection 2.10.2) lib/db_connection.ex:810: DBConnection.parsed_prepare_execute/5
    (db_connection 2.10.2) lib/db_connection.ex:802: DBConnection.prepare_execute/4
    (postgrex 0.22.4) lib/postgrex.ex:323: Postgrex.binary_query/4
    (ecto_sql 3.14.0) lib/ecto/adapters/sql.ex:628: Ecto.Adapters.SQL.query!/4
    (ecto_sql 3.14.0) lib/ecto/adapters/sql.ex:992: Ecto.Adapters.SQL.insert_all/9
    (ecto 3.14.1) lib/ecto/repo/schema.ex:86: Ecto.Repo.Schema.do_insert_all/7
    (aurora_meter 0.5.0) lib/aurora_meter/storage/ecto.ex:921: AuroraMeter.Storage.Ecto.insert_events_returning/3
    (aurora_meter 0.5.0) lib/aurora_meter/storage/ecto.ex:886: AuroraMeter.Storage.Ecto.in_transaction/4
    (aurora_meter 0.5.0) test/support/test_repo.ex:3: anonymous fn/1 in AuroraMeter.TestRepo.transaction/2
    (ecto 3.14.1) lib/ecto/repo/transaction.ex:11: anonymous fn/3 in Ecto.Repo.Transaction.transact/4

The connection itself was checked out by #PID<0.21471.0> ({AuroraMeter.EventsGateTest, :"test record_timeout a database that never answers is {:unavailable, :timeout} within the timeout, never an exit"}) at location:

    (aurora_meter 0.5.0) lib/aurora_meter/storage/ecto.ex:1563: AuroraMeter.Storage.Ecto.guarded/1
    (aurora_meter 0.5.0) lib/aurora_meter/events.ex:367: AuroraMeter.Events.admit/1
    (aurora_meter 0.5.0) lib/aurora_meter/events.ex:194: anonymous fn/4 in AuroraMeter.Events.record/4
    (aurora_meter 0.5.0) lib/aurora_meter/events.ex:328: anonymous fn/2 in AuroraMeter.Events.span/2
    (telemetry 1.4.2) /home/liamk/src/PhxTemplates/product-workspaces/aurora_meter/deps/telemetry/src/telemetry.erl:359: :telemetry.span/3
    test/aurora_meter/events_gate_test.exs:225: anonymous fn/1 in AuroraMeter.EventsGateTest."test record_timeout a database that never answers is {:unavailable, :timeout} within the timeout, never an exit"/1
    (aurora_meter 0.5.0) test/support/aurora_meter/test/config.ex:48: AuroraMeter.Test.Config.with_config/2
    test/aurora_meter/events_gate_test.exs:221: AuroraMeter.EventsGateTest."test record_timeout a database that never answers is {:unavailable, :timeout} within the timeout, never an exit"/1
    (ex_unit 1.20.1) lib/ex_unit/runner.ex:533: ExUnit.Runner.exec_test/2
    (stdlib 8.0) timer.erl:599: :timer.tc/2
    (ex_unit 1.20.1) lib/ex_unit/runner.ex:455: anonymous fn/6 in ExUnit.Runner.spawn_test_monitor/4


............
00:10:30.734 [error] AuroraMeter flush failed; the same batch will be retried: "injected fault at :after_commit_before_ack (label: :foreign_write_then_raise) context: %{callback: :flush_batch, result: {:ok, %{counters: [%{value: 5, feature: \"ops\", tenant_key: \"org_19915\", period_start: ~U[2026-09-01 00:00:00Z]}], history: [%{value: 5, date: ~D[2026-09-15], feature: \"ops\", tenant_key: \"org_19915\"}]}}, batch_id: \"ea9b2e53-fd34-4072-9134-005dd53c5ea3\"}"
.......
00:10:30.825 [error] AuroraMeter flush failed; the same batch will be retried: "injected fault at :before_commit (label: :heartbeat_pending_case) context: %{counters: 1, callback: :flush_batch, history: 1, batch_id: \"c0c6d1ca-fb18-43be-8bcf-e310b6856e26\"}"
.
00:10:30.844 [error] Postgrex.Protocol (#PID<0.19616.0> ({Postgrex.Protocol, "aurora_meter_test"})) disconnected: ** (DBConnection.ConnectionError) client #PID<0.21608.0> exited
...
00:10:30.952 [error] Postgrex.Protocol (#PID<0.19611.0> ({Postgrex.Protocol, "aurora_meter_test"})) disconnected: ** (DBConnection.ConnectionError) client #PID<0.21626.0> exited
...
00:10:31.052 [error] Postgrex.Protocol (#PID<0.19614.0> ({Postgrex.Protocol, "aurora_meter_test"})) disconnected: ** (DBConnection.ConnectionError) client #PID<0.21644.0> exited
..
00:10:31.110 [error] Postgrex.Protocol (#PID<0.19584.0> ({Postgrex.Protocol, "aurora_meter_test"})) disconnected: ** (DBConnection.ConnectionError) client #PID<0.21655.0> exited
...................................
00:10:31.380 [error] AuroraMeter flush failed; the same batch will be retried: "injected fault at :before_commit (label: :counter_upsert) context: %{kind: :write, schema: AuroraMeter.Schema.Counter, statement: :counter_upsert, repo_fun: :insert_all}"
.
00:10:31.418 [error] AuroraMeter flush failed; the same batch will be retried: "injected fault at :before_commit (label: :receipt_insert) context: %{kind: :write, schema: AuroraMeter.Schema.FlushReceipt, statement: :receipt_insert, repo_fun: :insert_all}"
.
00:10:31.452 [error] AuroraMeter flush failed; the same batch will be retried: "injected fault at :before_commit (label: :history_upsert) context: %{kind: :write, schema: AuroraMeter.Schema.History, statement: :history_upsert, repo_fun: :insert_all}"
.
00:10:31.491 [error] AuroraMeter flush failed; the same batch will be retried: "injected fault at :before_commit (label: :counter_upsert) context: %{kind: :write, schema: AuroraMeter.Schema.Counter, statement: :counter_upsert, repo_fun: :insert_all}"
...........................
00:10:38.165 [error] AuroraMeter flush failed; the same batch will be retried: "injected fault at :after_commit_before_ack (label: :lost_acknowledgement) context: %{callback: :flush_batch, result: {:ok, %{counters: [%{value: 5, feature: \"ops\", tenant_key: \"flush_batch_9349\", period_start: ~U[2026-09-01 00:00:00Z]}], history: [%{value: 5, date: ~D[2026-09-15], feature: \"ops\", tenant_key: \"flush_batch_9349\"}]}}, batch_id: \"f15b0c1a-2be9-4718-b804-10e5560fb3e9\"}"
.............................
00:10:38.283 [warning] AuroraMeter: feature :nothing is not declared on the tenant's plan (first seen from feature_value). :undeclared_feature_policy is :warn, so it is allowed; Aurora Meter 1.0 denies it. Declare it on the plan, run `mix aurora_meter.features` to find every other one, or set `config :aurora_meter, undeclared_feature_policy: :allow`.
...........
00:10:38.502 [error] AuroraMeter: the in-memory projection of event "projection-down" failed (AuroraMeter.Test.PeriodSources.FutureWindow returned a period that does not contain the instant asked about. An AuroraMeter period is a half-open UTC interval [start, end): start belongs to the period, end does not, and the interval must contain the instant it is resolved for. reason=:not_containing tenant_key="projection_68610" instant=~U[2026-09-15 14:10:38.502548Z] period=%{start: ~U[2026-10-02 00:00:00Z], end: ~U[2026-11-02 00:00:00Z], source: :calendar}). The event is committed and AuroraMeter.Events.total/3 is authoritative; the in-memory value corrects itself on the next cold read.
..
00:10:38.518 [error] AuroraMeter: publishing event "pubsub-down" failed (unknown registry: :no_such_pubsub_server. Either the registry name is invalid or the registry is not running, possibly because its application isn't started). The event is committed; consumers recover from AuroraMeter.Events.total/3.
........
00:10:40.101 [warning] AuroraMeter: feature :requests is not declared on the tenant's plan (first seen from record_batch). :undeclared_feature_policy is :warn, so it is allowed; Aurora Meter 1.0 denies it. Declare it on the plan, run `mix aurora_meter.features` to find every other one, or set `config :aurora_meter, undeclared_feature_policy: :allow`.
..............................................
00:10:50.894 [warning] AuroraMeter: feature :nowhere is not declared on the tenant's plan (first seen from check). :undeclared_feature_policy is :warn, so it is allowed; Aurora Meter 1.0 denies it. Declare it on the plan, run `mix aurora_meter.features` to find every other one, or set `config :aurora_meter, undeclared_feature_policy: :allow`.
.............................................................
00:10:50.979 [warning] AuroraMeter: feature :elsewhere is not declared on the tenant's plan (first seen from entitled?). :undeclared_feature_policy is :warn, so it is allowed; Aurora Meter 1.0 denies it. Declare it on the plan, run `mix aurora_meter.features` to find every other one, or set `config :aurora_meter, undeclared_feature_policy: :allow`.
...........................................................
00:10:51.063 [warning] AuroraMeter: feature :nowhere is not declared on the tenant's plan (first seen from feature_value). :undeclared_feature_policy is :warn, so it is allowed; Aurora Meter 1.0 denies it. Declare it on the plan, run `mix aurora_meter.features` to find every other one, or set `config :aurora_meter, undeclared_feature_policy: :allow`.
................
00:10:51.084 [warning] AuroraMeter: feature :elsewhere is not declared on the tenant's plan (first seen from quota). :undeclared_feature_policy is :warn, so it is allowed; Aurora Meter 1.0 denies it. Declare it on the plan, run `mix aurora_meter.features` to find every other one, or set `config :aurora_meter, undeclared_feature_policy: :allow`.
.....................
00:10:51.244 [warning] AuroraMeter: feature :nowhere is not declared on the tenant's plan (first seen from reserve). :undeclared_feature_policy is :warn, so it is allowed; Aurora Meter 1.0 denies it. Declare it on the plan, run `mix aurora_meter.features` to find every other one, or set `config :aurora_meter, undeclared_feature_policy: :allow`.
.......................................................
00:10:51.356 [warning] AuroraMeter: feature :elsewhere is not declared on the tenant's plan (first seen from with_quota). :undeclared_feature_policy is :warn, so it is allowed; Aurora Meter 1.0 denies it. Declare it on the plan, run `mix aurora_meter.features` to find every other one, or set `config :aurora_meter, undeclared_feature_policy: :allow`.
..............................................................................................................................................................................
00:10:57.388 [error] Postgrex.Protocol (#PID<0.19619.0> ({Postgrex.Protocol, "aurora_meter_test"})) disconnected: ** (DBConnection.ConnectionError) client #PID<0.25683.0> exited
.
00:10:59.051 [error] Postgrex.Protocol (#PID<0.19617.0> ({Postgrex.Protocol, "aurora_meter_test"})) disconnected: ** (DBConnection.ConnectionError) client #PID<0.25692.0> exited
...................................................................................................................
00:11:07.800 [warning] AuroraMeter: feature :nothing is not declared on the tenant's plan (first seen from quota). :undeclared_feature_policy is :warn, so it is allowed; Aurora Meter 1.0 denies it. Declare it on the plan, run `mix aurora_meter.features` to find every other one, or set `config :aurora_meter, undeclared_feature_policy: :allow`.
........................................................
00:13:08.463 [error] Postgrex.Protocol (#PID<0.19585.0> ({Postgrex.Protocol, "aurora_meter_test"})) disconnected: ** (DBConnection.ConnectionError) owner #PID<0.27510.0> ({:sql_sandbox_owner, %{started_by: #PID<0.27509.0>}}) timed out because it owned the connection for longer than 120000ms (set via the :ownership_timeout option)

00:13:31.339 [warning] AuroraMeter could not write its flush heartbeat: %DBConnection.OwnershipError{message: "cannot find ownership process for #PID<0.21821.0> (AuroraMeter.Flusher)\n(AuroraMeter.TestRepo) using mode :manual.\n(Note that a connection's mode reverts to :manual if its owner\nterminates.)\n\nWhen using ownership, you must manage connections in one\nof the four ways:\n\n* By explicitly checking out a connection\n* By explicitly allowing a spawned process\n* By running the pool in shared mode\n* By using :caller option with allowed process\n\nThe first two options require every new process to explicitly\ncheck a connection out or be allowed by calling checkout or\nallow respectively.\n\nThe third option requires a {:shared, pid} mode to be set.\nIf using shared mode in tests, make sure your tests are not\nasync.\n\nThe fourth option requires [caller: pid] to be used when\nchecking out a connection from the pool. The caller process\nshould already be allowed on a connection.\n\nIf you are reading this error, it means you have not done one\nof the steps above or that the owner process has crashed.\n\nSee Ecto.Adapters.SQL.Sandbox docs for more information."}

The flush itself is unaffected. What this costs is retention: a node whose heartbeat is stale blocks AuroraMeter.Retention.prune(only: [:flush_receipts]), which is the safe direction. A database below core schema version 7 has no aurora_meter_checkpoints table and will report this on every flush; later occurrences are logged at :debug.


[clock control] 150s, 24 loaders, 118236624 samples: Clock.now/0 backwards=0 worst=0.0s; DateTime.utc_now/0 backwards=0 worst=0.0s
.................
00:13:38.503 [warning] config :aurora_meter, durable_features: [:ai_generations] is deprecated. It still works, and will keep working until 2.0. Aurora Meter 1.0 replaces it with `feature_sources`, which says where each feature's commercial quantity comes from instead of bolting an event row onto a buffered count, and with `AuroraMeter.record/4` for usage that must not be lost. Nothing to do today: see docs/upgrading-to-1.0.md before you upgrade to 1.0.
................................................................................
00:13:41.588 [warning] AuroraMeter: feature :nothing_declared is not declared on the tenant's plan (first seen from feature_value). :undeclared_feature_policy is :warn, so it is allowed; Aurora Meter 1.0 denies it. Declare it on the plan, run `mix aurora_meter.features` to find every other one, or set `config :aurora_meter, undeclared_feature_policy: :allow`.
..........
00:13:41.618 [warning] AuroraMeter: feature :some_new_thing is not declared on the tenant's plan (first seen from check). :undeclared_feature_policy is :warn, so it is allowed; Aurora Meter 1.0 denies it. Declare it on the plan, run `mix aurora_meter.features` to find every other one, or set `config :aurora_meter, undeclared_feature_policy: :allow`.
......................................................[06a cross-oracle] compared: 10, diverged: 2
..................
00:13:52.793 [warning] AuroraMeter.Retention: a flush heartbeat is filed under "nonode@nohost", which is what every unnamed VM calls itself. If more than one node shares this database, they share this one row and it cannot tell one node from ten. Set :flush_node_id per node, or start the VMs with names.

00:13:52.796 [warning] AuroraMeter.Retention.forget_node/1 removed the flush heartbeat for "app@10.0.1.7".

It read: state="idle" updated_at=~U[2026-09-15 14:13:52.795318Z] cursor=%{"version" => "0.5.0"}

That node no longer blocks a flush-receipt prune. If it is still alive and still holding a pending batch, and it later retries that batch after its receipt has been pruned, the batch's usage is counted twice (invariant I01).

..........
00:13:52.837 [warning] AuroraMeter.Retention.forget_node/1 removed the flush heartbeat for "node_b".

It read: state="pending" updated_at=~U[2026-09-15 14:13:52.836144Z] cursor=%{"batch_id" => "06836777-8c64-40b5-b070-67350d6b242c", "pending_since" => "2026-07-16T14:13:52.835885Z", "version" => "0.5.0"}

That node no longer blocks a flush-receipt prune. If it is still alive and still holding a pending batch, and it later retries that batch after its receipt has been pruned, the batch's usage is counted twice (invariant I01).


00:13:52.839 [warning] AuroraMeter.Retention.forget_node/1 removed the flush heartbeat for "node_c".

It read: state="pending" updated_at=~U[2026-09-15 14:13:52.836458Z] cursor=%{"batch_id" => "3a0718a2-ce1b-4170-90cb-6e2f262653e2", "pending_since" => "2026-07-16T14:13:52.836227Z", "version" => "0.5.0"}

That node no longer blocks a flush-receipt prune. If it is still alive and still holding a pending batch, and it later retries that batch after its receipt has been pruned, the batch's usage is counted twice (invariant I01).

...........................
00:13:53.618 [error] Postgrex.Protocol (#PID<0.19598.0> ({Postgrex.Protocol, "aurora_meter_test"})) disconnected: ** (DBConnection.ConnectionError) client #PID<0.28638.0> exited
.....................
00:13:55.748 [warning] AuroraMeter.Credits.Promotions: an expire entry for grant "aa9a85d1-3366-4e11-8bf5-3ce12581f613" was folded before the grant itself, which means this wallet holds rows whose `seq` is not their insertion order (pre-version-9 rows, finding X244). Attributing it by the ordinary spend order instead.
.
00:13:55.798 [warning] AuroraMeter.Credits.expire_due/2: expiring grant "779185b3-69ca-45f1-b15b-7eb154f8b681" failed with ** (AuroraMeter.Test.Faults.Injected) injected fault at :before_commit (label: :expire_one_grant) context: %{kind: :read, schema: AuroraMeter.Schema.CreditTransaction, statement: :transaction_insert, repo_fun: :one!}
    (aurora_meter 0.5.0) test/support/aurora_meter/test/faults.ex:368: AuroraMeter.Test.Faults.fire/6
    (aurora_meter 0.5.0) test/support/aurora_meter/test/fault_repo.ex:319: AuroraMeter.Test.FaultRepo.guard/4
    (aurora_meter 0.5.0) lib/aurora_meter/credits/ledger.ex:550: AuroraMeter.Credits.Ledger.expire_grant_locked/4
    (aurora_meter 0.5.0) test/support/test_repo.ex:3: anonymous fn/1 in AuroraMeter.TestRepo.transaction/2
    (ecto 3.14.1) lib/ecto/repo/transaction.ex:11: anonymous fn/3 in Ecto.Repo.Transaction.transact/4
    (ecto_sql 3.14.0) lib/ecto/adapters/sql.ex:1481: anonymous fn/3 in Ecto.Adapters.SQL.checkout_or_transaction/4
    (db_connection 2.10.2) lib/db_connection.ex:1760: DBConnection.run_transaction/5
    (aurora_meter 0.5.0) test/support/aurora_meter/test/fault_repo.ex:70: AuroraMeter.Test.FaultRepo.transaction/1
    (aurora_meter 0.5.0) lib/aurora_meter/credits/ledger.ex:678: AuroraMeter.Credits.Ledger.transact_outcome/1
    (aurora_meter 0.5.0) lib/aurora_meter/credits/ledger.ex:654: AuroraMeter.Credits.Ledger.transact/1
    (aurora_meter 0.5.0) lib/aurora_meter/credits/ledger.ex:491: AuroraMeter.Credits.Ledger.attempt_expiry/2
    (aurora_meter 0.5.0) lib/aurora_meter/credits/ledger.ex:331: anonymous fn/3 in AuroraMeter.Credits.Ledger.expire_due/2
    (elixir 1.20.1) lib/enum.ex:2622: Enum."-reduce/3-lists^foldl/2-0-"/3
    (aurora_meter 0.5.0) lib/aurora_meter/credits/ledger.ex:328: AuroraMeter.Credits.Ledger.expire_due/2
    (aurora_meter 0.5.0) lib/aurora_meter/oban/credit_expiry.ex:125: AuroraMeter.Oban.CreditExpiry.batch/2
    (aurora_meter 0.5.0) lib/aurora_meter/operations.ex:262: AuroraMeter.Operations.run_one/1
    (aurora_meter 0.5.0) lib/aurora_meter/oban/credit_expiry.ex:106: AuroraMeter.Oban.CreditExpiry.perform/1
    test/aurora_meter/oban_job_controls_test.exs:346: anonymous fn/1 in AuroraMeter.ObanJobControlsTest."test I16 CreditExpiry counts a grant whose transaction raises, advances past it, and expires the rest"/1
    (aurora_meter 0.5.0) test/support/aurora_meter/test/config.ex:48: AuroraMeter.Test.Config.with_config/2
    test/aurora_meter/oban_job_controls_test.exs:333: AuroraMeter.ObanJobControlsTest."test I16 CreditExpiry counts a grant whose transaction raises, advances past it, and expires the rest"/1
 The run continues; the grant is examined again next run.
..................
00:13:56.313 [error] AuroraMeter: the in-memory projection of event "base" failed (AuroraMeter.Test.PeriodSources.FutureWindow returned a period that does not contain the instant asked about. An AuroraMeter period is a half-open UTC interval [start, end): start belongs to the period, end does not, and the interval must contain the instant it is resolved for. reason=:not_containing tenant_key="replace_11205" instant=~U[2026-09-15 14:13:56.313874Z] period=%{start: ~U[2026-10-02 00:00:00Z], end: ~U[2026-11-02 00:00:00Z], source: :calendar}). The event is committed and AuroraMeter.Events.total/3 is authoritative; the in-memory value corrects itself on the next cold read.

00:13:56.317 [error] AuroraMeter: the in-memory projection of event "fix" failed (AuroraMeter.Test.PeriodSources.FutureWindow returned a period that does not contain the instant asked about. An AuroraMeter period is a half-open UTC interval [start, end): start belongs to the period, end does not, and the interval must contain the instant it is resolved for. reason=:not_containing tenant_key="replace_11205" instant=~U[2026-09-15 14:13:56.317740Z] period=%{start: ~U[2026-10-02 00:00:00Z], end: ~U[2026-11-02 00:00:00Z], source: :calendar}). The event is committed and AuroraMeter.Events.total/3 is authoritative; the in-memory value corrects itself on the next cold read.

00:13:56.317 [error] AuroraMeter: the in-memory projection of event "fix~r" failed (AuroraMeter.Test.PeriodSources.FutureWindow returned a period that does not contain the instant asked about. An AuroraMeter period is a half-open UTC interval [start, end): start belongs to the period, end does not, and the interval must contain the instant it is resolved for. reason=:not_containing tenant_key="replace_11205" instant=~U[2026-09-15 14:13:56.317808Z] period=%{start: ~U[2026-10-02 00:00:00Z], end: ~U[2026-11-02 00:00:00Z], source: :calendar}). The event is committed and AuroraMeter.Events.total/3 is authoritative; the in-memory value corrects itself on the next cold read.
............................
00:13:56.383 [error] AuroraMeter: the in-memory projection of event "unresolved" failed (AuroraMeter.Test.PeriodSources.FutureWindow returned a period that does not contain the instant asked about. An AuroraMeter period is a half-open UTC interval [start, end): start belongs to the period, end does not, and the interval must contain the instant it is resolved for. reason=:not_containing tenant_key="record_43459" instant=~U[2026-09-15 14:13:56.383857Z] period=%{start: ~U[2026-10-02 00:00:00Z], end: ~U[2026-11-02 00:00:00Z], source: :calendar}). The event is committed and AuroraMeter.Events.total/3 is authoritative; the in-memory value corrects itself on the next cold read.
.
00:13:56.388 [warning] AuroraMeter: feature :requests is not declared on the tenant's plan (first seen from record). :undeclared_feature_policy is :warn, so it is allowed; Aurora Meter 1.0 denies it. Declare it on the plan, run `mix aurora_meter.features` to find every other one, or set `config :aurora_meter, undeclared_feature_policy: :allow`.
.
00:13:56.395 [error] AuroraMeter: the in-memory projection of event "ineligible" failed (AuroraMeter.Test.PeriodSources.FutureWindow returned a period that does not contain the instant asked about. An AuroraMeter period is a half-open UTC interval [start, end): start belongs to the period, end does not, and the interval must contain the instant it is resolved for. reason=:not_containing tenant_key="record_43523" instant=~U[2026-09-15 14:13:56.395535Z] period=%{start: ~U[2026-10-02 00:00:00Z], end: ~U[2026-11-02 00:00:00Z], source: :calendar}). The event is committed and AuroraMeter.Events.total/3 is authoritative; the in-memory value corrects itself on the next cold read.
..
00:13:56.397 [warning] AuroraMeter.Tenant.Default.to_key/1 returned an empty tenant key. Every tenant it cannot resolve then shares one set of counters. Return a non-empty String.t(), or refuse the term. This version keeps the old behaviour and warns once per node; Aurora Meter 1.0 raises. See the AuroraMeter.Tenant documentation.
...................................................................................
00:13:56.891 [error] AuroraMeter: the in-memory projection of event "base" failed (AuroraMeter.Test.PeriodSources.FutureWindow returned a period that does not contain the instant asked about. An AuroraMeter period is a half-open UTC interval [start, end): start belongs to the period, end does not, and the interval must contain the instant it is resolved for. reason=:not_containing tenant_key="correct_46211" instant=~U[2026-09-15 14:13:56.891711Z] period=%{start: ~U[2026-10-02 00:00:00Z], end: ~U[2026-11-02 00:00:00Z], source: :calendar}). The event is committed and AuroraMeter.Events.total/3 is authoritative; the in-memory value corrects itself on the next cold read.

00:13:56.894 [error] AuroraMeter: the in-memory projection of event "fix" failed (AuroraMeter.Test.PeriodSources.FutureWindow returned a period that does not contain the instant asked about. An AuroraMeter period is a half-open UTC interval [start, end): start belongs to the period, end does not, and the interval must contain the instant it is resolved for. reason=:not_containing tenant_key="correct_46211" instant=~U[2026-09-15 14:13:56.894929Z] period=%{start: ~U[2026-10-02 00:00:00Z], end: ~U[2026-11-02 00:00:00Z], source: :calendar}). The event is committed and AuroraMeter.Events.total/3 is authoritative; the in-memory value corrects itself on the next cold read.
......................
Finished in 219.9 seconds (1.8s async, 218.1s sync)

Result: 1467 passed (57 doctests, 15 properties, 1395 tests), 4 excluded
Generating docs...
View html docs at "/tmp/aurora_meter-check-doc/index.html"
EXIT=0 finished_utc=2026-09-15T14:13:58Z
