=== 06b core headless (AURORA_HEADLESS=1) ===
2026-09-15T20:03:41Z
44cc2adbe88adc3aa5ea9a59fabdbffd33199fca
removed _build/test/lib/{aurora_meter,oban}
[mixlane] core: DB_PORT=5490 mix deps
* bunt 1.0.0 (Hex package) (mix)
  locked at 1.0.0 (bunt) dc5f86aa
  ok
* credo 1.7.19 (Hex package) (mix)
  locked at 1.7.19 (credo) 2d8bc95d
  ok
* db_connection 2.10.2 (Hex package) (mix)
  locked at 2.10.2 (db_connection) 510b1448
  ok
* decimal 3.1.1 (Hex package) (mix)
  locked at 3.1.1 (decimal) c5f25f2c
  ok
* dialyxir 1.4.7 (Hex package) (mix)
  locked at 1.4.7 (dialyxir) b3452720
  ok
* earmark_parser 1.4.45 (Hex package) (mix)
  locked at 1.4.45 (earmark_parser) d3ec045b
  ok
* ecto 3.14.1 (Hex package) (mix)
  locked at 3.14.1 (ecto) 24b99195
  ok
* ecto_sql 3.14.0 (Hex package) (mix)
  locked at 3.14.0 (ecto_sql) f4d8d36f
  ok
* erlex 0.2.9 (Hex package) (mix)
  locked at 0.2.9 (erlex) 8cfffc0e
  ok
* ex_doc 0.40.3 (Hex package) (mix)
  locked at 0.40.3 (ex_doc) 2756e357
  ok
* file_system 1.1.1 (Hex package) (mix)
  locked at 1.1.1 (file_system) 7a15ff97
  ok
* jason 1.4.5 (Hex package) (mix)
  locked at 1.4.5 (jason) b0c82399
  ok
* makeup 1.2.2 (Hex package) (mix)
  locked at 1.2.2 (makeup) 9a1a24e5
  ok
* makeup_elixir 1.0.1 (Hex package) (mix)
  locked at 1.0.1 (makeup_elixir) 7284900d
  ok
* makeup_erlang 1.1.0 (Hex package) (mix)
  locked at 1.1.0 (makeup_erlang) 1cd6780f
  ok
* mix_audit 2.1.5 (Hex package) (mix)
  locked at 2.1.5 (mix_audit) 87f9298e
  ok
* nimble_options 1.1.1 (Hex package) (mix)
  locked at 1.1.1 (nimble_options) 821b2470
  ok
* nimble_parsec 1.4.2 (Hex package) (mix)
  locked at 1.4.2 (nimble_parsec) 4b213989
  ok
* phoenix_pubsub 2.3.0 (Hex package) (mix)
  locked at 2.3.0 (phoenix_pubsub) eec7be6e
  ok
* postgrex 0.22.4 (Hex package) (mix)
  locked at 0.22.4 (postgrex) 4aae45a2
  ok
* telemetry 1.4.2 (Hex package) (rebar3)
  locked at 1.4.2 (telemetry) 928f6495
  ok
* yamerl 0.10.0 (Hex package) (rebar3)
  locked at 0.10.0 (yamerl) 346adb29
  ok
* yaml_elixir 2.12.2 (Hex package) (mix)
  locked at 2.12.2 (yaml_elixir) e7c1b101
  ok
[mixlane] core exit=0 started=2026-09-15T20:03:41Z finished=2026-09-15T20:03:42Z
[mixlane] core: DB_PORT=5490 mix compile --warnings-as-errors --force
Compiling 85 files (.ex)
Generated aurora_meter app
[mixlane] core exit=0 started=2026-09-15T20:03:42Z finished=2026-09-15T20:03:43Z
compile exit=0
[mixlane] core: DB_PORT=5490 mix run -e 
  false = Code.ensure_loaded?(Oban)
  false = Code.ensure_loaded?(AuroraMeter.Oban)

  true = Code.ensure_loaded?(AuroraMeter.Credits.LotMigration)
  true = Code.ensure_loaded?(Mix.Tasks.AuroraMeter.Credits.MigrateLots)

  # The cutover gate is closed and says why, with no database anywhere near it.
  %{finding: "X250"} = AuroraMeter.Credits.LotMigration.cutover_blocked()

  # A tenant key that is not a legal operation name is still nameable.
  "lot_migration:org_42" = AuroraMeter.Credits.LotMigration.checkpoint_name("org_42")
  name = AuroraMeter.Credits.LotMigration.checkpoint_name("ops@example.com")
  true = String.starts_with?(name, "lot_migration:sha256-")

  # And the fold really decides, with no repo, no clock and no optional
  # dependency: a grant of 5 USD and a debit of 2 USD replay into one lot with
  # 3 USD available and 2 USD consumed.
  row = fn attrs ->
    Map.merge(
      %{
        id: Ecto.UUID.generate(),
        tenant_key: "headless",
        kind: :grant,
        category: :paid,
        amount: 0,
        held_delta: 0,
        balance_after: 0,
        held_after: 0,
        promotional_after: nil,
        reference: nil,
        status: nil,
        settled_amount: nil,
        expires_at: nil,
        expired_at: nil,
        metadata: %{},
        seq: 0,
        hold_transaction_id: nil,
        updated_at: nil,
        inserted_at: ~U[2026-01-01 00:00:00.000000Z]
      },
      attrs
    )
    |> then(&struct!(AuroraMeter.Schema.CreditTransaction, &1))
  end

  rows = [
    row.(%{kind: :grant, amount: 5_000_000, balance_after: 5_000_000, reference: "pi_h", seq: 1}),
    row.(%{
      kind: :debit,
      category: nil,
      amount: -2_000_000,
      balance_after: 3_000_000,
      reference: "job_h",
      seq: 2,
      inserted_at: ~U[2026-01-02 00:00:00.000000Z]
    })
  ]

  {:ok, book} = AuroraMeter.Credits.LotMigration.replay(rows, "headless")
  [lot] = book.lots
  "pi_h" = lot.reference
  %{balance: 3_000_000, held: 0, promotional: 0} =
    AuroraMeter.Credits.Allocator.projection(book.book, book.debt)
    |> Map.take([:balance, :held, :promotional])

  # A history it cannot reproduce is refused, here as everywhere.
  bad = [
    row.(%{kind: :grant, amount: 5_000_000, balance_after: 4_000_000, reference: "pi_bad", seq: 1})
  ]

  {:blocked, [%{flag: :ledger_chain_mismatch, blocking: true} | _]} =
    AuroraMeter.Credits.LotMigration.replay(bad, "headless")

  IO.puts("headless ok")

Compiling 102 files (.ex)
Generated aurora_meter app
headless ok
[mixlane] core exit=0 started=2026-09-15T20:03:43Z finished=2026-09-15T20:03:44Z
run exit=0
[mixlane] core: DB_PORT=5490 mix test --include headless --seed 0
Running ExUnit with seed: 0, max_cases: 48
Including tags: [:headless]

..........     warning: variable "blocking" is unused (if the variable is not meant to be used, prefix it with an underscore)
     │
 394 │     blocking = for flag <- report.flags, flag.blocking, do: flag.flag
     │     ~~~~~~~~
     │
     └─ test/aurora_meter/credits_lot_migration_property_test.exs:394:5: AuroraMeter.CreditsLotMigrationPropertyTest.refused!/3

......................................................................................................................................................................................................................................................................................................................................................
06:03:49.356 [error] Postgrex.Protocol (#PID<0.275.0> ({Postgrex.Protocol, "aurora_meter_test"})) disconnected: ** (DBConnection.ConnectionError) client #PID<0.2036.0> exited
..................................
06:05:50.965 [error] Postgrex.Protocol (#PID<0.245.0> ({Postgrex.Protocol, "aurora_meter_test"})) disconnected: ** (DBConnection.ConnectionError) owner #PID<0.2530.0> ({:sql_sandbox_owner, %{started_by: #PID<0.2529.0>}}) timed out because it owned the connection for longer than 120000ms (set via the :ownership_timeout option)

[clock control] 150s, 24 loaders, 114994541 samples: Clock.now/0 backwards=0 worst=0.0s; DateTime.utc_now/0 backwards=0 worst=0.0s
..........
06:06:22.774 [error] Postgrex.Protocol (#PID<0.279.0> ({Postgrex.Protocol, "aurora_meter_test"})) disconnected: ** (DBConnection.ConnectionError) client #PID<0.2679.0> exited
.
06:06:22.805 [error] Postgrex.Protocol (#PID<0.270.0> ({Postgrex.Protocol, "aurora_meter_test"})) disconnected: ** (DBConnection.ConnectionError) client #PID<0.2686.0> exited
.
06:06:22.835 [error] Postgrex.Protocol (#PID<0.277.0> ({Postgrex.Protocol, "aurora_meter_test"})) disconnected: ** (DBConnection.ConnectionError) client #PID<0.2693.0> exited
.
06:06:22.867 [error] Postgrex.Protocol (#PID<0.246.0> ({Postgrex.Protocol, "aurora_meter_test"})) disconnected: ** (DBConnection.ConnectionError) client #PID<0.2700.0> exited
.....................
06:06:25.613 [error] Task #PID<0.3140.0> started from #PID<0.3139.0> terminating
** (RuntimeError) the host's handler is broken
    test/aurora_meter/credits_low_balance_test.exs:168: anonymous fn/2 in AuroraMeter.CreditsLowBalanceTest."test I11 a raising low-balance handler does not fail the ledger write"/1
    (elixir 1.20.1) lib/task/supervised.ex:105: Task.Supervised.invoke_mfa/2
    (elixir 1.20.1) lib/task/supervised.ex:40: Task.Supervised.reply/4
Function: #Function<27.17433407/0 in AuroraMeter.Credits.Ledger.supervised_handler/2>
    Args: []

06:06:25.616 [warning] AuroraMeter.Credits: the low-balance handler raised the host's handler is broken for tenant "lowbal_9410" (crossing "70fbe1aa-498f-4322-88ba-8d16b3e0d4c4"). The ledger write stands and no alert was delivered; the crossing is already recorded, so no later write will re-send it. See docs/credits.md, "One alert per crossing".
.
06:06:25.673 [warning] AuroraMeter.Credits: the low-balance handler did not answer within 50ms and was killed for tenant "lowbal_9474" (crossing "a91b875e-0911-4924-98ec-c7e969e65650"). The ledger write stands and no alert was delivered; the crossing is already recorded, so no later write will re-send it. See docs/credits.md, "One alert per crossing".
.......[06b replay property] compared: 14, refused: 7, skipped: 0, reordered by seq: 0, refusals: %{reversal_took_reserved: 1, hold_unbacked: 1, expire_reserved_grant: 2, promotional_divergence_settle: 2, promotional_divergence_debit: 1}
...........................
06:06:29.775 [error] Postgrex.Protocol (#PID<0.248.0> ({Postgrex.Protocol, "aurora_meter_test"})) disconnected: ** (DBConnection.ConnectionError) client #PID<0.3379.0> ({AuroraMeter.EventsGateTest, :"test record_timeout a database that never answers is {:unavailable, :timeout} within the timeout, never an exit"}) timed out because it queued and checked out the connection for longer than 400ms

Client #PID<0.3379.0> ({AuroraMeter.EventsGateTest, :"test record_timeout a database that never answers is {:unavailable, :timeout} within the timeout, never an exit"}) is still using a connection from owner at location:

    (erts 17.0.1) :prim_inet.recv0/3
    (postgrex 0.22.4) lib/postgrex/protocol.ex:3296: Postgrex.Protocol.msg_recv/4
    (postgrex 0.22.4) lib/postgrex/protocol.ex:2293: Postgrex.Protocol.recv_bind/3
    (postgrex 0.22.4) lib/postgrex/protocol.ex:2185: Postgrex.Protocol.bind_execute/4
    (db_connection 2.10.2) lib/db_connection/holder.ex:379: DBConnection.Holder.holder_apply/4
    (db_connection 2.10.2) lib/db_connection.ex:1558: DBConnection.run_execute/5
    (db_connection 2.10.2) lib/db_connection.ex:1592: DBConnection.run/4
    (db_connection 2.10.2) lib/db_connection.ex:810: DBConnection.parsed_prepare_execute/5
    (db_connection 2.10.2) lib/db_connection.ex:802: DBConnection.prepare_execute/4
    (postgrex 0.22.4) lib/postgrex.ex:323: Postgrex.binary_query/4
    (ecto_sql 3.14.0) lib/ecto/adapters/sql.ex:628: Ecto.Adapters.SQL.query!/4
    (ecto_sql 3.14.0) lib/ecto/adapters/sql.ex:992: Ecto.Adapters.SQL.insert_all/9
    (ecto 3.14.1) lib/ecto/repo/schema.ex:86: Ecto.Repo.Schema.do_insert_all/7
    (aurora_meter 0.5.0) lib/aurora_meter/storage/ecto.ex:921: AuroraMeter.Storage.Ecto.insert_events_returning/3
    (aurora_meter 0.5.0) lib/aurora_meter/storage/ecto.ex:886: AuroraMeter.Storage.Ecto.in_transaction/4
    (aurora_meter 0.5.0) test/support/test_repo.ex:3: anonymous fn/1 in AuroraMeter.TestRepo.transaction/2
    (ecto 3.14.1) lib/ecto/repo/transaction.ex:11: anonymous fn/3 in Ecto.Repo.Transaction.transact/4
    (ecto_sql 3.14.0) lib/ecto/adapters/sql.ex:1481: anonymous fn/3 in Ecto.Adapters.SQL.checkout_or_transaction/4
    (db_connection 2.10.2) lib/db_connection.ex:1760: DBConnection.run_transaction/5
    (aurora_meter 0.5.0) lib/aurora_meter/storage/ecto.ex:1563: AuroraMeter.Storage.Ecto.guarded/1

The connection itself was checked out by #PID<0.3379.0> ({AuroraMeter.EventsGateTest, :"test record_timeout a database that never answers is {:unavailable, :timeout} within the timeout, never an exit"}) at location:

    (erts 17.0.1) :erlang.port_command/3
    (erts 17.0.1) :prim_inet.send/4
    (postgrex 0.22.4) lib/postgrex/protocol.ex:3383: Postgrex.Protocol.do_send/3
    (postgrex 0.22.4) lib/postgrex/protocol.ex:2976: Postgrex.Protocol.handle_transaction/3
    (postgrex 0.22.4) lib/postgrex/protocol.ex:618: Postgrex.Protocol.handle_begin/2
    (db_connection 2.10.2) lib/db_connection/holder.ex:379: DBConnection.Holder.holder_apply/4
    (db_connection 2.10.2) lib/db_connection.ex:1851: DBConnection.run_begin/3
    (db_connection 2.10.2) lib/db_connection.ex:1644: DBConnection.checkout_with_retries/5
    (db_connection 2.10.2) lib/db_connection.ex:1833: DBConnection.begin/3
    (db_connection 2.10.2) lib/db_connection.ex:1114: DBConnection.transaction/3
    (aurora_meter 0.5.0) lib/aurora_meter/storage/ecto.ex:1563: AuroraMeter.Storage.Ecto.guarded/1
    (aurora_meter 0.5.0) lib/aurora_meter/events.ex:367: AuroraMeter.Events.admit/1
    (aurora_meter 0.5.0) lib/aurora_meter/events.ex:194: anonymous fn/4 in AuroraMeter.Events.record/4
    (aurora_meter 0.5.0) lib/aurora_meter/events.ex:328: anonymous fn/2 in AuroraMeter.Events.span/2
    (telemetry 1.4.2) /home/liamk/src/PhxTemplates/product-workspaces/aurora_meter/deps/telemetry/src/telemetry.erl:359: :telemetry.span/3
    test/aurora_meter/events_gate_test.exs:225: anonymous fn/1 in AuroraMeter.EventsGateTest."test record_timeout a database that never answers is {:unavailable, :timeout} within the timeout, never an exit"/1
    (aurora_meter 0.5.0) test/support/aurora_meter/test/config.ex:48: AuroraMeter.Test.Config.with_config/2
    test/aurora_meter/events_gate_test.exs:221: AuroraMeter.EventsGateTest."test record_timeout a database that never answers is {:unavailable, :timeout} within the timeout, never an exit"/1
    (ex_unit 1.20.1) lib/ex_unit/runner.ex:533: ExUnit.Runner.exec_test/2


.......................................................................
06:06:41.812 [error] Postgrex.Protocol (#PID<0.280.0> ({Postgrex.Protocol, "aurora_meter_test"})) disconnected: ** (DBConnection.ConnectionError) client #PID<0.4553.0> exited
..
06:06:46.069 [error] Postgrex.Protocol (#PID<0.248.0> ({Postgrex.Protocol, "aurora_meter_test"})) disconnected: ** (DBConnection.ConnectionError) client #PID<0.4593.0> exited
...................................
06:06:46.170 [warning] AuroraMeter: feature :nothing is not declared on the tenant's plan (first seen from feature_value). :undeclared_feature_policy is :warn, so it is allowed; Aurora Meter 1.0 denies it. Declare it on the plan, run `mix aurora_meter.features` to find every other one, or set `config :aurora_meter, undeclared_feature_policy: :allow`.
....................
06:06:46.269 [error] AuroraMeter flush failed; the same batch will be retried: "injected fault at :after_commit_before_ack (label: :lost_acknowledgement) context: %{callback: :flush_batch, result: {:ok, %{counters: [%{value: 5, feature: \"ops\", tenant_key: \"flush_batch_19202\", period_start: ~U[2026-09-01 00:00:00Z]}], history: [%{value: 5, date: ~D[2026-09-15], feature: \"ops\", tenant_key: \"flush_batch_19202\"}]}}, batch_id: \"a6592c28-6bc3-4aa2-b4c8-ad758772259f\"}"
.............
06:06:46.440 [error] AuroraMeter flush failed; the same batch will be retried: "injected fault at :after_commit_before_ack (label: :foreign_write_then_raise) context: %{callback: :flush_batch, result: {:ok, %{counters: [%{value: 5, feature: \"ops\", tenant_key: \"org_20738\", period_start: ~U[2026-09-01 00:00:00Z]}], history: [%{value: 5, date: ~D[2026-09-15], feature: \"ops\", tenant_key: \"org_20738\"}]}}, batch_id: \"b1f9d93e-b581-4e52-bb25-5a34bd796fef\"}"
......
06:06:46.469 [error] AuroraMeter flush failed; the same batch will be retried: "injected fault at :before_commit (label: :heartbeat_pending_case) context: %{counters: 1, callback: :flush_batch, history: 1, batch_id: \"5552e070-3942-4df0-b9a7-726ab0451bab\"}"
...........................................
06:07:00.753 [warning] AuroraMeter.Credits.LotMigration: "lotmig_33922" raised ** (AuroraMeter.Test.Faults.Injected) injected fault at :before_commit (label: nil) context: %{kind: :write, statement: :balance_update, schema: AuroraMeter.Schema.CreditBalance, repo_fun: :update!}
    (aurora_meter 0.5.0) test/support/aurora_meter/test/faults.ex:368: AuroraMeter.Test.Faults.fire/6
    (aurora_meter 0.5.0) test/support/aurora_meter/test/fault_repo.ex:319: AuroraMeter.Test.FaultRepo.guard/4
    (aurora_meter 0.5.0) lib/aurora_meter/credits/lot_migration.ex:633: AuroraMeter.Credits.LotMigration.write!/3
    (aurora_meter 0.5.0) lib/aurora_meter/credits/lot_migration.ex:567: AuroraMeter.Credits.LotMigration.reconciled/6
    (aurora_meter 0.5.0) test/support/test_repo.ex:3: anonymous fn/1 in AuroraMeter.TestRepo.transaction/2
    (ecto 3.14.1) lib/ecto/repo/transaction.ex:11: anonymous fn/3 in Ecto.Repo.Transaction.transact/4
    (ecto_sql 3.14.0) lib/ecto/adapters/sql.ex:1481: anonymous fn/3 in Ecto.Adapters.SQL.checkout_or_transaction/4
    (db_connection 2.10.2) lib/db_connection.ex:1760: DBConnection.run_transaction/5
    (aurora_meter 0.5.0) test/support/aurora_meter/test/fault_repo.ex:70: AuroraMeter.Test.FaultRepo.transaction/1
    (aurora_meter 0.5.0) lib/aurora_meter/credits/lot_migration.ex:521: AuroraMeter.Credits.LotMigration.lock_phase/5
    (aurora_meter 0.5.0) lib/aurora_meter/credits/lot_migration.ex:479: AuroraMeter.Credits.LotMigration.guarded/5
    (aurora_meter 0.5.0) lib/aurora_meter/credits/lot_migration.ex:427: AuroraMeter.Credits.LotMigration.wallet/3
    (aurora_meter 0.5.0) lib/aurora_meter/credits/lot_migration.ex:367: AuroraMeter.Credits.LotMigration.step_wallet/4
    (aurora_meter 0.5.0) lib/aurora_meter/credits/lot_migration.ex:356: anonymous fn/4 in AuroraMeter.Credits.LotMigration.execute/3
    (elixir 1.20.1) lib/enum.ex:2622: Enum."-reduce/3-lists^foldl/2-0-"/3
    (aurora_meter 0.5.0) lib/aurora_meter/credits/lot_migration.ex:354: AuroraMeter.Credits.LotMigration.execute/3
    (aurora_meter 0.5.0) lib/aurora_meter/credits/lot_migration.ex:291: AuroraMeter.Credits.LotMigration.run/1
    test/aurora_meter/credits_lot_migration_test.exs:609: AuroraMeter.CreditsLotMigrationTest."test LI-06b-4 a write that fails inside the cutover leaves the wallet entirely untouched"/1
    (ex_unit 1.20.1) lib/ex_unit/runner.ex:533: ExUnit.Runner.exec_test/2
    (stdlib 8.0) timer.erl:599: :timer.tc/2
 The wallet is untouched and reported blocked; the run continues.
....aurora_meter.credits.migrate_lots:
  wallets        2
  migrated       1
  blocked        1
  deferred       0
  skipped        0
  rows           4
  lots           1
  allocations    1
  lock ms max    2
  duration ms    5

blocked wallets:
  org_2  reversal_unattributed %{}

1 wallets are now owned by the allocator. Every node must already be on a release that honours `lots_enabled_at`: an older image ignores the column and would write legacy arithmetic over the lots, which the next conservation check would refuse.
aurora_meter.credits.migrate_lots:
  wallets        2
  migrated       1
  blocked        0
  deferred       0
  skipped        0
  rows           4
  lots           1
  allocations    1
  lock ms max    2
  duration ms    5

blocked wallets:
  org_2  reversal_unattributed %{}

1 wallets are now owned by the allocator. Every node must already be on a release that honours `lots_enabled_at`: an older image ignores the column and would write legacy arithmetic over the lots, which the next conservation check would refuse.
aurora_meter.credits.migrate_lots will not cut a wallet over yet.

AuroraMeter.Credits.reverse/4 does not take the lot path yet, so a paid refund on a cut-over wallet would consume promotional lots in spend order and write nothing into `reversed`. Shadow runs and reports are unaffected.

Nothing was read and nothing was written. Run it without --no-shadow to
take the whole replay and reconciliation now; the cutover is a separate
decision and it needs the lot-aware refund path first (X250).

..........................................................................................................................................................................................................................................................................................................................................
06:07:17.089 [warning] AuroraMeter: feature :nowhere is not declared on the tenant's plan (first seen from check). :undeclared_feature_policy is :warn, so it is allowed; Aurora Meter 1.0 denies it. Declare it on the plan, run `mix aurora_meter.features` to find every other one, or set `config :aurora_meter, undeclared_feature_policy: :allow`.
....................................
06:07:17.138 [warning] AuroraMeter: feature :elsewhere is not declared on the tenant's plan (first seen from check). :undeclared_feature_policy is :warn, so it is allowed; Aurora Meter 1.0 denies it. Declare it on the plan, run `mix aurora_meter.features` to find every other one, or set `config :aurora_meter, undeclared_feature_policy: :allow`.
.......................................
06:07:17.375 [error] AuroraMeter flush failed; the same batch will be retried: "injected fault at :before_commit (label: :receipt_insert) context: %{kind: :write, statement: :receipt_insert, schema: AuroraMeter.Schema.FlushReceipt, repo_fun: :insert_all}"
.
06:07:17.460 [error] AuroraMeter flush failed; the same batch will be retried: "injected fault at :before_commit (label: :counter_upsert) context: %{kind: :write, statement: :counter_upsert, schema: AuroraMeter.Schema.Counter, repo_fun: :insert_all}"
.
06:07:17.528 [error] AuroraMeter flush failed; the same batch will be retried: "injected fault at :before_commit (label: :history_upsert) context: %{kind: :write, statement: :history_upsert, schema: AuroraMeter.Schema.History, repo_fun: :insert_all}"
.
06:07:17.599 [error] AuroraMeter flush failed; the same batch will be retried: "injected fault at :before_commit (label: :counter_upsert) context: %{kind: :write, statement: :counter_upsert, schema: AuroraMeter.Schema.Counter, repo_fun: :insert_all}"
....................................................................
06:07:18.457 [warning] AuroraMeter: feature :nothing is not declared on the tenant's plan (first seen from quota). :undeclared_feature_policy is :warn, so it is allowed; Aurora Meter 1.0 denies it. Declare it on the plan, run `mix aurora_meter.features` to find every other one, or set `config :aurora_meter, undeclared_feature_policy: :allow`.
.......................................................[06a cross-oracle] compared: 11, diverged: 1
......................
06:07:30.045 [error] AuroraMeter: the in-memory projection of event "base" failed (AuroraMeter.Test.PeriodSources.FutureWindow returned a period that does not contain the instant asked about. An AuroraMeter period is a half-open UTC interval [start, end): start belongs to the period, end does not, and the interval must contain the instant it is resolved for. reason=:not_containing tenant_key="correct_22595" instant=~U[2026-09-15 20:07:30.045570Z] period=%{start: ~U[2026-10-02 00:00:00Z], end: ~U[2026-11-02 00:00:00Z], source: :calendar}). The event is committed and AuroraMeter.Events.total/3 is authoritative; the in-memory value corrects itself on the next cold read.

06:07:30.049 [error] AuroraMeter: the in-memory projection of event "fix" failed (AuroraMeter.Test.PeriodSources.FutureWindow returned a period that does not contain the instant asked about. An AuroraMeter period is a half-open UTC interval [start, end): start belongs to the period, end does not, and the interval must contain the instant it is resolved for. reason=:not_containing tenant_key="correct_22595" instant=~U[2026-09-15 20:07:30.049243Z] period=%{start: ~U[2026-10-02 00:00:00Z], end: ~U[2026-11-02 00:00:00Z], source: :calendar}). The event is committed and AuroraMeter.Events.total/3 is authoritative; the in-memory value corrects itself on the next cold read.
...............................
06:07:30.584 [error] AuroraMeter: publishing event "pubsub-down" failed (unknown registry: :no_such_pubsub_server. Either the registry name is invalid or the registry is not running, possibly because its application isn't started). The event is committed; consumers recover from AuroraMeter.Events.total/3.
.
06:07:30.599 [error] AuroraMeter: the in-memory projection of event "projection-down" failed (AuroraMeter.Test.PeriodSources.FutureWindow returned a period that does not contain the instant asked about. An AuroraMeter period is a half-open UTC interval [start, end): start belongs to the period, end does not, and the interval must contain the instant it is resolved for. reason=:not_containing tenant_key="projection_8708" instant=~U[2026-09-15 20:07:30.599373Z] period=%{start: ~U[2026-10-02 00:00:00Z], end: ~U[2026-11-02 00:00:00Z], source: :calendar}). The event is committed and AuroraMeter.Events.total/3 is authoritative; the in-memory value corrects itself on the next cold read.
....
06:07:31.136 [warning] AuroraMeter: feature :requests is not declared on the tenant's plan (first seen from record_batch). :undeclared_feature_policy is :warn, so it is allowed; Aurora Meter 1.0 denies it. Declare it on the plan, run `mix aurora_meter.features` to find every other one, or set `config :aurora_meter, undeclared_feature_policy: :allow`.

06:07:31.136 [warning] AuroraMeter: feature :requests is not declared on the tenant's plan (first seen from record_batch). :undeclared_feature_policy is :warn, so it is allowed; Aurora Meter 1.0 denies it. Declare it on the plan, run `mix aurora_meter.features` to find every other one, or set `config :aurora_meter, undeclared_feature_policy: :allow`.
..............................
06:07:34.337 [warning] AuroraMeter.Credits.Recurrences: the period source could not place "recurboom_9093" for :monthly (:period_source_error). The tenant is skipped and the run continues; nothing is granted for it until the source is fixed. this period source cannot place recurboom_9093
.............................................
06:07:34.470 [warning] config :aurora_meter, durable_features: [:ai_generations] is deprecated. It still works, and will keep working until 2.0. Aurora Meter 1.0 replaces it with `feature_sources`, which says where each feature's commercial quantity comes from instead of bolting an event row onto a buffered count, and with `AuroraMeter.record/4` for usage that must not be lost. Nothing to do today: see docs/upgrading-to-1.0.md before you upgrade to 1.0.
................................................
06:07:37.284 [warning] AuroraMeter.Retention.forget_node/1 removed the flush heartbeat for "node_b".

It read: state="pending" updated_at=~U[2026-09-15 20:07:37.281995Z] cursor=%{"batch_id" => "eb2d6007-3fce-4be6-8e50-aa918da6687f", "pending_since" => "2026-07-16T20:07:37.281696Z", "version" => "0.5.0"}

That node no longer blocks a flush-receipt prune. If it is still alive and still holding a pending batch, and it later retries that batch after its receipt has been pruned, the batch's usage is counted twice (invariant I01).


06:07:37.286 [warning] AuroraMeter.Retention.forget_node/1 removed the flush heartbeat for "node_c".

It read: state="pending" updated_at=~U[2026-09-15 20:07:37.282457Z] cursor=%{"batch_id" => "198c2747-bbec-43ce-92e3-7271ef3ccbb4", "pending_since" => "2026-07-16T20:07:37.282130Z", "version" => "0.5.0"}

That node no longer blocks a flush-receipt prune. If it is still alive and still holding a pending batch, and it later retries that batch after its receipt has been pruned, the batch's usage is counted twice (invariant I01).

.
06:07:37.292 [warning] AuroraMeter.Retention: a flush heartbeat is filed under "nonode@nohost", which is what every unnamed VM calls itself. If more than one node shares this database, they share this one row and it cannot tell one node from ten. Set :flush_node_id per node, or start the VMs with names.

06:07:37.295 [warning] AuroraMeter.Retention.forget_node/1 removed the flush heartbeat for "app@10.0.1.7".

It read: state="idle" updated_at=~U[2026-09-15 20:07:37.294345Z] cursor=%{"version" => "0.5.0"}

That node no longer blocks a flush-receipt prune. If it is still alive and still holding a pending batch, and it later retries that batch after its receipt has been pruned, the batch's usage is counted twice (invariant I01).

..........
06:07:37.343 [error] AuroraMeter: the in-memory projection of event "base" failed (AuroraMeter.Test.PeriodSources.FutureWindow returned a period that does not contain the instant asked about. An AuroraMeter period is a half-open UTC interval [start, end): start belongs to the period, end does not, and the interval must contain the instant it is resolved for. reason=:not_containing tenant_key="replace_9924" instant=~U[2026-09-15 20:07:37.343217Z] period=%{start: ~U[2026-10-02 00:00:00Z], end: ~U[2026-11-02 00:00:00Z], source: :calendar}). The event is committed and AuroraMeter.Events.total/3 is authoritative; the in-memory value corrects itself on the next cold read.

06:07:37.348 [error] AuroraMeter: the in-memory projection of event "fix" failed (AuroraMeter.Test.PeriodSources.FutureWindow returned a period that does not contain the instant asked about. An AuroraMeter period is a half-open UTC interval [start, end): start belongs to the period, end does not, and the interval must contain the instant it is resolved for. reason=:not_containing tenant_key="replace_9924" instant=~U[2026-09-15 20:07:37.348736Z] period=%{start: ~U[2026-10-02 00:00:00Z], end: ~U[2026-11-02 00:00:00Z], source: :calendar}). The event is committed and AuroraMeter.Events.total/3 is authoritative; the in-memory value corrects itself on the next cold read.

06:07:37.348 [error] AuroraMeter: the in-memory projection of event "fix~r" failed (AuroraMeter.Test.PeriodSources.FutureWindow returned a period that does not contain the instant asked about. An AuroraMeter period is a half-open UTC interval [start, end): start belongs to the period, end does not, and the interval must contain the instant it is resolved for. reason=:not_containing tenant_key="replace_9924" instant=~U[2026-09-15 20:07:37.348843Z] period=%{start: ~U[2026-10-02 00:00:00Z], end: ~U[2026-11-02 00:00:00Z], source: :calendar}). The event is committed and AuroraMeter.Events.total/3 is authoritative; the in-memory value corrects itself on the next cold read.
....................
06:07:37.449 [warning] AuroraMeter: feature :nothing_declared is not declared on the tenant's plan (first seen from feature_value). :undeclared_feature_policy is :warn, so it is allowed; Aurora Meter 1.0 denies it. Declare it on the plan, run `mix aurora_meter.features` to find every other one, or set `config :aurora_meter, undeclared_feature_policy: :allow`.
....
06:07:37.465 [warning] AuroraMeter: feature :some_new_thing is not declared on the tenant's plan (first seen from check). :undeclared_feature_policy is :warn, so it is allowed; Aurora Meter 1.0 denies it. Declare it on the plan, run `mix aurora_meter.features` to find every other one, or set `config :aurora_meter, undeclared_feature_policy: :allow`.
.........................................................
06:07:39.277 [error] Postgrex.Protocol (#PID<0.272.0> ({Postgrex.Protocol, "aurora_meter_test"})) disconnected: ** (DBConnection.ConnectionError) client #PID<0.10666.0> exited
.............................................................................
06:07:40.277 [warning] AuroraMeter.Tenant.Default.to_key/1 returned an empty tenant key. Every tenant it cannot resolve then shares one set of counters. Return a non-empty String.t(), or refuse the term. This version keeps the old behaviour and warns once per node; Aurora Meter 1.0 raises. See the AuroraMeter.Tenant documentation.
.........
06:07:40.300 [warning] AuroraMeter: feature :requests is not declared on the tenant's plan (first seen from record). :undeclared_feature_policy is :warn, so it is allowed; Aurora Meter 1.0 denies it. Declare it on the plan, run `mix aurora_meter.features` to find every other one, or set `config :aurora_meter, undeclared_feature_policy: :allow`.
....
06:07:40.318 [error] AuroraMeter: the in-memory projection of event "unresolved" failed (AuroraMeter.Test.PeriodSources.FutureWindow returned a period that does not contain the instant asked about. An AuroraMeter period is a half-open UTC interval [start, end): start belongs to the period, end does not, and the interval must contain the instant it is resolved for. reason=:not_containing tenant_key="record_96002" instant=~U[2026-09-15 20:07:40.318420Z] period=%{start: ~U[2026-10-02 00:00:00Z], end: ~U[2026-11-02 00:00:00Z], source: :calendar}). The event is committed and AuroraMeter.Events.total/3 is authoritative; the in-memory value corrects itself on the next cold read.
.
06:07:40.320 [error] AuroraMeter: the in-memory projection of event "ineligible" failed (AuroraMeter.Test.PeriodSources.FutureWindow returned a period that does not contain the instant asked about. An AuroraMeter period is a half-open UTC interval [start, end): start belongs to the period, end does not, and the interval must contain the instant it is resolved for. reason=:not_containing tenant_key="record_11524" instant=~U[2026-09-15 20:07:40.320563Z] period=%{start: ~U[2026-10-02 00:00:00Z], end: ~U[2026-11-02 00:00:00Z], source: :calendar}). The event is committed and AuroraMeter.Events.total/3 is authoritative; the in-memory value corrects itself on the next cold read.
...........
Finished in 234.5 seconds (2.0s async, 232.4s sync)

Result: 1555 passed (69 doctests, 17 properties, 1469 tests)
[mixlane] core exit=0 started=2026-09-15T20:03:45Z finished=2026-09-15T20:07:40Z
test exit=0
