=== seed 0 ===
exit=0
..[06b replay property] compared: 27, refused: 14, skipped: 0, reordered by seq: 0, refusals: %{reversal_took_reserved: 3, expire_reserved_grant: 4, hold_unbacked: 1, promotional_divergence_settle: 3, promotional_divergence_debit: 3}
Result: 2 passed (1 property, 1 test)
=== seed 1 ===
exit=0
..[06b replay property] compared: 29, refused: 12, skipped: 0, reordered by seq: 0, refusals: %{reversal_took_reserved: 1, expire_reserved_grant: 3, hold_unbacked: 1, promotional_divergence_debit: 4, promotional_divergence_grant: 1, promotional_divergence_settle: 2}
Result: 2 passed (1 property, 1 test)
=== seed 7 ===
exit=0
..[06b replay property] compared: 30, refused: 11, skipped: 0, reordered by seq: 0, refusals: %{expire_reserved_grant: 3, hold_unbacked: 2, promotional_divergence_debit: 1, promotional_divergence_settle: 5}
Result: 2 passed (1 property, 1 test)
=== seed 42 ===
exit=0
..[06b replay property] compared: 21, refused: 20, skipped: 0, reordered by seq: 0, refusals: %{reversal_took_reserved: 3, expire_reserved_grant: 2, promotional_divergence_debit: 9, promotional_divergence_reverse: 1, promotional_divergence_settle: 3, promotional_divergence_release: 1, promotional_divergence_grant: 1}
Result: 2 passed (1 property, 1 test)
=== seed 1337 ===
exit=0
..[06b replay property] compared: 31, refused: 10, skipped: 0, reordered by seq: 0, refusals: %{reversal_took_reserved: 1, reversal_exceeds_lots: 2, expire_reserved_grant: 3, promotional_divergence_debit: 3, promotional_divergence_settle: 1}
Result: 2 passed (1 property, 1 test)
=== seed 20260915 ===
exit=0
..[06b replay property] compared: 26, refused: 15, skipped: 0, reordered by seq: 0, refusals: %{reversal_took_reserved: 2, reversal_exceeds_lots: 1, expire_reserved_grant: 2, hold_unbacked: 1, promotional_divergence_debit: 6, promotional_divergence_settle: 1, promotional_divergence_grant: 1, promotional_divergence_reverse: 1}
Result: 2 passed (1 property, 1 test)
=== seed 424242 ===
exit=0
..[06b replay property] compared: 33, refused: 8, skipped: 0, reordered by seq: 0, refusals: %{reversal_took_reserved: 2, reversal_exceeds_lots: 1, expire_reserved_grant: 1, promotional_divergence_settle: 2, promotional_divergence_debit: 2}
Result: 2 passed (1 property, 1 test)
