allocator.ex  sha256 before: 3e34642ae118124507ffaf80a61e06476f21a7fc37a930e97e028dfe3564a438
lot_migration sha256 before: 92e0f44c74b61bc6a5718e5940281e5bb327dea8a19327525533c14b720a7a43
=== baseline seed 0 ===
exit=0
..[06b replay property] compared: 28, refused: 13, skipped: 0, reordered by seq: 0, refusals: %{promotional_divergence: 5, reversal_took_reserved: 3, expire_reserved_grant: 4, hold_unbacked: 1}
Result: 2 passed (1 property, 1 test)
=== baseline seed 42 ===
exit=0
..[06b replay property] compared: 22, refused: 19, skipped: 0, reordered by seq: 0, refusals: %{promotional_divergence: 15, reversal_took_reserved: 3, expire_reserved_grant: 1}
Result: 2 passed (1 property, 1 test)
=== baseline seed 20260915 ===
exit=0
..[06b replay property] compared: 26, refused: 15, skipped: 0, reordered by seq: 0, refusals: %{promotional_divergence: 9, reversal_took_reserved: 2, reversal_exceeds_lots: 1, expire_reserved_grant: 2, hold_unbacked: 1}
Result: 2 passed (1 property, 1 test)
1
1
=== patched seed 0 ===
exit=0
..[06b replay property] compared: 28, refused: 13, skipped: 0, reordered by seq: 0, refusals: %{promotional_divergence: 5, reversal_took_reserved: 3, expire_reserved_grant: 5}
Result: 2 passed (1 property, 1 test)
=== patched seed 42 ===
exit=0
..[06b replay property] compared: 22, refused: 19, skipped: 0, reordered by seq: 0, refusals: %{promotional_divergence: 14, reversal_took_reserved: 4, expire_reserved_grant: 1}
Result: 2 passed (1 property, 1 test)
=== patched seed 20260915 ===
exit=0
..[06b replay property] compared: 26, refused: 15, skipped: 0, reordered by seq: 0, refusals: %{promotional_divergence: 9, reversal_took_reserved: 3, reversal_exceeds_lots: 1, expire_reserved_grant: 2}
Result: 2 passed (1 property, 1 test)

allocator.ex  sha256 after: 3e34642ae118124507ffaf80a61e06476f21a7fc37a930e97e028dfe3564a438
lot_migration sha256 after: 92e0f44c74b61bc6a5718e5940281e5bb327dea8a19327525533c14b720a7a43
RESTORED OK
