=== 06d core headless (AURORA_HEADLESS=1) ===
2026-09-15T19:28:32Z
011ac346e7cbdc23c5ef8870b17b2e002ccbb56a
removed _build/test/lib/{aurora_meter,oban}
[mixlane] core: DB_PORT=5490 mix deps
* bunt 1.0.0 (Hex package) (mix)
* credo 1.7.19 (Hex package) (mix)
* db_connection 2.10.2 (Hex package) (mix)
* decimal 3.1.1 (Hex package) (mix)
* dialyxir 1.4.7 (Hex package) (mix)
* earmark_parser 1.4.45 (Hex package) (mix)
* ecto 3.14.1 (Hex package) (mix)
* ecto_sql 3.14.0 (Hex package) (mix)
* erlex 0.2.9 (Hex package) (mix)
* ex_doc 0.40.3 (Hex package) (mix)
* file_system 1.1.1 (Hex package) (mix)
* jason 1.4.5 (Hex package) (mix)
* makeup 1.2.2 (Hex package) (mix)
* makeup_elixir 1.0.1 (Hex package) (mix)
* makeup_erlang 1.1.0 (Hex package) (mix)
* mix_audit 2.1.5 (Hex package) (mix)
* nimble_options 1.1.1 (Hex package) (mix)
* nimble_parsec 1.4.2 (Hex package) (mix)
* phoenix_pubsub 2.3.0 (Hex package) (mix)
* postgrex 0.22.4 (Hex package) (mix)
* telemetry 1.4.2 (Hex package) (rebar3)
* yamerl 0.10.0 (Hex package) (rebar3)
* yaml_elixir 2.12.2 (Hex package) (mix)
[mixlane] core exit=0 started=2026-09-15T19:28:32Z finished=2026-09-15T19:28:33Z
[mixlane] core: DB_PORT=5490 mix compile --warnings-as-errors --force
Compiling 85 files (.ex)
Generated aurora_meter app
[mixlane] core exit=0 started=2026-09-15T19:28:33Z finished=2026-09-15T19:28:34Z
compile exit=0
[mixlane] core: DB_PORT=5490 mix run -e 
  false = Code.ensure_loaded?(Oban)
  false = Code.ensure_loaded?(Phoenix.LiveView)

  # D12 and I20, both halves. The worker is inside the optional Oban tree and
  # is absent; the operation it wraps is core and is callable.
  false = Code.ensure_loaded?(AuroraMeter.Oban)
  false = Code.ensure_loaded?(AuroraMeter.Oban.RecurringGrants)

  true = Code.ensure_loaded?(AuroraMeter.Credits.Recurrences)
  true = function_exported?(AuroraMeter.Credits.Recurrences, :run, 1)
  true = function_exported?(AuroraMeter.Credits.Recurrences, :status, 1)
  true = function_exported?(AuroraMeter.Credits.Recurrences, :periods, 4)
  true = Code.ensure_loaded?(AuroraMeter.Schema.CreditRecurrence)

  "recurring:" = AuroraMeter.Credits.Recurrences.namespace()
  "credits_recurrences:global" = AuroraMeter.Credits.Recurrences.operation()

  # The DSL compiles and validates with nothing optional loaded.
  [%{name: :monthly, amount: 5_000_000, rollover: 1_000_000, expires: :period_end}] =
    AuroraMeter.Plans.get(:allowance).recurring_credits

  [] = AuroraMeter.Plans.get(:pro).recurring_credits

  # And the period walk decides with no database and no dependency at all.
  {:ok, [september], :complete} =
    AuroraMeter.Credits.Recurrences.periods("headless_org", nil, ~U[2026-09-16 10:00:00Z], 12)

  ~U[2026-09-01 00:00:00Z] = september.start
  ~U[2026-10-01 00:00:00Z] = september.end

  {:ok, [_july, _august, _september], :complete} =
    AuroraMeter.Credits.Recurrences.periods(
      "headless_org", ~U[2026-06-01 00:00:00Z], ~U[2026-09-16 10:00:00Z], 12)

  # The reserved namespace is enforced with no repo in the way.
  try do
    AuroraMeter.Credits.grant("headless_org", 1, reference: "recurring:anything")
    raise "grant/3 accepted a reserved reference"
  rescue
    ArgumentError -> :ok
  end

  # A real run, on a real database, with nothing optional in the build.
  {:ok, _} = AuroraMeter.TestRepo.start_link(pool_size: 2)
  {:ok, _} = Phoenix.PubSub.Supervisor.start_link(name: AuroraMeter.TestPubSub)

  # The operation name is a legal AuroraMeter.Operations name, checked where it
  # is used rather than where it was invented (open-findings.md X272). It needs
  # the repo, because a checkpoint lives in a row.
  false = AuroraMeter.Operations.paused?(AuroraMeter.Credits.Recurrences.operation())

  tenant = "headless_06d_#{System.unique_integer([:positive])}"

  {:ok, _} = AuroraMeter.subscribe(tenant, :allowance)
  _ = AuroraMeter.Credits.Ledger.enable_lots!(tenant)

  {:ok, summary} = AuroraMeter.Credits.Recurrences.run(tenant: tenant)
  1 = summary.counts["granted"]
  5_000_000 = summary.counts["amount"]

  {:ok, second} = AuroraMeter.Credits.Recurrences.run(tenant: tenant)
  0 = second.counts["granted"]
  1 = second.counts["duplicate"]

  [lot] = AuroraMeter.Credits.Lots.list(tenant)
  5_000_000 = lot.amount
  "monthly" = lot.source["recurrence"]

  %{recurrences: [row]} = AuroraMeter.Credits.Recurrences.status(tenant: tenant)
  :granted = row.state

  AuroraMeter.TestRepo.query!(
    "DELETE FROM aurora_meter_credit_allocations WHERE tenant_key = $1", [tenant])
  AuroraMeter.TestRepo.query!(
    "DELETE FROM aurora_meter_credit_lots WHERE tenant_key = $1", [tenant])
  AuroraMeter.TestRepo.query!(
    "DELETE FROM aurora_meter_credit_recurrences WHERE tenant_key = $1", [tenant])
  AuroraMeter.TestRepo.query!(
    "DELETE FROM aurora_meter_credit_transactions WHERE tenant_key = $1", [tenant])
  AuroraMeter.TestRepo.query!(
    "DELETE FROM aurora_meter_credit_balances WHERE tenant_key = $1", [tenant])
  AuroraMeter.TestRepo.query!(
    "DELETE FROM aurora_meter_subscriptions WHERE tenant_key = $1", [tenant])

  IO.puts("headless ok")

Compiling 102 files (.ex)
Generated aurora_meter app
headless ok
[mixlane] core exit=0 started=2026-09-15T19:28:34Z finished=2026-09-15T19:28:36Z
run exit=0
[mixlane] core: DB_PORT=5490 mix test --include headless --seed 0
Running ExUnit with seed: 0, max_cases: 48
Including tags: [:headless]

..........     warning: variable "blocking" is unused (if the variable is not meant to be used, prefix it with an underscore)
     │
 394 │     blocking = for flag <- report.flags, flag.blocking, do: flag.flag
     │     ~~~~~~~~
     │
     └─ test/aurora_meter/credits_lot_migration_property_test.exs:394:5: AuroraMeter.CreditsLotMigrationPropertyTest.refused!/3

......................................................................................................................................................................................................................................................................................................................................................
05:28:40.308 [error] Postgrex.Protocol (#PID<0.288.0> ({Postgrex.Protocol, "aurora_meter_test"})) disconnected: ** (DBConnection.ConnectionError) client #PID<0.2036.0> exited
.............................
05:30:40.849 [error] Postgrex.Protocol (#PID<0.268.0> ({Postgrex.Protocol, "aurora_meter_test"})) disconnected: ** (DBConnection.ConnectionError) owner #PID<0.2181.0> ({:sql_sandbox_owner, %{started_by: #PID<0.2180.0>}}) timed out because it owned the connection for longer than 120000ms (set via the :ownership_timeout option)

[clock control] 150s, 24 loaders, 115047080 samples: Clock.now/0 backwards=0 worst=0.0s; DateTime.utc_now/0 backwards=0 worst=0.0s
.........
05:31:11.940 [error] Postgrex.Protocol (#PID<0.288.0> ({Postgrex.Protocol, "aurora_meter_test"})) disconnected: ** (DBConnection.ConnectionError) client #PID<0.2574.0> exited
.
05:31:11.966 [error] Postgrex.Protocol (#PID<0.291.0> ({Postgrex.Protocol, "aurora_meter_test"})) disconnected: ** (DBConnection.ConnectionError) client #PID<0.2581.0> exited
.
05:31:11.993 [error] Postgrex.Protocol (#PID<0.239.0> ({Postgrex.Protocol, "aurora_meter_test"})) disconnected: ** (DBConnection.ConnectionError) client #PID<0.2588.0> exited
.
05:31:12.024 [error] Postgrex.Protocol (#PID<0.257.0> ({Postgrex.Protocol, "aurora_meter_test"})) disconnected: ** (DBConnection.ConnectionError) client #PID<0.2595.0> exited
......................
05:31:14.806 [error] Task #PID<0.2779.0> started from #PID<0.2778.0> terminating
** (RuntimeError) the host's handler is broken
    test/aurora_meter/credits_low_balance_test.exs:168: anonymous fn/2 in AuroraMeter.CreditsLowBalanceTest."test I11 a raising low-balance handler does not fail the ledger write"/1
    (elixir 1.20.1) lib/task/supervised.ex:105: Task.Supervised.invoke_mfa/2
    (elixir 1.20.1) lib/task/supervised.ex:40: Task.Supervised.reply/4
Function: #Function<27.17433407/0 in AuroraMeter.Credits.Ledger.supervised_handler/2>
    Args: []

05:31:14.808 [warning] AuroraMeter.Credits: the low-balance handler raised the host's handler is broken for tenant "lowbal_8578" (crossing "8f27ff24-222d-4ae5-a222-7ec10730f5cc"). The ledger write stands and no alert was delivered; the crossing is already recorded, so no later write will re-send it. See docs/credits.md, "One alert per crossing".
.
05:31:14.865 [warning] AuroraMeter.Credits: the low-balance handler did not answer within 50ms and was killed for tenant "lowbal_8642" (crossing "5f841b4c-b24f-44b5-997c-f160bf7f9752"). The ledger write stands and no alert was delivered; the crossing is already recorded, so no later write will re-send it. See docs/credits.md, "One alert per crossing".
............[06b replay property] compared: 14, refused: 7, skipped: 0, reordered by seq: 0, refusals: %{reversal_took_reserved: 1, hold_unbacked: 1, expire_reserved_grant: 2, promotional_divergence_settle: 2, promotional_divergence_debit: 1}
...........................................
05:31:20.325 [error] Postgrex.Protocol (#PID<0.271.0> ({Postgrex.Protocol, "aurora_meter_test"})) disconnected: ** (DBConnection.ConnectionError) client #PID<0.3386.0> ({AuroraMeter.EventsGateTest, :"test record_timeout a database that never answers is {:unavailable, :timeout} within the timeout, never an exit"}) timed out because it queued and checked out the connection for longer than 400ms

Client #PID<0.3386.0> ({AuroraMeter.EventsGateTest, :"test record_timeout a database that never answers is {:unavailable, :timeout} within the timeout, never an exit"}) is still using a connection from owner at location:

    (erts 17.0.1) :prim_inet.recv0/3
    (postgrex 0.22.4) lib/postgrex/protocol.ex:3296: Postgrex.Protocol.msg_recv/4
    (postgrex 0.22.4) lib/postgrex/protocol.ex:2293: Postgrex.Protocol.recv_bind/3
    (postgrex 0.22.4) lib/postgrex/protocol.ex:2185: Postgrex.Protocol.bind_execute/4
    (db_connection 2.10.2) lib/db_connection/holder.ex:379: DBConnection.Holder.holder_apply/4
    (db_connection 2.10.2) lib/db_connection.ex:1558: DBConnection.run_execute/5
    (db_connection 2.10.2) lib/db_connection.ex:1592: DBConnection.run/4
    (db_connection 2.10.2) lib/db_connection.ex:810: DBConnection.parsed_prepare_execute/5
    (db_connection 2.10.2) lib/db_connection.ex:802: DBConnection.prepare_execute/4
    (postgrex 0.22.4) lib/postgrex.ex:323: Postgrex.binary_query/4
    (ecto_sql 3.14.0) lib/ecto/adapters/sql.ex:628: Ecto.Adapters.SQL.query!/4
    (ecto_sql 3.14.0) lib/ecto/adapters/sql.ex:992: Ecto.Adapters.SQL.insert_all/9
    (ecto 3.14.1) lib/ecto/repo/schema.ex:86: Ecto.Repo.Schema.do_insert_all/7
    (aurora_meter 0.5.0) lib/aurora_meter/storage/ecto.ex:921: AuroraMeter.Storage.Ecto.insert_events_returning/3
    (aurora_meter 0.5.0) lib/aurora_meter/storage/ecto.ex:886: AuroraMeter.Storage.Ecto.in_transaction/4
    (aurora_meter 0.5.0) test/support/test_repo.ex:3: anonymous fn/1 in AuroraMeter.TestRepo.transaction/2
    (ecto 3.14.1) lib/ecto/repo/transaction.ex:11: anonymous fn/3 in Ecto.Repo.Transaction.transact/4
    (ecto_sql 3.14.0) lib/ecto/adapters/sql.ex:1481: anonymous fn/3 in Ecto.Adapters.SQL.checkout_or_transaction/4
    (db_connection 2.10.2) lib/db_connection.ex:1760: DBConnection.run_transaction/5
    (aurora_meter 0.5.0) lib/aurora_meter/storage/ecto.ex:1563: AuroraMeter.Storage.Ecto.guarded/1

The connection itself was checked out by #PID<0.3386.0> ({AuroraMeter.EventsGateTest, :"test record_timeout a database that never answers is {:unavailable, :timeout} within the timeout, never an exit"}) at location:

    (aurora_meter 0.5.0) lib/aurora_meter/storage/ecto.ex:1563: AuroraMeter.Storage.Ecto.guarded/1
    (aurora_meter 0.5.0) lib/aurora_meter/events.ex:367: AuroraMeter.Events.admit/1
    (aurora_meter 0.5.0) lib/aurora_meter/events.ex:194: anonymous fn/4 in AuroraMeter.Events.record/4
    (aurora_meter 0.5.0) lib/aurora_meter/events.ex:328: anonymous fn/2 in AuroraMeter.Events.span/2
    (telemetry 1.4.2) /home/liamk/src/PhxTemplates/product-workspaces/aurora_meter/deps/telemetry/src/telemetry.erl:359: :telemetry.span/3
    test/aurora_meter/events_gate_test.exs:225: anonymous fn/1 in AuroraMeter.EventsGateTest."test record_timeout a database that never answers is {:unavailable, :timeout} within the timeout, never an exit"/1
    (aurora_meter 0.5.0) test/support/aurora_meter/test/config.ex:48: AuroraMeter.Test.Config.with_config/2
    test/aurora_meter/events_gate_test.exs:221: AuroraMeter.EventsGateTest."test record_timeout a database that never answers is {:unavailable, :timeout} within the timeout, never an exit"/1
    (ex_unit 1.20.1) lib/ex_unit/runner.ex:533: ExUnit.Runner.exec_test/2
    (stdlib 8.0) timer.erl:599: :timer.tc/2
    (ex_unit 1.20.1) lib/ex_unit/runner.ex:455: anonymous fn/6 in ExUnit.Runner.spawn_test_monitor/4


.............................................................................
05:31:32.250 [error] Postgrex.Protocol (#PID<0.251.0> ({Postgrex.Protocol, "aurora_meter_test"})) disconnected: ** (DBConnection.ConnectionError) client #PID<0.4639.0> exited
..
05:31:36.608 [error] Postgrex.Protocol (#PID<0.273.0> ({Postgrex.Protocol, "aurora_meter_test"})) disconnected: ** (DBConnection.ConnectionError) client #PID<0.4679.0> exited
...
05:31:36.719 [error] AuroraMeter flush failed; the same batch will be retried: "injected fault at :after_commit_before_ack (label: :lost_acknowledgement) context: %{callback: :flush_batch, result: {:ok, %{counters: [%{value: 5, feature: \"ops\", tenant_key: \"flush_batch_2501\", period_start: ~U[2026-09-01 00:00:00Z]}], history: [%{value: 5, date: ~D[2026-09-15], feature: \"ops\", tenant_key: \"flush_batch_2501\"}]}}, batch_id: \"d4116101-3134-496c-8b66-8eae853d5671\"}"
............
05:31:36.772 [warning] AuroraMeter: feature :nothing is not declared on the tenant's plan (first seen from feature_value). :undeclared_feature_policy is :warn, so it is allowed; Aurora Meter 1.0 denies it. Declare it on the plan, run `mix aurora_meter.features` to find every other one, or set `config :aurora_meter, undeclared_feature_policy: :allow`.
..............................
05:31:36.983 [error] AuroraMeter flush failed; the same batch will be retried: "injected fault at :after_commit_before_ack (label: :foreign_write_then_raise) context: %{callback: :flush_batch, result: {:ok, %{counters: [%{value: 5, feature: \"ops\", tenant_key: \"org_19331\", period_start: ~U[2026-09-01 00:00:00Z]}], history: [%{value: 5, date: ~D[2026-09-15], feature: \"ops\", tenant_key: \"org_19331\"}]}}, batch_id: \"8e33c5ea-0a20-412b-b16c-56ad4ba65487\"}"
......
05:31:37.008 [error] AuroraMeter flush failed; the same batch will be retried: "injected fault at :before_commit (label: :heartbeat_pending_case) context: %{counters: 1, callback: :flush_batch, history: 1, batch_id: \"c78935b3-4c9f-4623-b856-5bda3dc6a6d6\"}"
.........................
05:31:38.119 [warning] AuroraMeter.Credits.LotMigration: "lotmig_21635" raised ** (AuroraMeter.Test.Faults.Injected) injected fault at :before_commit (label: nil) context: %{kind: :write, statement: :balance_update, schema: AuroraMeter.Schema.CreditBalance, repo_fun: :update!}
    (aurora_meter 0.5.0) test/support/aurora_meter/test/faults.ex:368: AuroraMeter.Test.Faults.fire/6
    (aurora_meter 0.5.0) test/support/aurora_meter/test/fault_repo.ex:319: AuroraMeter.Test.FaultRepo.guard/4
    (aurora_meter 0.5.0) lib/aurora_meter/credits/lot_migration.ex:633: AuroraMeter.Credits.LotMigration.write!/3
    (aurora_meter 0.5.0) lib/aurora_meter/credits/lot_migration.ex:567: AuroraMeter.Credits.LotMigration.reconciled/6
    (aurora_meter 0.5.0) test/support/test_repo.ex:3: anonymous fn/1 in AuroraMeter.TestRepo.transaction/2
    (ecto 3.14.1) lib/ecto/repo/transaction.ex:11: anonymous fn/3 in Ecto.Repo.Transaction.transact/4
    (ecto_sql 3.14.0) lib/ecto/adapters/sql.ex:1481: anonymous fn/3 in Ecto.Adapters.SQL.checkout_or_transaction/4
    (db_connection 2.10.2) lib/db_connection.ex:1760: DBConnection.run_transaction/5
    (aurora_meter 0.5.0) test/support/aurora_meter/test/fault_repo.ex:70: AuroraMeter.Test.FaultRepo.transaction/1
    (aurora_meter 0.5.0) lib/aurora_meter/credits/lot_migration.ex:521: AuroraMeter.Credits.LotMigration.lock_phase/5
    (aurora_meter 0.5.0) lib/aurora_meter/credits/lot_migration.ex:479: AuroraMeter.Credits.LotMigration.guarded/5
    (aurora_meter 0.5.0) lib/aurora_meter/credits/lot_migration.ex:427: AuroraMeter.Credits.LotMigration.wallet/3
    (aurora_meter 0.5.0) lib/aurora_meter/credits/lot_migration.ex:367: AuroraMeter.Credits.LotMigration.step_wallet/4
    (aurora_meter 0.5.0) lib/aurora_meter/credits/lot_migration.ex:356: anonymous fn/4 in AuroraMeter.Credits.LotMigration.execute/3
    (elixir 1.20.1) lib/enum.ex:2622: Enum."-reduce/3-lists^foldl/2-0-"/3
    (aurora_meter 0.5.0) lib/aurora_meter/credits/lot_migration.ex:354: AuroraMeter.Credits.LotMigration.execute/3
    (aurora_meter 0.5.0) lib/aurora_meter/credits/lot_migration.ex:291: AuroraMeter.Credits.LotMigration.run/1
    test/aurora_meter/credits_lot_migration_test.exs:608: AuroraMeter.CreditsLotMigrationTest."test LI-06b-4 a write that fails inside the cutover leaves the wallet entirely untouched"/1
    (ex_unit 1.20.1) lib/ex_unit/runner.ex:533: ExUnit.Runner.exec_test/2
    (stdlib 8.0) timer.erl:599: :timer.tc/2
 The wallet is untouched and reported blocked; the run continues.
....aurora_meter.credits.migrate_lots:
  wallets        2
  migrated       1
  blocked        1
  deferred       0
  skipped        0
  rows           4
  lots           1
  allocations    1
  lock ms max    2
  duration ms    5

blocked wallets:
  org_2  reversal_unattributed %{}

1 wallets are now owned by the allocator. Every node must already be on a release that honours `lots_enabled_at`: an older image ignores the column and would write legacy arithmetic over the lots, which the next conservation check would refuse.
aurora_meter.credits.migrate_lots:
  wallets        2
  migrated       1
  blocked        0
  deferred       0
  skipped        0
  rows           4
  lots           1
  allocations    1
  lock ms max    2
  duration ms    5

blocked wallets:
  org_2  reversal_unattributed %{}

1 wallets are now owned by the allocator. Every node must already be on a release that honours `lots_enabled_at`: an older image ignores the column and would write legacy arithmetic over the lots, which the next conservation check would refuse.
aurora_meter.credits.migrate_lots will not cut a wallet over yet.

AuroraMeter.Credits.reverse/4 does not take the lot path yet, so a paid refund on a cut-over wallet would consume promotional lots in spend order and write nothing into `reversed`. Shadow runs and reports are unaffected.

Nothing was read and nothing was written. Run it without --no-shadow to
take the whole replay and reconciliation now; the cutover is a separate
decision and it needs the lot-aware refund path first (X250).

...........................................................................................................................................................................................................................................................................................................................................................
05:31:55.683 [warning] AuroraMeter: feature :nowhere is not declared on the tenant's plan (first seen from check). :undeclared_feature_policy is :warn, so it is allowed; Aurora Meter 1.0 denies it. Declare it on the plan, run `mix aurora_meter.features` to find every other one, or set `config :aurora_meter, undeclared_feature_policy: :allow`.
....................................
05:31:55.727 [warning] AuroraMeter: feature :elsewhere is not declared on the tenant's plan (first seen from check). :undeclared_feature_policy is :warn, so it is allowed; Aurora Meter 1.0 denies it. Declare it on the plan, run `mix aurora_meter.features` to find every other one, or set `config :aurora_meter, undeclared_feature_policy: :allow`.
.......................................
05:31:55.960 [error] AuroraMeter flush failed; the same batch will be retried: "injected fault at :before_commit (label: :receipt_insert) context: %{kind: :write, statement: :receipt_insert, schema: AuroraMeter.Schema.FlushReceipt, repo_fun: :insert_all}"
.
05:31:55.993 [error] AuroraMeter flush failed; the same batch will be retried: "injected fault at :before_commit (label: :counter_upsert) context: %{kind: :write, statement: :counter_upsert, schema: AuroraMeter.Schema.Counter, repo_fun: :insert_all}"
.
05:31:56.026 [error] AuroraMeter flush failed; the same batch will be retried: "injected fault at :before_commit (label: :history_upsert) context: %{kind: :write, statement: :history_upsert, schema: AuroraMeter.Schema.History, repo_fun: :insert_all}"
.
05:31:56.059 [error] AuroraMeter flush failed; the same batch will be retried: "injected fault at :before_commit (label: :counter_upsert) context: %{kind: :write, statement: :counter_upsert, schema: AuroraMeter.Schema.Counter, repo_fun: :insert_all}"
........................................................................[06a cross-oracle] compared: 11, diverged: 1
........................
05:32:04.596 [warning] AuroraMeter: feature :nothing is not declared on the tenant's plan (first seen from quota). :undeclared_feature_policy is :warn, so it is allowed; Aurora Meter 1.0 denies it. Declare it on the plan, run `mix aurora_meter.features` to find every other one, or set `config :aurora_meter, undeclared_feature_policy: :allow`.
........................................................
05:32:04.743 [error] AuroraMeter: the in-memory projection of event "base" failed (AuroraMeter.Test.PeriodSources.FutureWindow returned a period that does not contain the instant asked about. An AuroraMeter period is a half-open UTC interval [start, end): start belongs to the period, end does not, and the interval must contain the instant it is resolved for. reason=:not_containing tenant_key="correct_3462" instant=~U[2026-09-15 19:32:04.743544Z] period=%{start: ~U[2026-10-02 00:00:00Z], end: ~U[2026-11-02 00:00:00Z], source: :calendar}). The event is committed and AuroraMeter.Events.total/3 is authoritative; the in-memory value corrects itself on the next cold read.

05:32:04.746 [error] AuroraMeter: the in-memory projection of event "fix" failed (AuroraMeter.Test.PeriodSources.FutureWindow returned a period that does not contain the instant asked about. An AuroraMeter period is a half-open UTC interval [start, end): start belongs to the period, end does not, and the interval must contain the instant it is resolved for. reason=:not_containing tenant_key="correct_3462" instant=~U[2026-09-15 19:32:04.746238Z] period=%{start: ~U[2026-10-02 00:00:00Z], end: ~U[2026-11-02 00:00:00Z], source: :calendar}). The event is committed and AuroraMeter.Events.total/3 is authoritative; the in-memory value corrects itself on the next cold read.
........................
05:32:05.254 [error] AuroraMeter: publishing event "pubsub-down" failed (unknown registry: :no_such_pubsub_server. Either the registry name is invalid or the registry is not running, possibly because its application isn't started). The event is committed; consumers recover from AuroraMeter.Events.total/3.
.
05:32:05.266 [error] AuroraMeter: the in-memory projection of event "projection-down" failed (AuroraMeter.Test.PeriodSources.FutureWindow returned a period that does not contain the instant asked about. An AuroraMeter period is a half-open UTC interval [start, end): start belongs to the period, end does not, and the interval must contain the instant it is resolved for. reason=:not_containing tenant_key="projection_3718" instant=~U[2026-09-15 19:32:05.266159Z] period=%{start: ~U[2026-10-02 00:00:00Z], end: ~U[2026-11-02 00:00:00Z], source: :calendar}). The event is committed and AuroraMeter.Events.total/3 is authoritative; the in-memory value corrects itself on the next cold read.
....
05:32:05.794 [warning] AuroraMeter: feature :requests is not declared on the tenant's plan (first seen from record_batch). :undeclared_feature_policy is :warn, so it is allowed; Aurora Meter 1.0 denies it. Declare it on the plan, run `mix aurora_meter.features` to find every other one, or set `config :aurora_meter, undeclared_feature_policy: :allow`.

05:32:05.794 [warning] AuroraMeter: feature :requests is not declared on the tenant's plan (first seen from record_batch). :undeclared_feature_policy is :warn, so it is allowed; Aurora Meter 1.0 denies it. Declare it on the plan, run `mix aurora_meter.features` to find every other one, or set `config :aurora_meter, undeclared_feature_policy: :allow`.
..............................
05:32:08.955 [warning] AuroraMeter.Credits.Recurrences: the period source could not place "recurboom_7559" for :monthly (:period_source_error). The tenant is skipped and the run continues; nothing is granted for it until the source is fixed. this period source cannot place recurboom_7559
.............................................
05:32:09.085 [warning] config :aurora_meter, durable_features: [:ai_generations] is deprecated. It still works, and will keep working until 2.0. Aurora Meter 1.0 replaces it with `feature_sources`, which says where each feature's commercial quantity comes from instead of bolting an event row onto a buffered count, and with `AuroraMeter.record/4` for usage that must not be lost. Nothing to do today: see docs/upgrading-to-1.0.md before you upgrade to 1.0.
...........................
05:32:11.786 [error] AuroraMeter: the in-memory projection of event "base" failed (AuroraMeter.Test.PeriodSources.FutureWindow returned a period that does not contain the instant asked about. An AuroraMeter period is a half-open UTC interval [start, end): start belongs to the period, end does not, and the interval must contain the instant it is resolved for. reason=:not_containing tenant_key="replace_8007" instant=~U[2026-09-15 19:32:11.786678Z] period=%{start: ~U[2026-10-02 00:00:00Z], end: ~U[2026-11-02 00:00:00Z], source: :calendar}). The event is committed and AuroraMeter.Events.total/3 is authoritative; the in-memory value corrects itself on the next cold read.

05:32:11.790 [error] AuroraMeter: the in-memory projection of event "fix" failed (AuroraMeter.Test.PeriodSources.FutureWindow returned a period that does not contain the instant asked about. An AuroraMeter period is a half-open UTC interval [start, end): start belongs to the period, end does not, and the interval must contain the instant it is resolved for. reason=:not_containing tenant_key="replace_8007" instant=~U[2026-09-15 19:32:11.790695Z] period=%{start: ~U[2026-10-02 00:00:00Z], end: ~U[2026-11-02 00:00:00Z], source: :calendar}). The event is committed and AuroraMeter.Events.total/3 is authoritative; the in-memory value corrects itself on the next cold read.

05:32:11.790 [error] AuroraMeter: the in-memory projection of event "fix~r" failed (AuroraMeter.Test.PeriodSources.FutureWindow returned a period that does not contain the instant asked about. An AuroraMeter period is a half-open UTC interval [start, end): start belongs to the period, end does not, and the interval must contain the instant it is resolved for. reason=:not_containing tenant_key="replace_8007" instant=~U[2026-09-15 19:32:11.790771Z] period=%{start: ~U[2026-10-02 00:00:00Z], end: ~U[2026-11-02 00:00:00Z], source: :calendar}). The event is committed and AuroraMeter.Events.total/3 is authoritative; the in-memory value corrects itself on the next cold read.
.......................................
05:32:12.019 [warning] AuroraMeter.Retention.forget_node/1 removed the flush heartbeat for "node_b".

It read: state="pending" updated_at=~U[2026-09-15 19:32:12.017708Z] cursor=%{"batch_id" => "17607032-c803-40ec-8920-79cf11155a65", "pending_since" => "2026-07-16T19:32:12.017375Z", "version" => "0.5.0"}

That node no longer blocks a flush-receipt prune. If it is still alive and still holding a pending batch, and it later retries that batch after its receipt has been pruned, the batch's usage is counted twice (invariant I01).


05:32:12.021 [warning] AuroraMeter.Retention.forget_node/1 removed the flush heartbeat for "node_c".

It read: state="pending" updated_at=~U[2026-09-15 19:32:12.018125Z] cursor=%{"batch_id" => "decd19a9-c735-4e22-8a7d-adcb91b1fdaf", "pending_since" => "2026-07-16T19:32:12.017789Z", "version" => "0.5.0"}

That node no longer blocks a flush-receipt prune. If it is still alive and still holding a pending batch, and it later retries that batch after its receipt has been pruned, the batch's usage is counted twice (invariant I01).

.
05:32:12.027 [warning] AuroraMeter.Retention: a flush heartbeat is filed under "nonode@nohost", which is what every unnamed VM calls itself. If more than one node shares this database, they share this one row and it cannot tell one node from ten. Set :flush_node_id per node, or start the VMs with names.

05:32:12.030 [warning] AuroraMeter.Retention.forget_node/1 removed the flush heartbeat for "app@10.0.1.7".

It read: state="idle" updated_at=~U[2026-09-15 19:32:12.029854Z] cursor=%{"version" => "0.5.0"}

That node no longer blocks a flush-receipt prune. If it is still alive and still holding a pending batch, and it later retries that batch after its receipt has been pruned, the batch's usage is counted twice (invariant I01).

............
05:32:12.058 [warning] AuroraMeter: feature :nothing_declared is not declared on the tenant's plan (first seen from feature_value). :undeclared_feature_policy is :warn, so it is allowed; Aurora Meter 1.0 denies it. Declare it on the plan, run `mix aurora_meter.features` to find every other one, or set `config :aurora_meter, undeclared_feature_policy: :allow`.
....
05:32:12.074 [warning] AuroraMeter: feature :some_new_thing is not declared on the tenant's plan (first seen from check). :undeclared_feature_policy is :warn, so it is allowed; Aurora Meter 1.0 denies it. Declare it on the plan, run `mix aurora_meter.features` to find every other one, or set `config :aurora_meter, undeclared_feature_policy: :allow`.
.........................................................
05:32:13.928 [error] Postgrex.Protocol (#PID<0.298.0> ({Postgrex.Protocol, "aurora_meter_test"})) disconnected: ** (DBConnection.ConnectionError) client #PID<0.10658.0> exited
.............................................................................
05:32:14.934 [warning] AuroraMeter.Tenant.Default.to_key/1 returned an empty tenant key. Every tenant it cannot resolve then shares one set of counters. Return a non-empty String.t(), or refuse the term. This version keeps the old behaviour and warns once per node; Aurora Meter 1.0 raises. See the AuroraMeter.Tenant documentation.
.........
05:32:14.957 [warning] AuroraMeter: feature :requests is not declared on the tenant's plan (first seen from record). :undeclared_feature_policy is :warn, so it is allowed; Aurora Meter 1.0 denies it. Declare it on the plan, run `mix aurora_meter.features` to find every other one, or set `config :aurora_meter, undeclared_feature_policy: :allow`.
....
05:32:14.974 [error] AuroraMeter: the in-memory projection of event "unresolved" failed (AuroraMeter.Test.PeriodSources.FutureWindow returned a period that does not contain the instant asked about. An AuroraMeter period is a half-open UTC interval [start, end): start belongs to the period, end does not, and the interval must contain the instant it is resolved for. reason=:not_containing tenant_key="record_77570" instant=~U[2026-09-15 19:32:14.974212Z] period=%{start: ~U[2026-10-02 00:00:00Z], end: ~U[2026-11-02 00:00:00Z], source: :calendar}). The event is committed and AuroraMeter.Events.total/3 is authoritative; the in-memory value corrects itself on the next cold read.
.
05:32:14.976 [error] AuroraMeter: the in-memory projection of event "ineligible" failed (AuroraMeter.Test.PeriodSources.FutureWindow returned a period that does not contain the instant asked about. An AuroraMeter period is a half-open UTC interval [start, end): start belongs to the period, end does not, and the interval must contain the instant it is resolved for. reason=:not_containing tenant_key="record_10629" instant=~U[2026-09-15 19:32:14.976479Z] period=%{start: ~U[2026-10-02 00:00:00Z], end: ~U[2026-11-02 00:00:00Z], source: :calendar}). The event is committed and AuroraMeter.Events.total/3 is authoritative; the in-memory value corrects itself on the next cold read.
...........
Finished in 218.1 seconds (2.0s async, 216.1s sync)

Result: 1553 passed (69 doctests, 17 properties, 1467 tests)
[mixlane] core exit=0 started=2026-09-15T19:28:36Z finished=2026-09-15T19:32:15Z
test exit=0
