[mixlane] pro: DB_PORT=5490 mix check
==> aurora_meter
Compiling 90 files (.ex)
Generated aurora_meter app
==> aurora_meter_pro
Compiling 76 files (.ex)
Generated aurora_meter_pro app
Checking 162 source files (this might take a while) ...

Please report incorrect results: https://github.com/rrrene/credo/issues

Analysis took 1 second (0.05s to load, 1.0s running 69 checks on 162 files)
2314 mods/funs, found no issues.

Use `mix credo explain` to explain issues, `mix credo --help` for options.
Finding suitable PLTs
Checking PLT...
[:asn1, :aurora_meter, :aurora_meter_pro, :certifi, :compiler, :crypto, :db_connection, :decimal, :ecto, :ecto_sql, :eex, :elixir, :ex_ast, :ex_unit, :finch, :floki, :glob_ex, :h2, :hackney, :hpax, :idna, :igniter, :inets, :jason, :kernel, :logger, :mime, :mimerl, :mint, :mix, :nimble_options, :nimble_pool, :oban, :owl, :phoenix, :phoenix_html, :phoenix_live_view, :phoenix_pubsub, :phoenix_template, :phx_new, :plug, :plug_crypto, :postgrex, :public_key, :quic, :req, :rewrite, :sourceror, :spitfire, :ssl, :ssl_verify_fun, :stdlib, :stripity_stripe, :telemetry, :text_diff, :uri_query, :websock, :websock_adapter, :webtransport]
Looking up modules in dialyxir_erlang-29.0.1_elixir-1.20.1_deps-test.plt
Looking up modules in dialyxir_erlang-29.0.1_elixir-1.20.1.plt
Finding applications for dialyxir_erlang-29.0.1_elixir-1.20.1.plt
Finding modules for dialyxir_erlang-29.0.1_elixir-1.20.1.plt
Checking 494 modules in dialyxir_erlang-29.0.1_elixir-1.20.1.plt
Finding applications for dialyxir_erlang-29.0.1_elixir-1.20.1_deps-test.plt
Finding modules for dialyxir_erlang-29.0.1_elixir-1.20.1_deps-test.plt
Copying dialyxir_erlang-29.0.1_elixir-1.20.1.plt to dialyxir_erlang-29.0.1_elixir-1.20.1_deps-test.plt
Looking up modules in dialyxir_erlang-29.0.1_elixir-1.20.1_deps-test.plt
Checking 494 modules in dialyxir_erlang-29.0.1_elixir-1.20.1_deps-test.plt
Adding 1895 modules to dialyxir_erlang-29.0.1_elixir-1.20.1_deps-test.plt
done in 1m8.4s
ignore_warnings: .dialyzer_ignore.exs

Starting Dialyzer
[
  check_plt: false,
  init_plt: ~c"priv/plts/dialyxir_erlang-29.0.1_elixir-1.20.1_deps-test.plt",
  files: [~c"/home/liamk/src/PhxTemplates/product-workspaces/aurora_meter_pro/_build/test/lib/aurora_meter_pro/ebin/Elixir.AuroraMeter.Pro.Migration.V9.beam",
   ~c"/home/liamk/src/PhxTemplates/product-workspaces/aurora_meter_pro/_build/test/lib/aurora_meter_pro/ebin/Elixir.AuroraMeter.Pro.Stripe.Fake.State.beam",
   ~c"/home/liamk/src/PhxTemplates/product-workspaces/aurora_meter_pro/_build/test/lib/aurora_meter_pro/ebin/Elixir.AuroraMeter.Pro.Outbox.beam",
   ~c"/home/liamk/src/PhxTemplates/product-workspaces/aurora_meter_pro/_build/test/lib/aurora_meter_pro/ebin/Elixir.Mix.Tasks.AuroraMeterPro.Gen.Migration.beam",
   ~c"/home/liamk/src/PhxTemplates/product-workspaces/aurora_meter_pro/_build/test/lib/aurora_meter_pro/ebin/Elixir.AuroraMeter.Pro.Migration.V1.beam",
   ...],
  ...
]
Total errors: 1, Skipped: 1, Unnecessary Skips: 0
done in 0m5.04s
done (passed successfully)
Running ExUnit with seed: 678538, max_cases: 48

.....................................
09:57:06.951 [warning] AuroraMeter.Pro is not in your supervision tree, so its configuration was never validated and its boot checks never ran. Add `AuroraMeter.Pro` to your children, after your Repo. Validating lazily now.
...............................................................................................................    warning: AuroraMeter.Pro.Credits.Expirer.run/0 is deprecated. Use AuroraMeter.Oban.CreditExpiry (aurora_meter 1.0)
    │
 50 │     assert {:ok, count} = Expirer.run()
    │                                   ~
    │
    └─ test/aurora_meter/pro/credits/expirer_test.exs:50:35: AuroraMeter.Pro.Credits.ExpirerTest."test run/0 still returns {:ok, count}"/1

...................................
09:57:08.697 [error] AuroraMeter.Pro.Exporter.StripeMeterEvents: the meter event call raised for subject "stripemeter_162373": AuroraMeter.Pro.Test.StripeMeterDouble was told to
....................................................................
09:57:09.110 [warning] AuroraMeter.Pro configuration did not validate: config :aurora_meter_pro, stripe_mode is :live but the configured Stripe API key begins sk_test_, which is :test mode. One of the two is wrong, and shipping either way round moves money in the wrong environment. (Only the key's prefix is read, and only the prefix is printed here.) See the configuration table in docs/getting-started.md. Falling back to the unvalidated value. Add AuroraMeter.Pro to your supervision tree to have this fail at boot instead.
......
09:57:09.130 [warning] AuroraMeter.Pro configuration did not validate: config :aurora_meter_pro, stripe_account_id is required once usage is exported (one feature is mapped in stripe_meters). It is part of the outbox identity, so there is no safe default: an invented account id produces an identity that can never match a real one. Set `stripe_account_id: "acct_..."`. See the configuration table in docs/getting-started.md. Falling back to the unvalidated value. Add AuroraMeter.Pro to your supervision tree to have this fail at boot instead.
....................
09:57:09.178 [warning] AuroraMeter.Pro.AuditLog.Pruner is deprecated and is removed in Aurora Meter Pro 2.0. It still prunes the audit log and only the audit log. Move the crontab entry to AuroraMeter.Pro.Retention.Pruner, which prunes the audit log and the four other operational tables that grow with traffic. See the Retention guide.
........................................................................................
09:57:10.339 [error] AuroraMeter.Pro.Credits: the credit for pi_prolots_107091 (prolots_107091) is committed and its card could not be saved after 3 attempts (:timeout); opened a card_not_saved reconciliation item (docs/recovery.md)

09:57:10.753 [error] AuroraMeter.Pro.Credits: the credit for pi_prolots_107091 (prolots_107091) is committed and its card could not be saved after 3 attempts (:timeout); opened a card_not_saved reconciliation item (docs/recovery.md)
......................
09:57:11.563 [warning] AuroraMeter.Pro.AuditLog.Pruner is deprecated and is removed in Aurora Meter Pro 2.0. It still prunes the audit log and only the audit log. Move the crontab entry to AuroraMeter.Pro.Retention.Pruner, which prunes the audit log and the four other operational tables that grow with traffic. See the Retention guide.
............................................
09:57:12.290 [warning] AuroraMeter.Pro is not in your supervision tree, so its configuration was never validated and its boot checks never ran. Add `AuroraMeter.Pro` to your children, after your Repo. Validating lazily now.
.................................
09:57:12.893 [warning] AuroraMeter.Pro configuration did not validate: config :aurora_meter_pro, stripe_account_id is required once usage is exported (one feature is mapped in stripe_meters). It is part of the outbox identity, so there is no safe default: an invented account id produces an identity that can never match a real one. Set `stripe_account_id: "acct_..."`. See the configuration table in docs/getting-started.md. Falling back to the unvalidated value. Add AuroraMeter.Pro to your supervision tree to have this fail at boot instead.
..................
09:57:12.951 [warning] AuroraMeter.Pro is not in your supervision tree, so its configuration was never validated and its boot checks never ran. Add `AuroraMeter.Pro` to your children, after your Repo. Validating lazily now.
..
09:57:12.954 [warning] AuroraMeter.Pro is not in your supervision tree, so its configuration was never validated and its boot checks never ran. Add `AuroraMeter.Pro` to your children, after your Repo. Validating lazily now.
.........................
09:57:12.986 [warning] AuroraMeter.Pro is not in your supervision tree, so its configuration was never validated and its boot checks never ran. Add `AuroraMeter.Pro` to your children, after your Repo. Validating lazily now.
.......
09:57:13.081 [warning] AuroraMeter.Pro.Outbox.Reconciler: feature "api_calls" has a Stripe meter event name but no meter id, so its usage cannot be read back and nothing was confirmed for it. Set config :aurora_meter_pro, stripe_meter_ids: %{api_calls: "mtr_..."}. Sending a meter event takes the meter's event name; reading a summary takes its id.
.....
09:57:13.124 [warning] AuroraMeter.Pro.Outbox.Reconciler: could not read a meter event summary for "mtr_TEST": {:error, %Stripe.Error{source: :network, code: :network_error, request_id: nil, extra: %{}, message: "scripted: the provider did not answer", user_message: nil}}. Nothing was confirmed and no finding was opened.
.......
09:57:13.192 [warning] AuroraMeter.Pro.Outbox.Reconciler: feature "api_calls" has a Stripe meter event name but no meter id, so its usage cannot be read back and nothing was confirmed for it. Set config :aurora_meter_pro, stripe_meter_ids: %{api_calls: "mtr_..."}. Sending a meter event takes the meter's event name; reading a summary takes its id.
............................
09:57:14.553 [error] AuroraMeter.Pro.UsageReporter: staging reportfail_b_181581 api_calls for ~U[2026-09-01 00:00:00Z] raised injected fault at :before_commit (label: :stage_second_subscription) context: %{kind: :write, schema: AuroraMeter.Pro.Schema.OutboxItem, statement: :other, repo_fun: :insert_all}. The run continues; the next run recomputes this window.
..................................
09:57:15.141 [error] Postgrex.Protocol (#PID<0.162220.0> ({Postgrex.Protocol, "aurora_meter_pro_test"})) disconnected: ** (Postgrex.Error) FATAL 57P01 (admin_shutdown) terminating connection due to administrator command
....................................................................................
09:57:15.901 [warning] AuroraMeter.Pro.AuditLog.Pruner is deprecated and is removed in Aurora Meter Pro 2.0. It still prunes the audit log and only the audit log. Move the crontab entry to AuroraMeter.Pro.Retention.Pruner, which prunes the audit log and the four other operational tables that grow with traffic. See the Retention guide.
.....
09:57:16.015 [error] AuroraMeter.Pro.Credits: refund for pi_orphan_416642 has no grant, no tenant metadata and is older than the grant race; answered 200 and opened a reversal_without_grant reconciliation item (docs/recovery.md)

09:57:16.018 [error] AuroraMeter.Pro.Credits: refund for pi_orphan_416642 has no grant, no tenant metadata and is older than the grant race; answered 200 and opened a reversal_without_grant reconciliation item (docs/recovery.md)
...........................
09:57:16.579 [error] AuroraMeter.Pro.Credits: paid checkout session "cs_p17_pendingpay_131849" for pendingpay_131849 carries no payment_intent; refusing so Stripe redelivers it rather than granting under the session id (P17)
...
09:57:16.701 [warning] AuroraMeter.Pro auto top-up for pendingpay_131913 got no answer (%Stripe.Error{source: :network, code: :network_error, request_id: nil, extra: %{hackney_reason: :timeout}, message: "An error occurred while making the network request. The HTTP client returned the following reason: :timeout", user_message: nil}); leaving the attempt open rather than counting it against the card

09:57:16.706 [warning] AuroraMeter.Pro auto top-up for pendingpay_131913 got no answer (%Stripe.Error{source: :network, code: :network_error, request_id: nil, extra: %{hackney_reason: :timeout}, message: "An error occurred while making the network request. The HTTP client returned the following reason: :timeout", user_message: nil}); leaving the attempt open rather than counting it against the card

09:57:16.711 [warning] AuroraMeter.Pro auto top-up for pendingpay_131913 got no answer (%Stripe.Error{source: :network, code: :network_error, request_id: nil, extra: %{hackney_reason: :timeout}, message: "An error occurred while making the network request. The HTTP client returned the following reason: :timeout", user_message: nil}); leaving the attempt open rather than counting it against the card

09:57:16.715 [warning] AuroraMeter.Pro auto top-up for pendingpay_131913 got no answer (%Stripe.Error{source: :network, code: :network_error, request_id: nil, extra: %{hackney_reason: :timeout}, message: "An error occurred while making the network request. The HTTP client returned the following reason: :timeout", user_message: nil}); leaving the attempt open rather than counting it against the card

09:57:16.720 [warning] AuroraMeter.Pro auto top-up for pendingpay_131913 got no answer (%Stripe.Error{source: :network, code: :network_error, request_id: nil, extra: %{hackney_reason: :timeout}, message: "An error occurred while making the network request. The HTTP client returned the following reason: :timeout", user_message: nil}); leaving the attempt open rather than counting it against the card
..
09:57:16.857 [warning] AuroraMeter.Pro auto top-up for pendingpay_131977 got no answer (%Stripe.Error{source: :network, code: :network_error, request_id: nil, extra: %{hackney_reason: :timeout}, message: "An error occurred while making the network request. The HTTP client returned the following reason: :timeout", user_message: nil}); leaving the attempt open rather than counting it against the card
.
09:57:16.912 [error] Postgrex.Protocol (#PID<0.162212.0> ({Postgrex.Protocol, "aurora_meter_pro_test"})) disconnected: ** (DBConnection.ConnectionError) client #PID<0.165752.0> exited
.
09:57:16.948 [warning] AuroraMeter.Pro auto top-up for pendingpay_164039 got no answer (%Stripe.Error{source: :network, code: :network_error, request_id: nil, extra: %{hackney_reason: :timeout}, message: "An error occurred while making the network request. The HTTP client returned the following reason: :timeout", user_message: nil}); leaving the attempt open rather than counting it against the card
..
09:57:17.012 [warning] AuroraMeter.Pro auto top-up for pendingpay_132105 got no answer (%Stripe.Error{source: :stripe, code: :rate_limit_error, request_id: nil, extra: %{http_status: 429}, message: "too many requests", user_message: nil}); leaving the attempt open rather than counting it against the card
..
09:57:17.064 [error] Postgrex.Protocol (#PID<0.162225.0> ({Postgrex.Protocol, "aurora_meter_pro_test"})) disconnected: ** (DBConnection.ConnectionError) client #PID<0.165784.0> exited
.
09:57:17.116 [error] Postgrex.Protocol (#PID<0.162226.0> ({Postgrex.Protocol, "aurora_meter_pro_test"})) disconnected: ** (DBConnection.ConnectionError) client #PID<0.165792.0> exited
..............
09:57:17.336 [warning] AuroraMeter.Pro configuration did not validate: config :aurora_meter_pro, stripe_mode is :live but the configured Stripe API key begins sk_test_, which is :test mode. One of the two is wrong, and shipping either way round moves money in the wrong environment. (Only the key's prefix is read, and only the prefix is printed here.) See the configuration table in docs/getting-started.md. Falling back to the unvalidated value. Add AuroraMeter.Pro to your supervision tree to have this fail at boot instead.
.................
09:57:17.578 [warning] AuroraMeter.Pro.Credits: refund for pi_syncrefund_160840 (syncrefund_160840) arrived before its grant; refusing so Stripe redelivers it
......
09:57:17.823 [warning] AuroraMeter.Pro.Credits: refund for pi_syncrefund_180038 (tenant unknown) arrived before its grant; refusing so Stripe redelivers it
........
09:57:18.046 [error] AuroraMeter.Pro.Credits: refund for pi_syncrefund_419074 has no grant, no tenant metadata and is older than the grant race; answered 200 and opened a reversal_without_grant reconciliation item (docs/recovery.md)
............................................................
09:57:19.470 [warning] AuroraMeter.Pro auto top-up for worker_420226 got no answer (%Stripe.Error{source: :stripe, code: :api_error, request_id: nil, extra: %{http_status: 500}, message: "server error", user_message: nil}); leaving the attempt open rather than counting it against the card
...
09:57:19.529 [warning] AuroraMeter.Pro auto top-up for worker_164679 got no answer (%Stripe.Error{source: :network, code: :network_error, request_id: nil, extra: %{hackney_reason: :timeout}, message: "An error occurred while making the network request. The HTTP client returned the following reason: :timeout", user_message: nil}); leaving the attempt open rather than counting it against the card
.....
09:57:19.660 [warning] AuroraMeter.Pro auto top-up for worker_275651 got no answer (%Stripe.Error{source: :network, code: :network_error, request_id: nil, extra: %{hackney_reason: :timeout}, message: "An error occurred while making the network request. The HTTP client returned the following reason: :timeout", user_message: nil}); leaving the attempt open rather than counting it against the card
.............................................
09:57:20.203 [warning] AuroraMeter.Pro configuration did not validate: config :aurora_meter_pro, stripe_account_id is required once usage is exported (one feature is mapped in stripe_meters). It is part of the outbox identity, so there is no safe default: an invented account id produces an identity that can never match a real one. Set `stripe_account_id: "acct_..."`. See the configuration table in docs/getting-started.md. Falling back to the unvalidated value. Add AuroraMeter.Pro to your supervision tree to have this fail at boot instead.
...........................
09:57:20.330 [error] AuroraMeter.Pro.Credits: refund for pi_unknown has no grant, no tenant metadata and is older than the grant race; answered 200 and opened a reversal_without_grant reconciliation item (docs/recovery.md)
................
09:57:20.558 [error] AuroraMeter.Pro.Credits: refund for pi_not_ours has no grant, no tenant metadata and is older than the grant race; answered 200 and opened a reversal_without_grant reconciliation item (docs/recovery.md)
..............
09:57:20.683 [warning] AuroraMeter.Pro.Credits: refund for pi_refund_first_org_164357 (org_164357) arrived before its grant; refusing so Stripe redelivers it

09:57:20.684 [warning] AuroraMeter.Pro.Webhook: charge.refunded evt_165191 not applied: :grant_not_found
....
09:57:20.735 [warning] AuroraMeter.Pro.Credits: refund for pi_early_dispute_org_276867 (tenant unknown) arrived before its grant; refusing so Stripe redelivers it
...................................
09:57:21.259 [warning] AuroraMeter.Pro.Credits: dispute reinstatement for pi_legacy_other_org_162440 (org_162440) arrived before its grant; refusing so Stripe redelivers it

09:57:21.259 [warning] AuroraMeter.Pro.Credits: refund for pi_legacy_ungranted_org_162440 (org_162440) arrived before its grant; refusing so Stripe redelivers it
...............
Finished in 14.7 seconds (1.2s async, 13.4s sync)

Result: 987 passed (66 doctests, 921 tests)
Generating docs...
View html docs at "/tmp/aurora_meter_pro-check-doc/index.html"
[mixlane] pro exit=0 started=2026-09-15T23:55:46Z finished=2026-09-15T23:57:22Z
