files: test/aurora_meter/credits_lot_migration_property_test.exs test/aurora_meter/plan_versions_property_test.exs
=== seed 0 ===
exit=0
07a plan version property: determinism 100
.07a plan version property: injectivity distinct=100 equal=0
.07a plan version property: round trip 100
...[06b replay property] compared: 14, refused: 7, skipped: 0, reordered by seq: 0, refusals: %{reversal_took_reserved: 1, expire_reserved_grant: 3, promotional_divergence_settle: 2, promotional_divergence_debit: 1}
Result: 5 passed (4 properties, 1 test)
=== seed 1 ===
exit=0
07a plan version property: round trip 100
.07a plan version property: injectivity distinct=100 equal=0
.07a plan version property: determinism 100
...[06b replay property] compared: 19, refused: 2, skipped: 0, reordered by seq: 0, refusals: %{expire_reserved_grant: 1, promotional_divergence_debit: 1}
Result: 5 passed (4 properties, 1 test)
=== seed 7 ===
exit=0
07a plan version property: round trip 100
.07a plan version property: injectivity distinct=100 equal=0
.07a plan version property: determinism 100
...[06b replay property] compared: 16, refused: 5, skipped: 0, reordered by seq: 0, refusals: %{expire_reserved_grant: 2, promotional_divergence_debit: 1, promotional_divergence_settle: 2}
Result: 5 passed (4 properties, 1 test)
=== seed 42 ===
exit=0
07a plan version property: determinism 100
.07a plan version property: injectivity distinct=100 equal=0
.07a plan version property: round trip 100
...[06b replay property] compared: 11, refused: 10, skipped: 0, reordered by seq: 0, refusals: %{reversal_took_reserved: 2, expire_reserved_grant: 2, promotional_divergence_debit: 4, promotional_divergence_reverse: 1, promotional_divergence_settle: 1}
Result: 5 passed (4 properties, 1 test)
=== seed 1337 ===
exit=0
07a plan version property: injectivity distinct=100 equal=0
.07a plan version property: round trip 100
.07a plan version property: determinism 100
...[06b replay property] compared: 16, refused: 5, skipped: 0, reordered by seq: 0, refusals: %{reversal_took_reserved: 1, expire_reserved_grant: 2, promotional_divergence_debit: 2}
Result: 5 passed (4 properties, 1 test)
