[mixlane] core: DB_PORT=5490 mix run /home/liamk/src/PhxTemplates/tmp/v1/07b-lag.exs
=== A. cron lag, interval 5000ms, 12 transitions ===
tick 1: %{failed: 0, cursor: :done, applied: 0, skipped: 0}
tick 2: %{failed: 0, cursor: :done, applied: 12, skipped: 0}
applied: 12
lag seconds min=1.02 max=4.991
lag seconds median=3.009
lag seconds all=[1.02, 1.024, 1.027, 2.013, 2.017, 3.006, 3.009, 3.995, 3.998, 4.002, 4.986, 4.991]
wall clock across both ticks: 5053ms
bound for this interval: 5.0s plus the run's own time

=== B. one run over 500 due transitions ===
batch: %{
  failed: 0,
  cursor: "2026-09-16T00:00:11Z|lagbatch9476_99",
  applied: 500,
  skipped: 0
}
apply_due_transitions(limit: 500) over 500 due transitions: 1816ms
per transition: 3.632ms

=== C. cache staleness after an apply, default TTL ===
subscription_cache_ttl: 5000ms
converged on scale after 5008ms (warm at 0)

lag probe ok
    warning: unused alias Storage
    │
 15 │ alias AuroraMeter.Storage
    │ ~
    │
    └─ /home/liamk/src/PhxTemplates/tmp/v1/07b-lag.exs:15:1

[mixlane] core exit=0 started=2026-09-16T01:00:04Z finished=2026-09-16T01:00:24Z
