files:
  test/aurora_meter/cluster_test.exs
  test/aurora_meter/credits/allocator_test.exs
  test/aurora_meter/credits_figures_test.exs
  test/aurora_meter/credits_lot_migration_property_test.exs
  test/aurora_meter/credits_lots_test.exs
  test/aurora_meter/credits_model_test.exs
  test/aurora_meter/credits_test.exs
  test/aurora_meter/metering_test.exs
  test/aurora_meter/oban_concurrency_test.exs
  test/aurora_meter/plan_versions_property_test.exs
  test/aurora_meter/record_test.exs
=== seed 0 ===
[mixlane] core: DB_PORT=5490 mix test test/aurora_meter/cluster_test.exs test/aurora_meter/credits/allocator_test.exs test/aurora_meter/credits_figures_test.exs test/aurora_meter/credits_lot_migration_property_test.exs test/aurora_meter/credits_lots_test.exs test/aurora_meter/credits_model_test.exs test/aurora_meter/credits_test.exs test/aurora_meter/metering_test.exs test/aurora_meter/oban_concurrency_test.exs test/aurora_meter/plan_versions_property_test.exs test/aurora_meter/record_test.exs --seed 0
Running ExUnit with seed: 0, max_cases: 48
Excluding tags: [:headless]

     warning: variable "blocking" is unused (if the variable is not meant to be used, prefix it with an underscore)
     │
 394 │     blocking = for flag <- report.flags, flag.blocking, do: flag.flag
     │     ~~~~~~~~
     │
     └─ test/aurora_meter/credits_lot_migration_property_test.exs:394:5: AuroraMeter.CreditsLotMigrationPropertyTest.refused!/3

...............     warning: function assign_legacy_plan_versions/1 required by behaviour AuroraMeter.Storage is not implemented (in module AuroraMeter.ClusterTest.FailingStorage)
     │
 172 │     defmodule FailingStorage do
     │     ~~~~~~~~~~~~~~~~~~~~~~~~~~~
     │
     └─ test/aurora_meter/cluster_test.exs:172: AuroraMeter.ClusterTest.FailingStorage (module)

     warning: function assign_legacy_plan_versions/1 required by behaviour AuroraMeter.Storage is not implemented (in module AuroraMeter.ClusterTest.TimingOutStorage)
     │
 227 │     defmodule TimingOutStorage do
     │     ~~~~~~~~~~~~~~~~~~~~~~~~~~~~~
     │
     └─ test/aurora_meter/cluster_test.exs:227: AuroraMeter.ClusterTest.TimingOutStorage (module)

     warning: function list_plan_versions/1 required by behaviour AuroraMeter.Storage is not implemented (in module AuroraMeter.ClusterTest.FailingStorage)
     │
 172 │     defmodule FailingStorage do
     │     ~~~~~~~~~~~~~~~~~~~~~~~~~~~
     │
     └─ test/aurora_meter/cluster_test.exs:172: AuroraMeter.ClusterTest.FailingStorage (module)

     warning: function put_plan_version/1 required by behaviour AuroraMeter.Storage is not implemented (in module AuroraMeter.ClusterTest.FailingStorage)
     │
 172 │     defmodule FailingStorage do
     │     ~~~~~~~~~~~~~~~~~~~~~~~~~~~
     │
     └─ test/aurora_meter/cluster_test.exs:172: AuroraMeter.ClusterTest.FailingStorage (module)

     warning: function list_plan_versions/1 required by behaviour AuroraMeter.Storage is not implemented (in module AuroraMeter.ClusterTest.TimingOutStorage)
     │
 227 │     defmodule TimingOutStorage do
     │     ~~~~~~~~~~~~~~~~~~~~~~~~~~~~~
     │
     └─ test/aurora_meter/cluster_test.exs:227: AuroraMeter.ClusterTest.TimingOutStorage (module)

     warning: function put_plan_version/1 required by behaviour AuroraMeter.Storage is not implemented (in module AuroraMeter.ClusterTest.TimingOutStorage)
     │
 227 │     defmodule TimingOutStorage do
     │     ~~~~~~~~~~~~~~~~~~~~~~~~~~~~~
     │
     └─ test/aurora_meter/cluster_test.exs:227: AuroraMeter.ClusterTest.TimingOutStorage (module)

.................................................................................................[06b replay property] compared: 14, refused: 7, skipped: 0, reordered by seq: 0, refusals: %{reversal_took_reserved: 1, expire_reserved_grant: 3, promotional_divergence_settle: 2, promotional_divergence_debit: 1}
....................................................[06a cross-oracle] compared: 11, diverged: 1
........
10:53:18.816 [warning] AuroraMeter.Tenant.Default.to_key/1 returned an empty tenant key. Every tenant it cannot resolve then shares one set of counters. Return a non-empty String.t(), or refuse the term. This version keeps the old behaviour and warns once per node; Aurora Meter 1.0 raises. See the AuroraMeter.Tenant documentation.
.........
10:53:18.853 [warning] AuroraMeter: feature :requests is not declared on the tenant's plan (first seen from record). :undeclared_feature_policy is :warn, so it is allowed; Aurora Meter 1.0 denies it. Declare it on the plan, run `mix aurora_meter.features` to find every other one, or set `config :aurora_meter, undeclared_feature_policy: :allow`.
....
10:53:18.880 [error] AuroraMeter: the in-memory projection of event "unresolved" failed (AuroraMeter.Test.PeriodSources.FutureWindow returned a period that does not contain the instant asked about. An AuroraMeter period is a half-open UTC interval [start, end): start belongs to the period, end does not, and the interval must contain the instant it is resolved for. reason=:not_containing tenant_key="record_3781" instant=~U[2026-09-16 00:53:18.880485Z] period=%{start: ~U[2026-10-02 00:00:00Z], end: ~U[2026-11-02 00:00:00Z], source: :calendar}). The event is committed and AuroraMeter.Events.total/3 is authoritative; the in-memory value corrects itself on the next cold read.
.
10:53:18.884 [error] AuroraMeter: the in-memory projection of event "ineligible" failed (AuroraMeter.Test.PeriodSources.FutureWindow returned a period that does not contain the instant asked about. An AuroraMeter period is a half-open UTC interval [start, end): start belongs to the period, end does not, and the interval must contain the instant it is resolved for. reason=:not_containing tenant_key="record_3845" instant=~U[2026-09-16 00:53:18.884117Z] period=%{start: ~U[2026-10-02 00:00:00Z], end: ~U[2026-11-02 00:00:00Z], source: :calendar}). The event is committed and AuroraMeter.Events.total/3 is authoritative; the in-memory value corrects itself on the next cold read.
...............................
Finished in 15.6 seconds (1.4s async, 14.2s sync)

Result: 217 passed (42 doctests, 20 properties, 155 tests)
[mixlane] core exit=0 started=2026-09-16T00:53:03Z finished=2026-09-16T00:53:19Z
seed 0     exit=0   Result: 217 passed (42 doctests, 20 properties, 155 tests)
=== seed 1 ===
[mixlane] core: DB_PORT=5490 mix test test/aurora_meter/cluster_test.exs test/aurora_meter/credits/allocator_test.exs test/aurora_meter/credits_figures_test.exs test/aurora_meter/credits_lot_migration_property_test.exs test/aurora_meter/credits_lots_test.exs test/aurora_meter/credits_model_test.exs test/aurora_meter/credits_test.exs test/aurora_meter/metering_test.exs test/aurora_meter/oban_concurrency_test.exs test/aurora_meter/plan_versions_property_test.exs test/aurora_meter/record_test.exs --seed 1
Running ExUnit with seed: 1, max_cases: 48
Excluding tags: [:headless]

     warning: variable "blocking" is unused (if the variable is not meant to be used, prefix it with an underscore)
     │
 394 │     blocking = for flag <- report.flags, flag.blocking, do: flag.flag
     │     ~~~~~~~~
     │
     └─ test/aurora_meter/credits_lot_migration_property_test.exs:394:5: AuroraMeter.CreditsLotMigrationPropertyTest.refused!/3

...............     warning: function assign_legacy_plan_versions/1 required by behaviour AuroraMeter.Storage is not implemented (in module AuroraMeter.ClusterTest.FailingStorage)
     │
 172 │     defmodule FailingStorage do
     │     ~~~~~~~~~~~~~~~~~~~~~~~~~~~
     │
     └─ test/aurora_meter/cluster_test.exs:172: AuroraMeter.ClusterTest.FailingStorage (module)

.     warning: function assign_legacy_plan_versions/1 required by behaviour AuroraMeter.Storage is not implemented (in module AuroraMeter.ClusterTest.TimingOutStorage)
     │
 227 │     defmodule TimingOutStorage do
     │     ~~~~~~~~~~~~~~~~~~~~~~~~~~~~~
     │
     └─ test/aurora_meter/cluster_test.exs:227: AuroraMeter.ClusterTest.TimingOutStorage (module)

     warning: function list_plan_versions/1 required by behaviour AuroraMeter.Storage is not implemented (in module AuroraMeter.ClusterTest.FailingStorage)
     │
 172 │     defmodule FailingStorage do
     │     ~~~~~~~~~~~~~~~~~~~~~~~~~~~
     │
     └─ test/aurora_meter/cluster_test.exs:172: AuroraMeter.ClusterTest.FailingStorage (module)

     warning: function list_plan_versions/1 required by behaviour AuroraMeter.Storage is not implemented (in module AuroraMeter.ClusterTest.TimingOutStorage)
     │
 227 │     defmodule TimingOutStorage do
     │     ~~~~~~~~~~~~~~~~~~~~~~~~~~~~~
     │
     └─ test/aurora_meter/cluster_test.exs:227: AuroraMeter.ClusterTest.TimingOutStorage (module)

     warning: function put_plan_version/1 required by behaviour AuroraMeter.Storage is not implemented (in module AuroraMeter.ClusterTest.FailingStorage)
     │
 172 │     defmodule FailingStorage do
     │     ~~~~~~~~~~~~~~~~~~~~~~~~~~~
     │
     └─ test/aurora_meter/cluster_test.exs:172: AuroraMeter.ClusterTest.FailingStorage (module)

     warning: function put_plan_version/1 required by behaviour AuroraMeter.Storage is not implemented (in module AuroraMeter.ClusterTest.TimingOutStorage)
     │
 227 │     defmodule TimingOutStorage do
     │     ~~~~~~~~~~~~~~~~~~~~~~~~~~~~~
     │
     └─ test/aurora_meter/cluster_test.exs:227: AuroraMeter.ClusterTest.TimingOutStorage (module)

................................................................................................[06b replay property] compared: 19, refused: 2, skipped: 0, reordered by seq: 0, refusals: %{expire_reserved_grant: 1, promotional_divergence_debit: 1}
....................................................[06a cross-oracle] compared: 10, diverged: 2
....................
10:53:38.750 [warning] AuroraMeter.Tenant.Default.to_key/1 returned an empty tenant key. Every tenant it cannot resolve then shares one set of counters. Return a non-empty String.t(), or refuse the term. This version keeps the old behaviour and warns once per node; Aurora Meter 1.0 raises. See the AuroraMeter.Tenant documentation.
.....
10:53:38.778 [warning] AuroraMeter: feature :requests is not declared on the tenant's plan (first seen from record). :undeclared_feature_policy is :warn, so it is allowed; Aurora Meter 1.0 denies it. Declare it on the plan, run `mix aurora_meter.features` to find every other one, or set `config :aurora_meter, undeclared_feature_policy: :allow`.
.......
10:53:38.818 [error] AuroraMeter: the in-memory projection of event "unresolved" failed (AuroraMeter.Test.PeriodSources.FutureWindow returned a period that does not contain the instant asked about. An AuroraMeter period is a half-open UTC interval [start, end): start belongs to the period, end does not, and the interval must contain the instant it is resolved for. reason=:not_containing tenant_key="record_12674" instant=~U[2026-09-16 00:53:38.818314Z] period=%{start: ~U[2026-10-02 00:00:00Z], end: ~U[2026-11-02 00:00:00Z], source: :calendar}). The event is committed and AuroraMeter.Events.total/3 is authoritative; the in-memory value corrects itself on the next cold read.
.............
10:53:38.861 [error] AuroraMeter: the in-memory projection of event "ineligible" failed (AuroraMeter.Test.PeriodSources.FutureWindow returned a period that does not contain the instant asked about. An AuroraMeter period is a half-open UTC interval [start, end): start belongs to the period, end does not, and the interval must contain the instant it is resolved for. reason=:not_containing tenant_key="record_15237" instant=~U[2026-09-16 00:53:38.861241Z] period=%{start: ~U[2026-10-02 00:00:00Z], end: ~U[2026-11-02 00:00:00Z], source: :calendar}). The event is committed and AuroraMeter.Events.total/3 is authoritative; the in-memory value corrects itself on the next cold read.
........
Finished in 18.0 seconds (1.5s async, 16.5s sync)

Result: 217 passed (42 doctests, 20 properties, 155 tests)
[mixlane] core exit=0 started=2026-09-16T00:53:19Z finished=2026-09-16T00:53:38Z
seed 1     exit=0   Result: 217 passed (42 doctests, 20 properties, 155 tests)
=== seed 7 ===
[mixlane] core: DB_PORT=5490 mix test test/aurora_meter/cluster_test.exs test/aurora_meter/credits/allocator_test.exs test/aurora_meter/credits_figures_test.exs test/aurora_meter/credits_lot_migration_property_test.exs test/aurora_meter/credits_lots_test.exs test/aurora_meter/credits_model_test.exs test/aurora_meter/credits_test.exs test/aurora_meter/metering_test.exs test/aurora_meter/oban_concurrency_test.exs test/aurora_meter/plan_versions_property_test.exs test/aurora_meter/record_test.exs --seed 7
Running ExUnit with seed: 7, max_cases: 48
Excluding tags: [:headless]

     warning: variable "blocking" is unused (if the variable is not meant to be used, prefix it with an underscore)
     │
 394 │     blocking = for flag <- report.flags, flag.blocking, do: flag.flag
     │     ~~~~~~~~
     │
     └─ test/aurora_meter/credits_lot_migration_property_test.exs:394:5: AuroraMeter.CreditsLotMigrationPropertyTest.refused!/3

...............     warning: function assign_legacy_plan_versions/1 required by behaviour AuroraMeter.Storage is not implemented (in module AuroraMeter.ClusterTest.FailingStorage)
     │
 172 │     defmodule FailingStorage do
     │     ~~~~~~~~~~~~~~~~~~~~~~~~~~~
     │
     └─ test/aurora_meter/cluster_test.exs:172: AuroraMeter.ClusterTest.FailingStorage (module)

     warning: function assign_legacy_plan_versions/1 required by behaviour AuroraMeter.Storage is not implemented (in module AuroraMeter.ClusterTest.TimingOutStorage)
     │
 227 │     defmodule TimingOutStorage do
     │     ~~~~~~~~~~~~~~~~~~~~~~~~~~~~~
     │
     └─ test/aurora_meter/cluster_test.exs:227: AuroraMeter.ClusterTest.TimingOutStorage (module)

     warning: function list_plan_versions/1 required by behaviour AuroraMeter.Storage is not implemented (in module AuroraMeter.ClusterTest.FailingStorage)
     │
 172 │     defmodule FailingStorage do
     │     ~~~~~~~~~~~~~~~~~~~~~~~~~~~
     │
     └─ test/aurora_meter/cluster_test.exs:172: AuroraMeter.ClusterTest.FailingStorage (module)

     warning: function list_plan_versions/1 required by behaviour AuroraMeter.Storage is not implemented (in module AuroraMeter.ClusterTest.TimingOutStorage)
     │
 227 │     defmodule TimingOutStorage do
     │     ~~~~~~~~~~~~~~~~~~~~~~~~~~~~~
     │
     └─ test/aurora_meter/cluster_test.exs:227: AuroraMeter.ClusterTest.TimingOutStorage (module)

     warning: function put_plan_version/1 required by behaviour AuroraMeter.Storage is not implemented (in module AuroraMeter.ClusterTest.FailingStorage)
     │
 172 │     defmodule FailingStorage do
     │     ~~~~~~~~~~~~~~~~~~~~~~~~~~~
     │
     └─ test/aurora_meter/cluster_test.exs:172: AuroraMeter.ClusterTest.FailingStorage (module)

     warning: function put_plan_version/1 required by behaviour AuroraMeter.Storage is not implemented (in module AuroraMeter.ClusterTest.TimingOutStorage)
     │
 227 │     defmodule TimingOutStorage do
     │     ~~~~~~~~~~~~~~~~~~~~~~~~~~~~~
     │
     └─ test/aurora_meter/cluster_test.exs:227: AuroraMeter.ClusterTest.TimingOutStorage (module)

.................................................................................................[06b replay property] compared: 16, refused: 5, skipped: 0, reordered by seq: 0, refusals: %{expire_reserved_grant: 2, promotional_divergence_debit: 1, promotional_divergence_settle: 2}
....................................................[06a cross-oracle] compared: 9, diverged: 3
........................
10:53:59.476 [warning] AuroraMeter: feature :requests is not declared on the tenant's plan (first seen from record). :undeclared_feature_policy is :warn, so it is allowed; Aurora Meter 1.0 denies it. Declare it on the plan, run `mix aurora_meter.features` to find every other one, or set `config :aurora_meter, undeclared_feature_policy: :allow`.
..........
10:53:59.521 [error] AuroraMeter: the in-memory projection of event "unresolved" failed (AuroraMeter.Test.PeriodSources.FutureWindow returned a period that does not contain the instant asked about. An AuroraMeter period is a half-open UTC interval [start, end): start belongs to the period, end does not, and the interval must contain the instant it is resolved for. reason=:not_containing tenant_key="record_1155" instant=~U[2026-09-16 00:53:59.521613Z] period=%{start: ~U[2026-10-02 00:00:00Z], end: ~U[2026-11-02 00:00:00Z], source: :calendar}). The event is committed and AuroraMeter.Events.total/3 is authoritative; the in-memory value corrects itself on the next cold read.
.....
10:53:59.536 [error] AuroraMeter: the in-memory projection of event "ineligible" failed (AuroraMeter.Test.PeriodSources.FutureWindow returned a period that does not contain the instant asked about. An AuroraMeter period is a half-open UTC interval [start, end): start belongs to the period, end does not, and the interval must contain the instant it is resolved for. reason=:not_containing tenant_key="record_1411" instant=~U[2026-09-16 00:53:59.536802Z] period=%{start: ~U[2026-10-02 00:00:00Z], end: ~U[2026-11-02 00:00:00Z], source: :calendar}). The event is committed and AuroraMeter.Events.total/3 is authoritative; the in-memory value corrects itself on the next cold read.
......
10:53:59.561 [warning] AuroraMeter.Tenant.Default.to_key/1 returned an empty tenant key. Every tenant it cannot resolve then shares one set of counters. Return a non-empty String.t(), or refuse the term. This version keeps the old behaviour and warns once per node; Aurora Meter 1.0 raises. See the AuroraMeter.Tenant documentation.
........
Finished in 19.6 seconds (1.5s async, 18.1s sync)

Result: 217 passed (42 doctests, 20 properties, 155 tests)
[mixlane] core exit=0 started=2026-09-16T00:53:38Z finished=2026-09-16T00:53:59Z
seed 7     exit=0   Result: 217 passed (42 doctests, 20 properties, 155 tests)
=== seed 42 ===
[mixlane] core: DB_PORT=5490 mix test test/aurora_meter/cluster_test.exs test/aurora_meter/credits/allocator_test.exs test/aurora_meter/credits_figures_test.exs test/aurora_meter/credits_lot_migration_property_test.exs test/aurora_meter/credits_lots_test.exs test/aurora_meter/credits_model_test.exs test/aurora_meter/credits_test.exs test/aurora_meter/metering_test.exs test/aurora_meter/oban_concurrency_test.exs test/aurora_meter/plan_versions_property_test.exs test/aurora_meter/record_test.exs --seed 42
Running ExUnit with seed: 42, max_cases: 48
Excluding tags: [:headless]

     warning: variable "blocking" is unused (if the variable is not meant to be used, prefix it with an underscore)
     │
 394 │     blocking = for flag <- report.flags, flag.blocking, do: flag.flag
     │     ~~~~~~~~
     │
     └─ test/aurora_meter/credits_lot_migration_property_test.exs:394:5: AuroraMeter.CreditsLotMigrationPropertyTest.refused!/3

...............     warning: function assign_legacy_plan_versions/1 required by behaviour AuroraMeter.Storage is not implemented (in module AuroraMeter.ClusterTest.FailingStorage)
     │
 172 │     defmodule FailingStorage do
     │     ~~~~~~~~~~~~~~~~~~~~~~~~~~~
     │
     └─ test/aurora_meter/cluster_test.exs:172: AuroraMeter.ClusterTest.FailingStorage (module)

     warning: function list_plan_versions/1 required by behaviour AuroraMeter.Storage is not implemented (in module AuroraMeter.ClusterTest.FailingStorage)
     │
 172 │     defmodule FailingStorage do
     │     ~~~~~~~~~~~~~~~~~~~~~~~~~~~
     │
     └─ test/aurora_meter/cluster_test.exs:172: AuroraMeter.ClusterTest.FailingStorage (module)

     warning: function assign_legacy_plan_versions/1 required by behaviour AuroraMeter.Storage is not implemented (in module AuroraMeter.ClusterTest.TimingOutStorage)
     │
 227 │     defmodule TimingOutStorage do
     │     ~~~~~~~~~~~~~~~~~~~~~~~~~~~~~
     │
     └─ test/aurora_meter/cluster_test.exs:227: AuroraMeter.ClusterTest.TimingOutStorage (module)

     warning: function put_plan_version/1 required by behaviour AuroraMeter.Storage is not implemented (in module AuroraMeter.ClusterTest.FailingStorage)
     │
 172 │     defmodule FailingStorage do
     │     ~~~~~~~~~~~~~~~~~~~~~~~~~~~
     │
     └─ test/aurora_meter/cluster_test.exs:172: AuroraMeter.ClusterTest.FailingStorage (module)

     warning: function list_plan_versions/1 required by behaviour AuroraMeter.Storage is not implemented (in module AuroraMeter.ClusterTest.TimingOutStorage)
     │
 227 │     defmodule TimingOutStorage do
     │     ~~~~~~~~~~~~~~~~~~~~~~~~~~~~~
     │
     └─ test/aurora_meter/cluster_test.exs:227: AuroraMeter.ClusterTest.TimingOutStorage (module)

     warning: function put_plan_version/1 required by behaviour AuroraMeter.Storage is not implemented (in module AuroraMeter.ClusterTest.TimingOutStorage)
     │
 227 │     defmodule TimingOutStorage do
     │     ~~~~~~~~~~~~~~~~~~~~~~~~~~~~~
     │
     └─ test/aurora_meter/cluster_test.exs:227: AuroraMeter.ClusterTest.TimingOutStorage (module)

.................................................................................................[06b replay property] compared: 11, refused: 10, skipped: 0, reordered by seq: 0, refusals: %{reversal_took_reserved: 2, expire_reserved_grant: 2, promotional_divergence_debit: 4, promotional_divergence_reverse: 1, promotional_divergence_settle: 1}
....................................................[06a cross-oracle] compared: 8, diverged: 4
...............................
10:54:16.553 [warning] AuroraMeter.Tenant.Default.to_key/1 returned an empty tenant key. Every tenant it cannot resolve then shares one set of counters. Return a non-empty String.t(), or refuse the term. This version keeps the old behaviour and warns once per node; Aurora Meter 1.0 raises. See the AuroraMeter.Tenant documentation.
......
10:54:16.572 [warning] AuroraMeter: feature :requests is not declared on the tenant's plan (first seen from record). :undeclared_feature_policy is :warn, so it is allowed; Aurora Meter 1.0 denies it. Declare it on the plan, run `mix aurora_meter.features` to find every other one, or set `config :aurora_meter, undeclared_feature_policy: :allow`.
..
10:54:16.591 [error] AuroraMeter: the in-memory projection of event "ineligible" failed (AuroraMeter.Test.PeriodSources.FutureWindow returned a period that does not contain the instant asked about. An AuroraMeter period is a half-open UTC interval [start, end): start belongs to the period, end does not, and the interval must contain the instant it is resolved for. reason=:not_containing tenant_key="record_3780" instant=~U[2026-09-16 00:54:16.591540Z] period=%{start: ~U[2026-10-02 00:00:00Z], end: ~U[2026-11-02 00:00:00Z], source: :calendar}). The event is committed and AuroraMeter.Events.total/3 is authoritative; the in-memory value corrects itself on the next cold read.
.....
10:54:16.615 [error] AuroraMeter: the in-memory projection of event "unresolved" failed (AuroraMeter.Test.PeriodSources.FutureWindow returned a period that does not contain the instant asked about. An AuroraMeter period is a half-open UTC interval [start, end): start belongs to the period, end does not, and the interval must contain the instant it is resolved for. reason=:not_containing tenant_key="record_3843" instant=~U[2026-09-16 00:54:16.615813Z] period=%{start: ~U[2026-10-02 00:00:00Z], end: ~U[2026-11-02 00:00:00Z], source: :calendar}). The event is committed and AuroraMeter.Events.total/3 is authoritative; the in-memory value corrects itself on the next cold read.
.........
Finished in 16.0 seconds (1.4s async, 14.5s sync)

Result: 217 passed (42 doctests, 20 properties, 155 tests)
[mixlane] core exit=0 started=2026-09-16T00:53:59Z finished=2026-09-16T00:54:16Z
seed 42    exit=0   Result: 217 passed (42 doctests, 20 properties, 155 tests)
=== seed 1337 ===
[mixlane] core: DB_PORT=5490 mix test test/aurora_meter/cluster_test.exs test/aurora_meter/credits/allocator_test.exs test/aurora_meter/credits_figures_test.exs test/aurora_meter/credits_lot_migration_property_test.exs test/aurora_meter/credits_lots_test.exs test/aurora_meter/credits_model_test.exs test/aurora_meter/credits_test.exs test/aurora_meter/metering_test.exs test/aurora_meter/oban_concurrency_test.exs test/aurora_meter/plan_versions_property_test.exs test/aurora_meter/record_test.exs --seed 1337
Running ExUnit with seed: 1337, max_cases: 48
Excluding tags: [:headless]

     warning: variable "blocking" is unused (if the variable is not meant to be used, prefix it with an underscore)
     │
 394 │     blocking = for flag <- report.flags, flag.blocking, do: flag.flag
     │     ~~~~~~~~
     │
     └─ test/aurora_meter/credits_lot_migration_property_test.exs:394:5: AuroraMeter.CreditsLotMigrationPropertyTest.refused!/3

...............     warning: function assign_legacy_plan_versions/1 required by behaviour AuroraMeter.Storage is not implemented (in module AuroraMeter.ClusterTest.FailingStorage)
     │
 172 │     defmodule FailingStorage do
     │     ~~~~~~~~~~~~~~~~~~~~~~~~~~~
     │
     └─ test/aurora_meter/cluster_test.exs:172: AuroraMeter.ClusterTest.FailingStorage (module)

     warning: function list_plan_versions/1 required by behaviour AuroraMeter.Storage is not implemented (in module AuroraMeter.ClusterTest.FailingStorage)
     │
 172 │     defmodule FailingStorage do
     │     ~~~~~~~~~~~~~~~~~~~~~~~~~~~
     │
     └─ test/aurora_meter/cluster_test.exs:172: AuroraMeter.ClusterTest.FailingStorage (module)

.     warning: function assign_legacy_plan_versions/1 required by behaviour AuroraMeter.Storage is not implemented (in module AuroraMeter.ClusterTest.TimingOutStorage)
     │
 227 │     defmodule TimingOutStorage do
     │     ~~~~~~~~~~~~~~~~~~~~~~~~~~~~~
     │
     └─ test/aurora_meter/cluster_test.exs:227: AuroraMeter.ClusterTest.TimingOutStorage (module)

.     warning: function put_plan_version/1 required by behaviour AuroraMeter.Storage is not implemented (in module AuroraMeter.ClusterTest.FailingStorage)
     │
 172 │     defmodule FailingStorage do
     │     ~~~~~~~~~~~~~~~~~~~~~~~~~~~
     │
     └─ test/aurora_meter/cluster_test.exs:172: AuroraMeter.ClusterTest.FailingStorage (module)

     warning: function list_plan_versions/1 required by behaviour AuroraMeter.Storage is not implemented (in module AuroraMeter.ClusterTest.TimingOutStorage)
     │
 227 │     defmodule TimingOutStorage do
     │     ~~~~~~~~~~~~~~~~~~~~~~~~~~~~~
     │
     └─ test/aurora_meter/cluster_test.exs:227: AuroraMeter.ClusterTest.TimingOutStorage (module)

     warning: function put_plan_version/1 required by behaviour AuroraMeter.Storage is not implemented (in module AuroraMeter.ClusterTest.TimingOutStorage)
     │
 227 │     defmodule TimingOutStorage do
     │     ~~~~~~~~~~~~~~~~~~~~~~~~~~~~~
     │
     └─ test/aurora_meter/cluster_test.exs:227: AuroraMeter.ClusterTest.TimingOutStorage (module)

...............................................................................................[06b replay property] compared: 16, refused: 5, skipped: 0, reordered by seq: 0, refusals: %{reversal_took_reserved: 1, expire_reserved_grant: 2, promotional_divergence_debit: 2}
....................................................[06a cross-oracle] compared: 11, diverged: 1
.....................
10:54:33.723 [error] AuroraMeter: the in-memory projection of event "ineligible" failed (AuroraMeter.Test.PeriodSources.FutureWindow returned a period that does not contain the instant asked about. An AuroraMeter period is a half-open UTC interval [start, end): start belongs to the period, end does not, and the interval must contain the instant it is resolved for. reason=:not_containing tenant_key="record_12099" instant=~U[2026-09-16 00:54:33.723617Z] period=%{start: ~U[2026-10-02 00:00:00Z], end: ~U[2026-11-02 00:00:00Z], source: :calendar}). The event is committed and AuroraMeter.Events.total/3 is authoritative; the in-memory value corrects itself on the next cold read.
..
10:54:33.736 [warning] AuroraMeter: feature :requests is not declared on the tenant's plan (first seen from record). :undeclared_feature_policy is :warn, so it is allowed; Aurora Meter 1.0 denies it. Declare it on the plan, run `mix aurora_meter.features` to find every other one, or set `config :aurora_meter, undeclared_feature_policy: :allow`.
...............
10:54:33.788 [error] AuroraMeter: the in-memory projection of event "unresolved" failed (AuroraMeter.Test.PeriodSources.FutureWindow returned a period that does not contain the instant asked about. An AuroraMeter period is a half-open UTC interval [start, end): start belongs to the period, end does not, and the interval must contain the instant it is resolved for. reason=:not_containing tenant_key="record_14148" instant=~U[2026-09-16 00:54:33.788487Z] period=%{start: ~U[2026-10-02 00:00:00Z], end: ~U[2026-11-02 00:00:00Z], source: :calendar}). The event is committed and AuroraMeter.Events.total/3 is authoritative; the in-memory value corrects itself on the next cold read.
......
10:54:33.810 [warning] AuroraMeter.Tenant.Default.to_key/1 returned an empty tenant key. Every tenant it cannot resolve then shares one set of counters. Return a non-empty String.t(), or refuse the term. This version keeps the old behaviour and warns once per node; Aurora Meter 1.0 raises. See the AuroraMeter.Tenant documentation.
.........
Finished in 16.1 seconds (1.5s async, 14.6s sync)

Result: 217 passed (42 doctests, 20 properties, 155 tests)
[mixlane] core exit=0 started=2026-09-16T00:54:16Z finished=2026-09-16T00:54:33Z
seed 1337  exit=0   Result: 217 passed (42 doctests, 20 properties, 155 tests)
