
21:26:28.135 [error] Aurora Meter refuses to reprice an existing plan version. The commercial content of 1 compiled plan version(s) differs from the snapshot registered for them:

  * plan bench_cluster version 1: stored 45396b2b979a, compiled 8f368657fd5a

Every subscription pinned to one of those versions was sold the stored definition. Publish the change as a new version instead, for example:

    plan :bench_cluster, version: "2", effective_at: ~U[2026-01-01 00:00:00Z] do
      # the new price and limits
    end

Or revert the edit. Setting `config :aurora_meter, plan_version_conflict: :warn` logs this instead of raising, which is the transition-release default and not a fix. The stored definitions are in aurora_meter_plan_versions:

    SELECT plan_id, version, encode(fingerprint, 'hex'), definition
    FROM aurora_meter_plan_versions ORDER BY plan_id, version;


21:26:29.761 [error] Postgrex.Protocol (#PID<0.274.0> ({Postgrex.Protocol, "aurora_meter_bench"})) disconnected: ** (Postgrex.QueryError) postgresql protocol can not handle 84000 parameters, the maximum is 65535

21:26:29.763 [error] AuroraMeter flush failed; the same batch will be retried: "postgresql protocol can not handle 84000 parameters, the maximum is 65535"

21:26:31.117 [error] AuroraMeter flush failed; the same batch will be retried: "postgresql protocol can not handle 84000 parameters, the maximum is 65535"

21:26:31.119 [error] Postgrex.Protocol (#PID<0.257.0> ({Postgrex.Protocol, "aurora_meter_bench"})) disconnected: ** (Postgrex.QueryError) postgresql protocol can not handle 84000 parameters, the maximum is 65535

21:26:32.355 [error] AuroraMeter flush failed; the same batch will be retried: "postgresql protocol can not handle 84000 parameters, the maximum is 65535"

21:26:32.355 [error] Postgrex.Protocol (#PID<0.257.0> ({Postgrex.Protocol, "aurora_meter_bench"})) disconnected: ** (Postgrex.QueryError) postgresql protocol can not handle 84000 parameters, the maximum is 65535

21:26:33.608 [error] AuroraMeter flush failed; the same batch will be retried: "postgresql protocol can not handle 84000 parameters, the maximum is 65535"

21:26:33.608 [error] Postgrex.Protocol (#PID<0.274.0> ({Postgrex.Protocol, "aurora_meter_bench"})) disconnected: ** (Postgrex.QueryError) postgresql protocol can not handle 84000 parameters, the maximum is 65535

21:26:34.782 [error] AuroraMeter flush failed; the same batch will be retried: "postgresql protocol can not handle 84000 parameters, the maximum is 65535"

21:26:34.782 [error] Postgrex.Protocol (#PID<0.274.0> ({Postgrex.Protocol, "aurora_meter_bench"})) disconnected: ** (Postgrex.QueryError) postgresql protocol can not handle 84000 parameters, the maximum is 65535

21:26:35.983 [error] AuroraMeter flush failed; the same batch will be retried: "postgresql protocol can not handle 84000 parameters, the maximum is 65535"

21:26:35.984 [error] Postgrex.Protocol (#PID<0.260.0> ({Postgrex.Protocol, "aurora_meter_bench"})) disconnected: ** (Postgrex.QueryError) postgresql protocol can not handle 84000 parameters, the maximum is 65535

21:26:37.232 [error] AuroraMeter flush failed; the same batch will be retried: "FATAL 57P01 (admin_shutdown) terminating connection due to administrator command\n\n    query: INSERT INTO \"aurora_meter_counters\" AS a0 (\"id\",\"value\",\"feature\",\"tenant_key\",\"period_start\",\"inserted_at\",\"updated_at\") VALUES ($1,$2,$3,$4,$5,$6,$7),($8,$9,$10,$11,$12,$13,$14),($15,$16,$17,$18,$19,$20,$21),($22,$23,$24,$25,$26,$27,$28),($29,$30,$31,$32,$33,$34,$35),($36,$37,$38,$39,$40,$41,$42),($43,$44,$45,$46,$47,$48,$49),($50,$51,$52,$53,$54,$55,$56),($57,$58,$59,$60,$61,$62,$63),($64,$65,$66,$67,$68,$69,$70),($71,$72,$73,$74,$75,$76,$77),($78,$79,$80,$81,$82,$83,$84),($85,$86,$87,$88,$89,$90,$91),($92,$93,$94,$95,$96,$97,$98),($99,$100,$101,$102,$103,$104,$105),($106,$107,$108,$109,$110,$111,$112),($113,$114,$115,$116,$117,$118,$119),($120,$121,$122,$123,$124,$125,$126),($127,$128,$129,$130,$131,$132,$133),($134,$135,$136,$137,$138,$139,$140),($141,$142,$143,$144,$145,$146,$147),($148,$149,$150,$151,$152,$153,$154),($155,$156,$157,$158,$159,$160,$161),($162,$163,$164,$165,$166,$167,$168),($169,$170,$171,$172,$173,$174,$175),($176,$177,$178,$179,$180,$181,$182),($183,$184,$185,$186,$187,$188,$189),($190,$191,$192,$193,$194,$195,$196),($197,$198,$199,$200,$201,$202,$203),($204,$205,$206,$207,$208,$209,$210),($211,$212,$213,$214,$215,$216,$217),($218,$219,$220,$221,$222,$223,$224),($225,$226,$227,$228,$229,$230,$231),($232,$233,$234,$235,$236,$237,$238),($239,$240,$241,$242,$243,$244,$245),($246,$247,$248,$249,$250,$251,$252),($253,$254,$255,$256,$257,$258,$259),($260,$261,$262,$263,$264,$265,$266),($267,$268,$269,$270,$271,$272,$273),($274,$275,$276,$277,$278,$279,$280),($281,$282,$283,$284,$285,$286,$287),($288,$289,$290,$291,$292,$293,$294),($295,$296,$297,$298,$299,$300,$301),($302,$303,$304,$305,$306,$307,$308),($309,$310,$311,$312,$313,$314,$315),($316,$317,$318,$319,$320,$321,$322),($323,$324,$325,$326,$327,$328,$329),($330,$331,$332,$333,$334,$335,$336),($337,$338,$339,$340,$341,$342,$343),($344,$345,$346,$347,$348,$349,$350),($351,$352,$353,$354,$355,$356,$357),($358,$359,$360,$361,$362,$363,$364),($365,$366,$367,$368,$369,$370,$371),($372,$373,$374,$375,$376,$377,$378),($379,$380,$381,$382,$383,$384,$385),($386,$387,$388,$389,$390,$391,$392),($393,$394,$395,$396,$397,$398,$399),($400,$401,$402,$403,$404,$405,$406),($407,$408,$409,$410,$411,$412,$413),($414,$415,$416,$417,$418,$419,$420),($421,$422,$423,$424,$425,$426,$427),($428,$429,$430,$431,$432,$433,$434),($435,$436,$437,$438,$439,$440,$441),($442,$443,$444,$445,$446,$447,$448),($449,$450,$451,$452,$453,$454,$455),($456,$457,$458,$459,$460,$461,$462),($463,$464,$465,$466,$467,$468,$469),($470,$471,$472,$473,$474,$475,$476),($477,$478,$479,$480,$481,$482,$483),($484,$485,$486,$487,$488,$489,$490),($491,$492,$493,$494,$495,$496,$497),($498,$499,$500,$501,$502,$503,$504),($505,$506,$507,$508,$509,$510,$511),($512,$513,$514,$515,$516,$517,$518),($519,$520,$521,$522,$523,$524,$525),($526,$527,$528,$529,$530,$531,$532),($533,$534,$535,$536,$537,$538,$539),($540,$541,$542,$543,$544,$545,$546),($547,$548,$549,$550,$551,$552,$553),($554,$555,$556,$557,$558,$559,$560),($561,$562,$563,$564,$565,$566,$567),($568,$569,$570,$571,$572,$573,$574),($575,$576,$577,$578,$579,$580,$581),($582,$583,$584,$585,$586,$587,$588),($589,$590,$591,$592,$593,$594,$595),($596,$597,$598,$599,$600,$601,$602),($603,$604,$605,$606,$607,$608,$609),($610,$611,$612,$613,$614,$615,$616),($617,$618,$619,$620,$621,$622,$623),($624,$625,$626,$627,$628,$629,$630),($631,$632,$633,$634,$635,$636,$637),($638,$639,$640,$641,$642,$643,$644),($645,$646,$647,$648,$649,$650,$651),($652,$653,$654,$655,$656,$657,$658),($659,$660,$661,$662,$663,$664,$665),($666,$667,$668,$669,$670,$671,$672),($673,$674,$675,$676,$677,$678,$679),($680,$681,$682,$683,$684,$685,$686),($687,$688,$689,$690,$691,$692,$693),($694,$695,$696,$697,$698,$699,$700),($701,$702,$703,$704,$705,$706,$707),($708,$709,$710,$711,$712,$713,$714),($715,$716,$717,$718,$719,$720,$721),($722,$723,$724,$725,$726,$727,$728),($729,$730,$731,$732,$733,$734,$735),($736,$737,$738,$739,$740,$741,$742),($743,$744,$745,$746,$747,$748,$749),($750,$751,$752,$753,$7" <> ...

21:26:37.233 [error] Postgrex.Protocol (#PID<0.280.0> ({Postgrex.Protocol, "aurora_meter_bench"})) disconnected: ** (Postgrex.Error) FATAL 57P01 (admin_shutdown) terminating connection due to administrator command

    query: INSERT INTO "aurora_meter_counters" AS a0 ("id","value","feature","tenant_key","period_start","inserted_at","updated_at") VALUES ($1,$2,$3,$4,$5,$6,$7),($8,$9,$10,$11,$12,$13,$14),($15,$16,$17,$18,$19,$20,$21),($22,$23,$24,$25,$26,$27,$28),($29,$30,$31,$32,$33,$34,$35),($36,$37,$38,$39,$40,$41,$42),($43,$44,$45,$46,$47,$48,$49),($50,$51,$52,$53,$54,$55,$56),($57,$58,$59,$60,$61,$62,$63),($64,$65,$66,$67,$68,$69,$70),($71,$72,$73,$74,$75,$76,$77),($78,$79,$80,$81,$82,$83,$84),($85,$86,$87,$88,$89,$90,$91),($92,$93,$94,$95,$96,$97,$98),($99,$100,$101,$102,$103,$104,$105),($106,$107,$108,$109,$110,$111,$112),($113,$114,$115,$116,$117,$118,$119),($120,$121,$122,$123,$124,$125,$126),($127,$128,$129,$130,$131,$132,$133),($134,$135,$136,$137,$138,$139,$140),($141,$142,$143,$144,$145,$146,$147),($148,$149,$150,$151,$152,$153,$154),($155,$156,$157,$158,$159,$160,$161),($162,$163,$164,$165,$166,$167,$168),($169,$170,$171,$172,$173,$174,$175),($176,$177,$178,$179,$180,$181,$182),($183,$184,$185,$186,$187,$188,$189),($190,$191,$192,$193,$194,$195,$196),($197,$198,$199,$200,$201,$202,$203),($204,$205,$206,$207,$208,$209,$210),($211,$212,$213,$214,$215,$216,$217),($218,$219,$220,$221,$222,$223,$224),($225,$226,$227,$228,$229,$230,$231),($232,$233,$234,$235,$236,$237,$238),($239,$240,$241,$242,$243,$244,$245),($246,$247,$248,$249,$250,$251,$252),($253,$254,$255,$256,$257,$258,$259),($260,$261,$262,$263,$264,$265,$266),($267,$268,$269,$270,$271,$272,$273),($274,$275,$276,$277,$278,$279,$280),($281,$282,$283,$284,$285,$286,$287),($288,$289,$290,$291,$292,$293,$294),($295,$296,$297,$298,$299,$300,$301),($302,$303,$304,$305,$306,$307,$308),($309,$310,$311,$312,$313,$314,$315),($316,$317,$318,$319,$320,$321,$322),($323,$324,$325,$326,$327,$328,$329),($330,$331,$332,$333,$334,$335,$336),($337,$338,$339,$340,$341,$342,$343),($344,$345,$346,$347,$348,$349,$350),($351,$352,$353,$354,$355,$356,$357),($358,$359,$360,$361,$362,$363,$364),($365,$366,$367,$368,$369,$370,$371),($372,$373,$374,$375,$376,$377,$378),($379,$380,$381,$382,$383,$384,$385),($386,$387,$388,$389,$390,$391,$392),($393,$394,$395,$396,$397,$398,$399),($400,$401,$402,$403,$404,$405,$406),($407,$408,$409,$410,$411,$412,$413),($414,$415,$416,$417,$418,$419,$420),($421,$422,$423,$424,$425,$426,$427),($428,$429,$430,$431,$432,$433,$434),($435,$436,$437,$438,$439,$440,$441),($442,$443,$444,$445,$446,$447,$448),($449,$450,$451,$452,$453,$454,$455),($456,$457,$458,$459,$460,$461,$462),($463,$464,$465,$466,$467,$468,$469),($470,$471,$472,$473,$474,$475,$476),($477,$478,$479,$480,$481,$482,$483),($484,$485,$486,$487,$488,$489,$490),($491,$492,$493,$494,$495,$496,$497),($498,$499,$500,$501,$502,$503,$504),($505,$506,$507,$508,$509,$510,$511),($512,$513,$514,$515,$516,$517,$518),($519,$520,$521,$522,$523,$524,$525),($526,$527,$528,$529,$530,$531,$532),($533,$534,$535,$536,$537,$538,$539),($540,$541,$542,$543,$544,$545,$546),($547,$548,$549,$550,$551,$552,$553),($554,$555,$556,$557,$558,$559,$560),($561,$562,$563,$564,$565,$566,$567),($568,$569,$570,$571,$572,$573,$574),($575,$576,$577,$578,$579,$580,$581),($582,$583,$584,$585,$586,$587,$588),($589,$590,$591,$592,$593,$594,$595),($596,$597,$598,$599,$600,$601,$602),($603,$604,$605,$606,$607,$608,$609),($610,$611,$612,$613,$614,$615,$616),($617,$618,$619,$620,$621,$622,$623),($624,$625,$626,$627,$628,$629,$630),($631,$632,$633,$634,$635,$636,$637),($638,$639,$640,$641,$642,$643,$644),($645,$646,$647,$648,$649,$650,$651),($652,$653,$654,$655,$656,$657,$658),($659,$660,$661,$662,$663,$664,$665),($666,$667,$668,$669,$670,$671,$672),($673,$674,$675,$676,$677,$678,$679),($680,$681,$682,$683,$684,$685,$686),($687,$688,$689,$690,$691,$692,$693),($694,$695,$696,$697,$698,$699,$700),($701,$702,$703,$704,$705,$706,$707),($708,$709,$710,$711,$712,$713,$714),($715,$716,$717,$718,$719,$720,$721),($722,$723,$724,$725,$726,$727,$728),($729,$730,$731,$732,$733,$734,$735),($736,$737,$738,$739,$740,$741,$742),($743,$744,$745,$746,$747,$748,$749),($750,$751,$752,$753,$754,$755,$756),($757,$758,$759,$760,$761,$762,$763),($764,$765,$766,$767,$768,$769,$770),($771,$772,$773,$774,$775,$776,$777),($778,$779,$780,$781,$782,$783,$784),($785,$786,$787,$788,$789,$790,$791),($792,$793,$794,$795,$796,$797,$798),($799,$800,$801,$802,$803,$804,$805),($806,$807,$808,$809,$810,$811,$812),($813,$814,$815,$816,$817,$818,$819),($820,$821,$822,$823,$824,$825,$826),($827,$828,$829,$830,$831,$832,$833),($834,$835,$836,$837,$838,$839,$840),($841,$842,$843,$844,$845,$846,$847),($848,$849,$850,$851,$852,$853,$854),($855,$856,$857,$858,$859,$860,$861),($862,$863,$864,$865,$866,$867,$868),($869,$870,$871,$872,$873,$874,$875),($876,$877,$878,$879,$880,$881,$882),($883,$884,$885,$886,$887,$888,$889),($890,$891,$892,$893,$894,$895,$896),($897,$898,$899,$900,$901,$902,$903),($904,$905,$906,$907,$908,$909,$910),($911,$912,$913,$914,$915,$916,$917),($918,$919,$920,$921,$922,$923,$924),($925,$926,$927,$928,$929,$930,$931),($932,$933,$934,$935,$936,$937,$938),($939,$940,$941,$942,$943,$944,$945),($946,$947,$948,$949,$950,$951,$952),($953,$954,$955,$956,$957,$958,$959),($960,$961,$962,$963,$964,$965,$966),($967,$968,$969,$970,$971,$972,$973),($974,$975,$976,$977,$978,$979,$980),($981,$982,$983,$984,$985,$986,$987),($988,$989,$990,$991,$992,$993,$994),($995,$996,$997,$998,$999,$1000,$1001),($1002,$1003,$1004,$1005,$1006,$1007,$1008),($1009,$1010,$1011,$1012,$1013,$1014,$1015),($1016,$1017,$1018,$1019,$1020,$1021,$1022),($1023,$1024,$1025,$1026,$1027,$1028,$1029),($1030,$1031,$1032,$1033,$1034,$1035,$1036),($1037,$1038,$1039,$1040,$1041,$1042,$1043),($1044,$1045,$1046,$1047,$1048,$1049,$1050),($1051,$1052,$1053,$1054,$1055,$1056,$1057),($1058,$1059,$1060,$1061,$1062,$1063,$1064),($1065,$1066,$1067,$1068,$1069,$1070,$1071),($1072,$1073,$1074,$1075,$1076,$1077,$1078),($1079,$1080,$1081,$1082,$1083,$1084,$1085),($1086,$1087,$1088,$1089,$1090,$1091,$1092),($1093,$1094,$1095,$1096,$1097,$1098,$1099),($1100,$1101,$1102,$1103,$1104,$1105,$1106),($1107,$1108,$1109,$1110,$1111,$1112,$1113),($1114,$1115,$1116,$1117,$1118,$1119,$1120),($1121,$1122,$1123,$1124,$1125,$1126,$1127),($1128,$1129,$1130,$1131,$1132,$1133,$1134),($1135,$1136,$1137,$1138,$1139,$1140,$1141),($1142,$1143,$1144,$1145,$1146,$1147,$1148),($1149,$1150,$1151,$1152,$1153,$1154,$1155),($1156,$1157,$1158,$1159,$1160,$1161,$1162),($1163,$1164,$1165,$1166,$1167,$1168,$1169),($1170,$1171,$1172,$1173,$1174,$1175,$1176),($1177,$1178,$1179,$1180,$1181,$1182,$1183),($1184,$1185,$1186,$1187,$1188,$1189,$1190),($1191,$1192,$1193,$1194,$1195,$1196,$1197),($1198,$1199,$1200,$1201,$1202,$1203,$1204),($1205,$1206,$1207,$1208,$1209,$1210,$1211),($1212,$1213,$1214,$1215,$1216,$1217,$1218),($1219,$1220,$1221,$1222,$1223,$1224,$1225),($1226,$1227,$1228,$1229,$1230,$1231,$1232),($1233,$1234,$1235,$1236,$1237,$1238,$1239),($1240,$1241,$1242,$1243,$1244,$1245,$1246),($1247,$1248,$1249,$1250,$1251,$1252,$1253),($1254,$1255,$1256,$1257,$1258,$1259,$1260),($1261,$1262,$1263,$1264,$1265,$1266,$1267),($1268,$1269,$1270,$1271,$1272,$1273,$1274),($1275,$1276,$1277,$1278,$1279,$1280,$1281),($1282,$1283,$1284,$1285,$1286,$1287,$1288),($1289,$1290,$1291,$1292,$1293,$1294,$1295),($1296,$1297,$1298,$1299,$1300,$1301,$1302),($1303,$1304,$1305,$1306,$1307,$1308,$1309),($1310,$1311,$1312,$1313,$1314,$1315,$1316),($1317,$1318,$1319,$1320,$1321,$1322,$1323),($1324,$1325,$1326,$1327,$1328,$1329,$1330),($1331,$1332,$1333,$1334,$1335,$1336,$1337),($1338,$1339,$1340,$1341,$1342,$1343,$1344),($1345,$1346,$1347,$1348,$1349,$1350,$1351),($1352,$1353,$1354,$1355,$1356,$1357,$1358),($1359,$1360,$1361,$1362,$1363,$1364,$1365),($1366,$1367,$1368,$1369,$1370,$1371,$1372),($1373,$1374,$1375,$1376,$1377,$1378,$1379),($1380,$1381,$1382,$1383,$1384,$1385,$1386),($1387,$1388,$1389,$1390,$1391,$1392,$1393),($1394,$1395,$1396,$1397,$1398,$1399,$1400),($1401,$1402,$1403,$1404,$1405,$1406,$1407),($1408,$1409,$1410,$1411, (truncated)

21:26:37.238 [error] Postgrex.Protocol (#PID<0.280.0> ({Postgrex.Protocol, "aurora_meter_bench"})) failed to connect: ** (Postgrex.Error) FATAL 57P03 (cannot_connect_now) the database system is shutting down

21:26:37.262 [error] Postgrex.Protocol (#PID<0.282.0> ({Postgrex.Protocol, "aurora_meter_bench"})) disconnected: ** (Postgrex.Error) FATAL 57P01 (admin_shutdown) terminating connection due to administrator command

    query: INSERT INTO aurora_meter_checkpoints (name, cursor, counts, state, updated_at)
VALUES ($1, $2, $3, $4, (clock_timestamp() AT TIME ZONE 'UTC'))
ON CONFLICT (name) DO UPDATE
  SET cursor = EXCLUDED.cursor,
      counts = EXCLUDED.counts,
      state = EXCLUDED.state,
      updated_at = EXCLUDED.updated_at


21:26:37.267 [error] Postgrex.Protocol (#PID<0.282.0> ({Postgrex.Protocol, "aurora_meter_bench"})) failed to connect: ** (Postgrex.Error) FATAL 57P03 (cannot_connect_now) the database system is shutting down

21:26:37.278 [warning] AuroraMeter could not write its flush heartbeat: %Postgrex.Error{message: nil, postgres: %{code: :admin_shutdown, line: "3286", message: "terminating connection due to administrator command", file: "postgres.c", routine: "ProcessInterrupts", unknown: "FATAL", severity: "FATAL", pg_code: "57P01"}, connection_id: 94, query: "INSERT INTO aurora_meter_checkpoints (name, cursor, counts, state, updated_at)\nVALUES ($1, $2, $3, $4, (clock_timestamp() AT TIME ZONE 'UTC'))\nON CONFLICT (name) DO UPDATE\n  SET cursor = EXCLUDED.cursor,\n      counts = EXCLUDED.counts,\n      state = EXCLUDED.state,\n      updated_at = EXCLUDED.updated_at\n"}

The flush itself is unaffected. What this costs is retention: a node whose heartbeat is stale blocks AuroraMeter.Retention.prune(only: [:flush_receipts]), which is the safe direction. A database below core schema version 7 has no aurora_meter_checkpoints table and will report this on every flush; later occurrences are logged at :debug.


21:26:37.304 [error] Postgrex.Protocol (#PID<0.279.0> ({Postgrex.Protocol, "aurora_meter_bench"})) disconnected: ** (Postgrex.Error) FATAL 57P01 (admin_shutdown) terminating connection due to administrator command

    query: SELECT coalesce(sum(value), 0) FROM aurora_meter_counters WHERE tenant_key LIKE $1

21:26:37.309 [error] Postgrex.Protocol (#PID<0.279.0> ({Postgrex.Protocol, "aurora_meter_bench"})) failed to connect: ** (Postgrex.Error) FATAL 57P03 (cannot_connect_now) the database system is shutting down

21:26:37.751 [error] Postgrex.Protocol (#PID<0.257.0> ({Postgrex.Protocol, "aurora_meter_bench"})) disconnected: ** (Postgrex.Error) FATAL 57P01 (admin_shutdown) terminating connection due to administrator command

21:26:37.751 [error] Postgrex.Protocol (#PID<0.270.0> ({Postgrex.Protocol, "aurora_meter_bench"})) disconnected: ** (Postgrex.Error) FATAL 57P01 (admin_shutdown) terminating connection due to administrator command

21:26:37.751 [error] Postgrex.Protocol (#PID<0.255.0> ({Postgrex.Protocol, "aurora_meter_bench"})) disconnected: ** (Postgrex.Error) FATAL 57P01 (admin_shutdown) terminating connection due to administrator command

21:26:37.752 [error] Postgrex.Protocol (#PID<0.272.0> ({Postgrex.Protocol, "aurora_meter_bench"})) disconnected: ** (Postgrex.Error) FATAL 57P01 (admin_shutdown) terminating connection due to administrator command

21:26:37.752 [error] Postgrex.Protocol (#PID<0.254.0> ({Postgrex.Protocol, "aurora_meter_bench"})) disconnected: ** (Postgrex.Error) FATAL 57P01 (admin_shutdown) terminating connection due to administrator command

21:26:37.751 [error] Postgrex.Protocol (#PID<0.266.0> ({Postgrex.Protocol, "aurora_meter_bench"})) disconnected: ** (Postgrex.Error) FATAL 57P01 (admin_shutdown) terminating connection due to administrator command

21:26:37.751 [error] Postgrex.Protocol (#PID<0.260.0> ({Postgrex.Protocol, "aurora_meter_bench"})) disconnected: ** (Postgrex.Error) FATAL 57P01 (admin_shutdown) terminating connection due to administrator command

21:26:37.751 [error] Postgrex.Protocol (#PID<0.253.0> ({Postgrex.Protocol, "aurora_meter_bench"})) disconnected: ** (Postgrex.Error) FATAL 57P01 (admin_shutdown) terminating connection due to administrator command

21:26:37.751 [error] Postgrex.Protocol (#PID<0.259.0> ({Postgrex.Protocol, "aurora_meter_bench"})) disconnected: ** (Postgrex.Error) FATAL 57P01 (admin_shutdown) terminating connection due to administrator command

21:26:37.752 [error] Postgrex.Protocol (#PID<0.268.0> ({Postgrex.Protocol, "aurora_meter_bench"})) disconnected: ** (Postgrex.Error) FATAL 57P01 (admin_shutdown) terminating connection due to administrator command

21:26:37.752 [error] Postgrex.Protocol (#PID<0.267.0> ({Postgrex.Protocol, "aurora_meter_bench"})) disconnected: ** (Postgrex.Error) FATAL 57P01 (admin_shutdown) terminating connection due to administrator command

21:26:37.752 [error] Postgrex.Protocol (#PID<0.276.0> ({Postgrex.Protocol, "aurora_meter_bench"})) disconnected: ** (Postgrex.Error) FATAL 57P01 (admin_shutdown) terminating connection due to administrator command

21:26:37.752 [error] Postgrex.Protocol (#PID<0.256.0> ({Postgrex.Protocol, "aurora_meter_bench"})) disconnected: ** (Postgrex.Error) FATAL 57P01 (admin_shutdown) terminating connection due to administrator command

21:26:37.752 [error] Postgrex.Protocol (#PID<0.261.0> ({Postgrex.Protocol, "aurora_meter_bench"})) disconnected: ** (Postgrex.Error) FATAL 57P01 (admin_shutdown) terminating connection due to administrator command

21:26:37.752 [error] Postgrex.Protocol (#PID<0.278.0> ({Postgrex.Protocol, "aurora_meter_bench"})) disconnected: ** (Postgrex.Error) FATAL 57P01 (admin_shutdown) terminating connection due to administrator command

21:26:37.752 [error] Postgrex.Protocol (#PID<0.265.0> ({Postgrex.Protocol, "aurora_meter_bench"})) disconnected: ** (Postgrex.Error) FATAL 57P01 (admin_shutdown) terminating connection due to administrator command

21:26:37.752 [error] Postgrex.Protocol (#PID<0.273.0> ({Postgrex.Protocol, "aurora_meter_bench"})) disconnected: ** (Postgrex.Error) FATAL 57P01 (admin_shutdown) terminating connection due to administrator command

21:26:37.752 [error] Postgrex.Protocol (#PID<0.264.0> ({Postgrex.Protocol, "aurora_meter_bench"})) disconnected: ** (Postgrex.Error) FATAL 57P01 (admin_shutdown) terminating connection due to administrator command

21:26:37.752 [error] Postgrex.Protocol (#PID<0.277.0> ({Postgrex.Protocol, "aurora_meter_bench"})) disconnected: ** (Postgrex.Error) FATAL 57P01 (admin_shutdown) terminating connection due to administrator command

21:26:37.752 [error] Postgrex.Protocol (#PID<0.271.0> ({Postgrex.Protocol, "aurora_meter_bench"})) disconnected: ** (Postgrex.Error) FATAL 57P01 (admin_shutdown) terminating connection due to administrator command

21:26:37.752 [error] Postgrex.Protocol (#PID<0.281.0> ({Postgrex.Protocol, "aurora_meter_bench"})) disconnected: ** (Postgrex.Error) FATAL 57P01 (admin_shutdown) terminating connection due to administrator command

21:26:37.752 [error] Postgrex.Protocol (#PID<0.269.0> ({Postgrex.Protocol, "aurora_meter_bench"})) disconnected: ** (Postgrex.Error) FATAL 57P01 (admin_shutdown) terminating connection due to administrator command

21:26:37.752 [error] Postgrex.Protocol (#PID<0.275.0> ({Postgrex.Protocol, "aurora_meter_bench"})) disconnected: ** (Postgrex.Error) FATAL 57P01 (admin_shutdown) terminating connection due to administrator command

21:26:37.752 [error] Postgrex.Protocol (#PID<0.274.0> ({Postgrex.Protocol, "aurora_meter_bench"})) disconnected: ** (Postgrex.Error) FATAL 57P01 (admin_shutdown) terminating connection due to administrator command

21:26:37.752 [error] Postgrex.Protocol (#PID<0.262.0> ({Postgrex.Protocol, "aurora_meter_bench"})) disconnected: ** (Postgrex.Error) FATAL 57P01 (admin_shutdown) terminating connection due to administrator command

21:26:37.752 [error] Postgrex.Protocol (#PID<0.263.0> ({Postgrex.Protocol, "aurora_meter_bench"})) disconnected: ** (Postgrex.Error) FATAL 57P01 (admin_shutdown) terminating connection due to administrator command

21:26:37.753 [error] Postgrex.Protocol (#PID<0.270.0> ({Postgrex.Protocol, "aurora_meter_bench"})) failed to connect: ** (DBConnection.ConnectionError) tcp connect (localhost:5490): connection refused - :econnrefused

21:26:37.753 [error] Postgrex.Protocol (#PID<0.266.0> ({Postgrex.Protocol, "aurora_meter_bench"})) failed to connect: ** (DBConnection.ConnectionError) tcp connect (localhost:5490): connection refused - :econnrefused

21:26:37.753 [error] Postgrex.Protocol (#PID<0.255.0> ({Postgrex.Protocol, "aurora_meter_bench"})) failed to connect: ** (DBConnection.ConnectionError) tcp connect (localhost:5490): connection refused - :econnrefused

21:26:37.753 [error] Postgrex.Protocol (#PID<0.261.0> ({Postgrex.Protocol, "aurora_meter_bench"})) failed to connect: ** (DBConnection.ConnectionError) tcp connect (localhost:5490): connection refused - :econnrefused

21:26:37.753 [error] Postgrex.Protocol (#PID<0.272.0> ({Postgrex.Protocol, "aurora_meter_bench"})) failed to connect: ** (DBConnection.ConnectionError) tcp connect (localhost:5490): connection refused - :econnrefused

21:26:37.753 [error] Postgrex.Protocol (#PID<0.260.0> ({Postgrex.Protocol, "aurora_meter_bench"})) failed to connect: ** (DBConnection.ConnectionError) tcp connect (localhost:5490): connection refused - :econnrefused

21:26:37.753 [error] Postgrex.Protocol (#PID<0.259.0> ({Postgrex.Protocol, "aurora_meter_bench"})) failed to connect: ** (DBConnection.ConnectionError) tcp connect (localhost:5490): connection refused - :econnrefused

21:26:37.753 [error] Postgrex.Protocol (#PID<0.257.0> ({Postgrex.Protocol, "aurora_meter_bench"})) failed to connect: ** (DBConnection.ConnectionError) tcp connect (localhost:5490): connection refused - :econnrefused

21:26:37.753 [error] Postgrex.Protocol (#PID<0.268.0> ({Postgrex.Protocol, "aurora_meter_bench"})) failed to connect: ** (DBConnection.ConnectionError) tcp connect (localhost:5490): connection refused - :econnrefused

21:26:37.753 [error] Postgrex.Protocol (#PID<0.253.0> ({Postgrex.Protocol, "aurora_meter_bench"})) failed to connect: ** (DBConnection.ConnectionError) tcp connect (localhost:5490): connection refused - :econnrefused

21:26:37.753 [error] Postgrex.Protocol (#PID<0.274.0> ({Postgrex.Protocol, "aurora_meter_bench"})) failed to connect: ** (DBConnection.ConnectionError) tcp connect (localhost:5490): connection refused - :econnrefused

21:26:37.753 [error] Postgrex.Protocol (#PID<0.254.0> ({Postgrex.Protocol, "aurora_meter_bench"})) failed to connect: ** (DBConnection.ConnectionError) tcp connect (localhost:5490): connection refused - :econnrefused

21:26:37.753 [error] Postgrex.Protocol (#PID<0.271.0> ({Postgrex.Protocol, "aurora_meter_bench"})) failed to connect: ** (DBConnection.ConnectionError) tcp connect (localhost:5490): connection refused - :econnrefused

21:26:37.753 [error] Postgrex.Protocol (#PID<0.256.0> ({Postgrex.Protocol, "aurora_meter_bench"})) failed to connect: ** (DBConnection.ConnectionError) tcp connect (localhost:5490): connection refused - :econnrefused

21:26:37.753 [error] Postgrex.Protocol (#PID<0.281.0> ({Postgrex.Protocol, "aurora_meter_bench"})) failed to connect: ** (DBConnection.ConnectionError) tcp connect (localhost:5490): connection refused - :econnrefused

21:26:37.753 [error] Postgrex.Protocol (#PID<0.263.0> ({Postgrex.Protocol, "aurora_meter_bench"})) failed to connect: ** (DBConnection.ConnectionError) tcp connect (localhost:5490): connection refused - :econnrefused

21:26:37.753 [error] Postgrex.Protocol (#PID<0.269.0> ({Postgrex.Protocol, "aurora_meter_bench"})) failed to connect: ** (DBConnection.ConnectionError) tcp connect (localhost:5490): connection refused - :econnrefused

21:26:37.753 [error] Postgrex.Protocol (#PID<0.273.0> ({Postgrex.Protocol, "aurora_meter_bench"})) failed to connect: ** (DBConnection.ConnectionError) tcp connect (localhost:5490): connection refused - :econnrefused

21:26:37.753 [error] Postgrex.Protocol (#PID<0.267.0> ({Postgrex.Protocol, "aurora_meter_bench"})) failed to connect: ** (DBConnection.ConnectionError) tcp connect (localhost:5490): connection refused - :econnrefused

21:26:37.753 [error] Postgrex.Protocol (#PID<0.262.0> ({Postgrex.Protocol, "aurora_meter_bench"})) failed to connect: ** (DBConnection.ConnectionError) tcp connect (localhost:5490): connection refused - :econnrefused

21:26:37.753 [error] Postgrex.Protocol (#PID<0.278.0> ({Postgrex.Protocol, "aurora_meter_bench"})) failed to connect: ** (DBConnection.ConnectionError) tcp connect (localhost:5490): connection refused - :econnrefused

21:26:37.753 [error] Postgrex.Protocol (#PID<0.265.0> ({Postgrex.Protocol, "aurora_meter_bench"})) failed to connect: ** (DBConnection.ConnectionError) tcp connect (localhost:5490): connection refused - :econnrefused

21:26:37.753 [error] Postgrex.Protocol (#PID<0.276.0> ({Postgrex.Protocol, "aurora_meter_bench"})) failed to connect: ** (DBConnection.ConnectionError) tcp connect (localhost:5490): connection refused - :econnrefused

21:26:37.753 [error] Postgrex.Protocol (#PID<0.277.0> ({Postgrex.Protocol, "aurora_meter_bench"})) failed to connect: ** (DBConnection.ConnectionError) tcp connect (localhost:5490): connection refused - :econnrefused

21:26:37.753 [error] Postgrex.Protocol (#PID<0.264.0> ({Postgrex.Protocol, "aurora_meter_bench"})) failed to connect: ** (DBConnection.ConnectionError) tcp connect (localhost:5490): connection refused - :econnrefused

21:26:37.753 [error] Postgrex.Protocol (#PID<0.275.0> ({Postgrex.Protocol, "aurora_meter_bench"})) failed to connect: ** (DBConnection.ConnectionError) tcp connect (localhost:5490): connection refused - :econnrefused

21:26:38.274 [error] Postgrex.Protocol (#PID<0.280.0> ({Postgrex.Protocol, "aurora_meter_bench"})) failed to connect: ** (DBConnection.ConnectionError) tcp connect (localhost:5490): connection refused - :econnrefused

21:26:38.300 [error] AuroraMeter flush failed; the same batch will be retried: "FATAL 57P01 (admin_shutdown) terminating connection due to administrator command"

21:26:38.301 [error] Postgrex.Protocol (#PID<0.258.0> ({Postgrex.Protocol, "aurora_meter_bench"})) disconnected: ** (Postgrex.Error) FATAL 57P01 (admin_shutdown) terminating connection due to administrator command

21:26:38.303 [error] Postgrex.Protocol (#PID<0.258.0> ({Postgrex.Protocol, "aurora_meter_bench"})) failed to connect: ** (DBConnection.ConnectionError) tcp connect (localhost:5490): connection refused - :econnrefused

21:26:38.365 [error] Postgrex.Protocol (#PID<0.279.0> ({Postgrex.Protocol, "aurora_meter_bench"})) failed to connect: ** (DBConnection.ConnectionError) tcp connect (localhost:5490): connection refused - :econnrefused

21:26:38.862 [error] Postgrex.Protocol (#PID<0.274.0> ({Postgrex.Protocol, "aurora_meter_bench"})) failed to connect: ** (DBConnection.ConnectionError) tcp connect (localhost:5490): connection refused - :econnrefused

21:26:38.928 [error] Postgrex.Protocol (#PID<0.271.0> ({Postgrex.Protocol, "aurora_meter_bench"})) failed to connect: ** (DBConnection.ConnectionError) tcp connect (localhost:5490): connection refused - :econnrefused

21:26:38.945 [error] Postgrex.Protocol (#PID<0.269.0> ({Postgrex.Protocol, "aurora_meter_bench"})) failed to connect: ** (DBConnection.ConnectionError) tcp connect (localhost:5490): connection refused - :econnrefused

21:26:38.972 [error] Postgrex.Protocol (#PID<0.262.0> ({Postgrex.Protocol, "aurora_meter_bench"})) failed to connect: ** (DBConnection.ConnectionError) tcp connect (localhost:5490): connection refused - :econnrefused

21:26:38.989 [error] Postgrex.Protocol (#PID<0.266.0> ({Postgrex.Protocol, "aurora_meter_bench"})) failed to connect: ** (DBConnection.ConnectionError) tcp connect (localhost:5490): connection refused - :econnrefused

21:26:39.062 [error] Postgrex.Protocol (#PID<0.256.0> ({Postgrex.Protocol, "aurora_meter_bench"})) failed to connect: ** (DBConnection.ConnectionError) tcp connect (localhost:5490): connection refused - :econnrefused

21:26:39.324 [error] Postgrex.Protocol (#PID<0.255.0> ({Postgrex.Protocol, "aurora_meter_bench"})) failed to connect: ** (DBConnection.ConnectionError) tcp connect (localhost:5490): connection refused - :econnrefused

21:26:39.360 [error] Postgrex.Protocol (#PID<0.253.0> ({Postgrex.Protocol, "aurora_meter_bench"})) failed to connect: ** (DBConnection.ConnectionError) tcp connect (localhost:5490): connection refused - :econnrefused

21:26:39.390 [error] Postgrex.Protocol (#PID<0.264.0> ({Postgrex.Protocol, "aurora_meter_bench"})) failed to connect: ** (DBConnection.ConnectionError) tcp connect (localhost:5490): connection refused - :econnrefused

21:26:39.412 [error] Postgrex.Protocol (#PID<0.265.0> ({Postgrex.Protocol, "aurora_meter_bench"})) failed to connect: ** (DBConnection.ConnectionError) tcp connect (localhost:5490): connection refused - :econnrefused

21:26:39.425 [error] Postgrex.Protocol (#PID<0.280.0> ({Postgrex.Protocol, "aurora_meter_bench"})) failed to connect: ** (DBConnection.ConnectionError) tcp connect (localhost:5490): connection refused - :econnrefused

21:26:39.478 [error] Postgrex.Protocol (#PID<0.267.0> ({Postgrex.Protocol, "aurora_meter_bench"})) failed to connect: ** (DBConnection.ConnectionError) tcp connect (localhost:5490): connection refused - :econnrefused

21:26:39.535 [error] Postgrex.Protocol (#PID<0.268.0> ({Postgrex.Protocol, "aurora_meter_bench"})) failed to connect: ** (DBConnection.ConnectionError) tcp connect (localhost:5490): connection refused - :econnrefused

21:26:39.780 [error] Postgrex.Protocol (#PID<0.281.0> ({Postgrex.Protocol, "aurora_meter_bench"})) failed to connect: ** (DBConnection.ConnectionError) tcp connect (localhost:5490): connection refused - :econnrefused

21:26:39.784 [error] Postgrex.Protocol (#PID<0.275.0> ({Postgrex.Protocol, "aurora_meter_bench"})) failed to connect: ** (DBConnection.ConnectionError) tcp connect (localhost:5490): connection refused - :econnrefused

21:26:39.830 [error] Postgrex.Protocol (#PID<0.270.0> ({Postgrex.Protocol, "aurora_meter_bench"})) failed to connect: ** (DBConnection.ConnectionError) tcp connect (localhost:5490): connection refused - :econnrefused

21:26:39.839 [error] Postgrex.Protocol (#PID<0.261.0> ({Postgrex.Protocol, "aurora_meter_bench"})) failed to connect: ** (DBConnection.ConnectionError) tcp connect (localhost:5490): connection refused - :econnrefused

21:26:39.913 [error] Postgrex.Protocol (#PID<0.282.0> ({Postgrex.Protocol, "aurora_meter_bench"})) failed to connect: ** (DBConnection.ConnectionError) tcp connect (localhost:5490): connection refused - :econnrefused

21:26:39.959 [error] Postgrex.Protocol (#PID<0.276.0> ({Postgrex.Protocol, "aurora_meter_bench"})) failed to connect: ** (DBConnection.ConnectionError) tcp connect (localhost:5490): connection refused - :econnrefused

21:26:40.012 [error] Postgrex.Protocol (#PID<0.274.0> ({Postgrex.Protocol, "aurora_meter_bench"})) failed to connect: ** (DBConnection.ConnectionError) tcp connect (localhost:5490): connection refused - :econnrefused

21:26:40.062 [error] Postgrex.Protocol (#PID<0.278.0> ({Postgrex.Protocol, "aurora_meter_bench"})) failed to connect: ** (DBConnection.ConnectionError) tcp connect (localhost:5490): connection refused - :econnrefused

21:26:40.371 [error] Postgrex.Protocol (#PID<0.263.0> ({Postgrex.Protocol, "aurora_meter_bench"})) failed to connect: ** (DBConnection.ConnectionError) tcp connect (localhost:5490): connection refused - :econnrefused

21:26:40.433 [error] Postgrex.Protocol (#PID<0.260.0> ({Postgrex.Protocol, "aurora_meter_bench"})) failed to connect: ** (DBConnection.ConnectionError) tcp connect (localhost:5490): connection refused - :econnrefused

21:26:40.444 [error] Postgrex.Protocol (#PID<0.259.0> ({Postgrex.Protocol, "aurora_meter_bench"})) failed to connect: ** (DBConnection.ConnectionError) tcp connect (localhost:5490): connection refused - :econnrefused

21:26:40.476 [error] Postgrex.Protocol (#PID<0.279.0> ({Postgrex.Protocol, "aurora_meter_bench"})) failed to connect: ** (DBConnection.ConnectionError) tcp connect (localhost:5490): connection refused - :econnrefused

21:26:40.497 [error] Postgrex.Protocol (#PID<0.272.0> ({Postgrex.Protocol, "aurora_meter_bench"})) failed to connect: ** (DBConnection.ConnectionError) tcp connect (localhost:5490): connection refused - :econnrefused

21:26:40.581 [error] Postgrex.Protocol (#PID<0.262.0> ({Postgrex.Protocol, "aurora_meter_bench"})) failed to connect: ** (DBConnection.ConnectionError) tcp connect (localhost:5490): connection refused - :econnrefused

21:26:40.587 [error] Postgrex.Protocol (#PID<0.257.0> ({Postgrex.Protocol, "aurora_meter_bench"})) failed to connect: ** (DBConnection.ConnectionError) tcp connect (localhost:5490): connection refused - :econnrefused

21:26:40.620 [error] Postgrex.Protocol (#PID<0.258.0> ({Postgrex.Protocol, "aurora_meter_bench"})) failed to connect: ** (DBConnection.ConnectionError) tcp connect (localhost:5490): connection refused - :econnrefused

21:26:40.642 [error] Postgrex.Protocol (#PID<0.273.0> ({Postgrex.Protocol, "aurora_meter_bench"})) failed to connect: ** (DBConnection.ConnectionError) tcp connect (localhost:5490): connection refused - :econnrefused

21:26:40.650 [error] Postgrex.Protocol (#PID<0.277.0> ({Postgrex.Protocol, "aurora_meter_bench"})) failed to connect: ** (DBConnection.ConnectionError) tcp connect (localhost:5490): connection refused - :econnrefused

21:26:40.725 [error] Postgrex.Protocol (#PID<0.254.0> ({Postgrex.Protocol, "aurora_meter_bench"})) failed to connect: ** (DBConnection.ConnectionError) tcp connect (localhost:5490): connection refused - :econnrefused

21:26:41.649 [error] Postgrex.Protocol (#PID<0.256.0> ({Postgrex.Protocol, "aurora_meter_bench"})) failed to connect: ** (DBConnection.ConnectionError) tcp connect (localhost:5490): connection refused - :econnrefused

21:26:41.676 [error] Postgrex.Protocol (#PID<0.264.0> ({Postgrex.Protocol, "aurora_meter_bench"})) failed to connect: ** (DBConnection.ConnectionError) tcp connect (localhost:5490): connection refused - :econnrefused

21:26:41.778 [error] Postgrex.Protocol (#PID<0.271.0> ({Postgrex.Protocol, "aurora_meter_bench"})) failed to connect: ** (DBConnection.ConnectionError) tcp connect (localhost:5490): connection refused - :econnrefused

21:26:41.964 [error] Postgrex.Protocol (#PID<0.255.0> ({Postgrex.Protocol, "aurora_meter_bench"})) failed to connect: ** (DBConnection.ConnectionError) tcp connect (localhost:5490): connection refused - :econnrefused

21:26:42.289 [error] Postgrex.Protocol (#PID<0.274.0> ({Postgrex.Protocol, "aurora_meter_bench"})) failed to connect: ** (DBConnection.ConnectionError) tcp connect (localhost:5490): connection refused - :econnrefused

21:26:42.292 [error] Postgrex.Protocol (#PID<0.269.0> ({Postgrex.Protocol, "aurora_meter_bench"})) failed to connect: ** (DBConnection.ConnectionError) tcp connect (localhost:5490): connection refused - :econnrefused

21:26:42.306 [error] Postgrex.Protocol (#PID<0.266.0> ({Postgrex.Protocol, "aurora_meter_bench"})) failed to connect: ** (DBConnection.ConnectionError) tcp connect (localhost:5490): connection refused - :econnrefused

21:26:42.479 [error] Postgrex.Protocol (#PID<0.268.0> ({Postgrex.Protocol, "aurora_meter_bench"})) failed to connect: ** (DBConnection.ConnectionError) tcp connect (localhost:5490): connection refused - :econnrefused

21:26:42.507 [error] Postgrex.Protocol (#PID<0.265.0> ({Postgrex.Protocol, "aurora_meter_bench"})) failed to connect: ** (DBConnection.ConnectionError) tcp connect (localhost:5490): connection refused - :econnrefused

21:26:42.750 [error] Postgrex.Protocol (#PID<0.280.0> ({Postgrex.Protocol, "aurora_meter_bench"})) failed to connect: ** (DBConnection.ConnectionError) tcp connect (localhost:5490): connection refused - :econnrefused

21:26:42.856 [error] Postgrex.Protocol (#PID<0.279.0> ({Postgrex.Protocol, "aurora_meter_bench"})) failed to connect: ** (DBConnection.ConnectionError) tcp connect (localhost:5490): connection refused - :econnrefused

21:26:43.542 [error] Postgrex.Protocol (#PID<0.253.0> ({Postgrex.Protocol, "aurora_meter_bench"})) failed to connect: ** (DBConnection.ConnectionError) tcp connect (localhost:5490): connection refused - :econnrefused

21:26:43.548 [error] Postgrex.Protocol (#PID<0.258.0> ({Postgrex.Protocol, "aurora_meter_bench"})) failed to connect: ** (DBConnection.ConnectionError) tcp connect (localhost:5490): connection refused - :econnrefused

21:26:43.631 [error] Postgrex.Protocol (#PID<0.262.0> ({Postgrex.Protocol, "aurora_meter_bench"})) failed to connect: ** (DBConnection.ConnectionError) tcp connect (localhost:5490): connection refused - :econnrefused

21:26:43.775 [error] Postgrex.Protocol (#PID<0.263.0> ({Postgrex.Protocol, "aurora_meter_bench"})) failed to connect: ** (DBConnection.ConnectionError) tcp connect (localhost:5490): connection refused - :econnrefused

21:26:44.108 [error] Postgrex.Protocol (#PID<0.257.0> ({Postgrex.Protocol, "aurora_meter_bench"})) failed to connect: ** (DBConnection.ConnectionError) tcp connect (localhost:5490): connection refused - :econnrefused

21:26:44.185 [error] Postgrex.Protocol (#PID<0.275.0> ({Postgrex.Protocol, "aurora_meter_bench"})) failed to connect: ** (DBConnection.ConnectionError) tcp connect (localhost:5490): connection refused - :econnrefused

21:26:44.305 [error] Postgrex.Protocol (#PID<0.281.0> ({Postgrex.Protocol, "aurora_meter_bench"})) failed to connect: ** (DBConnection.ConnectionError) tcp connect (localhost:5490): connection refused - :econnrefused

21:26:44.393 [error] Postgrex.Protocol (#PID<0.254.0> ({Postgrex.Protocol, "aurora_meter_bench"})) failed to connect: ** (DBConnection.ConnectionError) tcp connect (localhost:5490): connection refused - :econnrefused

21:26:44.538 [error] Postgrex.Protocol (#PID<0.261.0> ({Postgrex.Protocol, "aurora_meter_bench"})) failed to connect: ** (DBConnection.ConnectionError) tcp connect (localhost:5490): connection refused - :econnrefused

21:26:44.592 [error] Postgrex.Protocol (#PID<0.267.0> ({Postgrex.Protocol, "aurora_meter_bench"})) failed to connect: ** (DBConnection.ConnectionError) tcp connect (localhost:5490): connection refused - :econnrefused

21:26:44.814 [error] Postgrex.Protocol (#PID<0.260.0> ({Postgrex.Protocol, "aurora_meter_bench"})) failed to connect: ** (DBConnection.ConnectionError) tcp connect (localhost:5490): connection refused - :econnrefused

21:26:44.821 [error] Postgrex.Protocol (#PID<0.276.0> ({Postgrex.Protocol, "aurora_meter_bench"})) failed to connect: ** (DBConnection.ConnectionError) tcp connect (localhost:5490): connection refused - :econnrefused

21:26:44.851 [error] Postgrex.Protocol (#PID<0.272.0> ({Postgrex.Protocol, "aurora_meter_bench"})) failed to connect: ** (DBConnection.ConnectionError) tcp connect (localhost:5490): connection refused - :econnrefused

21:26:44.895 [error] Postgrex.Protocol (#PID<0.282.0> ({Postgrex.Protocol, "aurora_meter_bench"})) failed to connect: ** (DBConnection.ConnectionError) tcp connect (localhost:5490): connection refused - :econnrefused

21:26:45.024 [error] Postgrex.Protocol (#PID<0.255.0> ({Postgrex.Protocol, "aurora_meter_bench"})) failed to connect: ** (DBConnection.ConnectionError) tcp connect (localhost:5490): connection refused - :econnrefused

21:26:45.228 [error] Postgrex.Protocol (#PID<0.278.0> ({Postgrex.Protocol, "aurora_meter_bench"})) failed to connect: ** (DBConnection.ConnectionError) tcp connect (localhost:5490): connection refused - :econnrefused

21:26:45.290 [error] Postgrex.Protocol (#PID<0.270.0> ({Postgrex.Protocol, "aurora_meter_bench"})) failed to connect: ** (DBConnection.ConnectionError) tcp connect (localhost:5490): connection refused - :econnrefused

21:26:45.682 [error] Postgrex.Protocol (#PID<0.269.0> ({Postgrex.Protocol, "aurora_meter_bench"})) failed to connect: ** (DBConnection.ConnectionError) tcp connect (localhost:5490): connection refused - :econnrefused

21:26:45.735 [error] Postgrex.Protocol (#PID<0.265.0> ({Postgrex.Protocol, "aurora_meter_bench"})) failed to connect: ** (DBConnection.ConnectionError) tcp connect (localhost:5490): connection refused - :econnrefused

21:26:45.942 [error] Postgrex.Protocol (#PID<0.256.0> ({Postgrex.Protocol, "aurora_meter_bench"})) failed to connect: ** (DBConnection.ConnectionError) tcp connect (localhost:5490): connection refused - :econnrefused

21:26:46.053 [error] Postgrex.Protocol (#PID<0.264.0> ({Postgrex.Protocol, "aurora_meter_bench"})) failed to connect: ** (DBConnection.ConnectionError) tcp connect (localhost:5490): connection refused - :econnrefused

21:26:46.069 [error] Postgrex.Protocol (#PID<0.279.0> ({Postgrex.Protocol, "aurora_meter_bench"})) failed to connect: ** (DBConnection.ConnectionError) tcp connect (localhost:5490): connection refused - :econnrefused

21:26:46.334 [error] Postgrex.Protocol (#PID<0.274.0> ({Postgrex.Protocol, "aurora_meter_bench"})) failed to connect: ** (DBConnection.ConnectionError) tcp connect (localhost:5490): connection refused - :econnrefused

21:26:46.456 [error] Postgrex.Protocol (#PID<0.271.0> ({Postgrex.Protocol, "aurora_meter_bench"})) failed to connect: ** (DBConnection.ConnectionError) tcp connect (localhost:5490): connection refused - :econnrefused

21:26:46.722 [error] Postgrex.Protocol (#PID<0.268.0> ({Postgrex.Protocol, "aurora_meter_bench"})) failed to connect: ** (DBConnection.ConnectionError) tcp connect (localhost:5490): connection refused - :econnrefused

21:26:46.756 [error] Postgrex.Protocol (#PID<0.277.0> ({Postgrex.Protocol, "aurora_meter_bench"})) failed to connect: ** (DBConnection.ConnectionError) tcp connect (localhost:5490): connection refused - :econnrefused

21:26:47.751 [error] AuroraMeter flush failed; the same batch will be retried: "[Elixir.AuroraMeter.TestRepo] connection not available and request was dropped from queue after 2961ms. This means requests are coming in and your connection pool cannot serve them fast enough. You can address this by:\n\n  1. Ensuring your database is available and that you can connect to it\n  2. Tracking down slow queries and making sure they are running fast enough\n  3. Increasing the pool_size (although this increases resource consumption)\n  4. Allowing requests to wait longer by increasing :queue_target and :queue_interval\n\nSee DBConnection.start_link/2 for more information\n"

21:26:48.222 [error] Postgrex.Protocol (#PID<0.259.0> ({Postgrex.Protocol, "aurora_meter_bench"})) failed to connect: ** (DBConnection.ConnectionError) tcp recv (idle): closed

21:26:49.980 [error] AuroraMeter flush failed; the same batch will be retried: "postgresql protocol can not handle 84000 parameters, the maximum is 65535"

21:26:49.980 [error] Postgrex.Protocol (#PID<0.273.0> ({Postgrex.Protocol, "aurora_meter_bench"})) disconnected: ** (Postgrex.QueryError) postgresql protocol can not handle 84000 parameters, the maximum is 65535

21:26:51.246 [error] AuroraMeter flush failed; the same batch will be retried: "postgresql protocol can not handle 84000 parameters, the maximum is 65535"

21:26:51.247 [error] Postgrex.Protocol (#PID<0.280.0> ({Postgrex.Protocol, "aurora_meter_bench"})) disconnected: ** (Postgrex.QueryError) postgresql protocol can not handle 84000 parameters, the maximum is 65535

21:26:52.492 [error] AuroraMeter flush failed; the same batch will be retried: "postgresql protocol can not handle 84000 parameters, the maximum is 65535"

21:26:52.492 [error] Postgrex.Protocol (#PID<0.263.0> ({Postgrex.Protocol, "aurora_meter_bench"})) disconnected: ** (Postgrex.QueryError) postgresql protocol can not handle 84000 parameters, the maximum is 65535

21:26:53.729 [error] AuroraMeter flush failed; the same batch will be retried: "postgresql protocol can not handle 84000 parameters, the maximum is 65535"

21:26:53.729 [error] Postgrex.Protocol (#PID<0.266.0> ({Postgrex.Protocol, "aurora_meter_bench"})) disconnected: ** (Postgrex.QueryError) postgresql protocol can not handle 84000 parameters, the maximum is 65535

21:26:54.979 [error] AuroraMeter flush failed; the same batch will be retried: "postgresql protocol can not handle 84000 parameters, the maximum is 65535"

21:26:54.979 [error] Postgrex.Protocol (#PID<0.279.0> ({Postgrex.Protocol, "aurora_meter_bench"})) disconnected: ** (Postgrex.QueryError) postgresql protocol can not handle 84000 parameters, the maximum is 65535

21:26:56.202 [error] AuroraMeter flush failed; the same batch will be retried: "postgresql protocol can not handle 84000 parameters, the maximum is 65535"

21:26:56.203 [error] Postgrex.Protocol (#PID<0.271.0> ({Postgrex.Protocol, "aurora_meter_bench"})) disconnected: ** (Postgrex.QueryError) postgresql protocol can not handle 84000 parameters, the maximum is 65535

21:26:57.443 [error] AuroraMeter flush failed; the same batch will be retried: "postgresql protocol can not handle 84000 parameters, the maximum is 65535"

21:26:57.444 [error] Postgrex.Protocol (#PID<0.280.0> ({Postgrex.Protocol, "aurora_meter_bench"})) disconnected: ** (Postgrex.QueryError) postgresql protocol can not handle 84000 parameters, the maximum is 65535

21:26:58.734 [error] AuroraMeter flush failed; the same batch will be retried: "postgresql protocol can not handle 84000 parameters, the maximum is 65535"

21:26:58.734 [error] Postgrex.Protocol (#PID<0.281.0> ({Postgrex.Protocol, "aurora_meter_bench"})) disconnected: ** (Postgrex.QueryError) postgresql protocol can not handle 84000 parameters, the maximum is 65535

21:26:59.939 [error] AuroraMeter flush failed; the same batch will be retried: "postgresql protocol can not handle 84000 parameters, the maximum is 65535"

21:26:59.939 [error] Postgrex.Protocol (#PID<0.277.0> ({Postgrex.Protocol, "aurora_meter_bench"})) disconnected: ** (Postgrex.QueryError) postgresql protocol can not handle 84000 parameters, the maximum is 65535

21:27:01.121 [error] AuroraMeter flush failed; the same batch will be retried: "postgresql protocol can not handle 84000 parameters, the maximum is 65535"

21:27:01.121 [error] Postgrex.Protocol (#PID<0.264.0> ({Postgrex.Protocol, "aurora_meter_bench"})) disconnected: ** (Postgrex.QueryError) postgresql protocol can not handle 84000 parameters, the maximum is 65535

21:27:02.319 [error] AuroraMeter flush failed; the same batch will be retried: "postgresql protocol can not handle 84000 parameters, the maximum is 65535"

21:27:02.319 [error] Postgrex.Protocol (#PID<0.256.0> ({Postgrex.Protocol, "aurora_meter_bench"})) disconnected: ** (Postgrex.QueryError) postgresql protocol can not handle 84000 parameters, the maximum is 65535

21:27:03.512 [error] AuroraMeter flush failed; the same batch will be retried: "postgresql protocol can not handle 84000 parameters, the maximum is 65535"

21:27:03.512 [error] Postgrex.Protocol (#PID<0.253.0> ({Postgrex.Protocol, "aurora_meter_bench"})) disconnected: ** (Postgrex.QueryError) postgresql protocol can not handle 84000 parameters, the maximum is 65535

21:27:04.714 [error] AuroraMeter flush failed; the same batch will be retried: "postgresql protocol can not handle 84000 parameters, the maximum is 65535"

21:27:04.714 [error] Postgrex.Protocol (#PID<0.276.0> ({Postgrex.Protocol, "aurora_meter_bench"})) disconnected: ** (Postgrex.QueryError) postgresql protocol can not handle 84000 parameters, the maximum is 65535

21:27:05.905 [error] AuroraMeter flush failed; the same batch will be retried: "postgresql protocol can not handle 84000 parameters, the maximum is 65535"

21:27:05.908 [error] Postgrex.Protocol (#PID<0.253.0> ({Postgrex.Protocol, "aurora_meter_bench"})) disconnected: ** (Postgrex.QueryError) postgresql protocol can not handle 84000 parameters, the maximum is 65535

21:27:07.092 [error] AuroraMeter flush failed; the same batch will be retried: "postgresql protocol can not handle 84000 parameters, the maximum is 65535"

21:27:07.092 [error] Postgrex.Protocol (#PID<0.267.0> ({Postgrex.Protocol, "aurora_meter_bench"})) disconnected: ** (Postgrex.QueryError) postgresql protocol can not handle 84000 parameters, the maximum is 65535

21:27:08.294 [error] AuroraMeter flush failed; the same batch will be retried: "postgresql protocol can not handle 84000 parameters, the maximum is 65535"

21:27:08.296 [error] Postgrex.Protocol (#PID<0.261.0> ({Postgrex.Protocol, "aurora_meter_bench"})) disconnected: ** (Postgrex.QueryError) postgresql protocol can not handle 84000 parameters, the maximum is 65535

21:27:09.479 [error] AuroraMeter flush failed; the same batch will be retried: "postgresql protocol can not handle 84000 parameters, the maximum is 65535"

21:27:09.480 [error] Postgrex.Protocol (#PID<0.255.0> ({Postgrex.Protocol, "aurora_meter_bench"})) disconnected: ** (Postgrex.QueryError) postgresql protocol can not handle 84000 parameters, the maximum is 65535

21:27:10.662 [error] AuroraMeter flush failed; the same batch will be retried: "postgresql protocol can not handle 84000 parameters, the maximum is 65535"

21:27:10.662 [error] Postgrex.Protocol (#PID<0.266.0> ({Postgrex.Protocol, "aurora_meter_bench"})) disconnected: ** (Postgrex.QueryError) postgresql protocol can not handle 84000 parameters, the maximum is 65535

21:27:11.851 [error] AuroraMeter flush failed; the same batch will be retried: "postgresql protocol can not handle 84000 parameters, the maximum is 65535"

21:27:11.853 [error] Postgrex.Protocol (#PID<0.253.0> ({Postgrex.Protocol, "aurora_meter_bench"})) disconnected: ** (Postgrex.QueryError) postgresql protocol can not handle 84000 parameters, the maximum is 65535

21:27:13.063 [error] AuroraMeter flush failed; the same batch will be retried: "postgresql protocol can not handle 84000 parameters, the maximum is 65535"

21:27:13.063 [error] Postgrex.Protocol (#PID<0.276.0> ({Postgrex.Protocol, "aurora_meter_bench"})) disconnected: ** (Postgrex.QueryError) postgresql protocol can not handle 84000 parameters, the maximum is 65535

21:27:14.271 [error] AuroraMeter flush failed; the same batch will be retried: "postgresql protocol can not handle 84000 parameters, the maximum is 65535"

21:27:14.271 [error] Postgrex.Protocol (#PID<0.267.0> ({Postgrex.Protocol, "aurora_meter_bench"})) disconnected: ** (Postgrex.QueryError) postgresql protocol can not handle 84000 parameters, the maximum is 65535

21:27:15.462 [error] AuroraMeter flush failed; the same batch will be retried: "postgresql protocol can not handle 84000 parameters, the maximum is 65535"

21:27:15.465 [error] Postgrex.Protocol (#PID<0.259.0> ({Postgrex.Protocol, "aurora_meter_bench"})) disconnected: ** (Postgrex.QueryError) postgresql protocol can not handle 84000 parameters, the maximum is 65535

21:27:16.651 [error] Postgrex.Protocol (#PID<0.261.0> ({Postgrex.Protocol, "aurora_meter_bench"})) disconnected: ** (Postgrex.QueryError) postgresql protocol can not handle 84000 parameters, the maximum is 65535

21:27:16.651 [error] AuroraMeter flush failed; the same batch will be retried: "postgresql protocol can not handle 84000 parameters, the maximum is 65535"

21:27:17.843 [error] AuroraMeter flush failed; the same batch will be retried: "postgresql protocol can not handle 84000 parameters, the maximum is 65535"

21:27:17.843 [error] Postgrex.Protocol (#PID<0.282.0> ({Postgrex.Protocol, "aurora_meter_bench"})) disconnected: ** (Postgrex.QueryError) postgresql protocol can not handle 84000 parameters, the maximum is 65535

21:27:19.031 [error] AuroraMeter flush failed; the same batch will be retried: "postgresql protocol can not handle 84000 parameters, the maximum is 65535"

21:27:19.031 [error] Postgrex.Protocol (#PID<0.278.0> ({Postgrex.Protocol, "aurora_meter_bench"})) disconnected: ** (Postgrex.QueryError) postgresql protocol can not handle 84000 parameters, the maximum is 65535

21:27:20.212 [error] AuroraMeter flush failed; the same batch will be retried: "postgresql protocol can not handle 84000 parameters, the maximum is 65535"

21:27:20.213 [error] Postgrex.Protocol (#PID<0.270.0> ({Postgrex.Protocol, "aurora_meter_bench"})) disconnected: ** (Postgrex.QueryError) postgresql protocol can not handle 84000 parameters, the maximum is 65535

21:27:21.393 [error] AuroraMeter flush failed; the same batch will be retried: "postgresql protocol can not handle 84000 parameters, the maximum is 65535"

21:27:21.393 [error] Postgrex.Protocol (#PID<0.261.0> ({Postgrex.Protocol, "aurora_meter_bench"})) disconnected: ** (Postgrex.QueryError) postgresql protocol can not handle 84000 parameters, the maximum is 65535

21:27:22.586 [error] AuroraMeter flush failed; the same batch will be retried: "postgresql protocol can not handle 84000 parameters, the maximum is 65535"

21:27:22.589 [error] Postgrex.Protocol (#PID<0.264.0> ({Postgrex.Protocol, "aurora_meter_bench"})) disconnected: ** (Postgrex.QueryError) postgresql protocol can not handle 84000 parameters, the maximum is 65535

21:27:23.792 [error] AuroraMeter flush failed; the same batch will be retried: "postgresql protocol can not handle 84000 parameters, the maximum is 65535"

21:27:23.792 [error] Postgrex.Protocol (#PID<0.276.0> ({Postgrex.Protocol, "aurora_meter_bench"})) disconnected: ** (Postgrex.QueryError) postgresql protocol can not handle 84000 parameters, the maximum is 65535

21:27:25.002 [error] AuroraMeter flush failed; the same batch will be retried: "postgresql protocol can not handle 84000 parameters, the maximum is 65535"

21:27:25.002 [error] Postgrex.Protocol (#PID<0.263.0> ({Postgrex.Protocol, "aurora_meter_bench"})) disconnected: ** (Postgrex.QueryError) postgresql protocol can not handle 84000 parameters, the maximum is 65535

21:27:26.191 [error] AuroraMeter flush failed; the same batch will be retried: "postgresql protocol can not handle 84000 parameters, the maximum is 65535"

21:27:26.191 [error] Postgrex.Protocol (#PID<0.268.0> ({Postgrex.Protocol, "aurora_meter_bench"})) disconnected: ** (Postgrex.QueryError) postgresql protocol can not handle 84000 parameters, the maximum is 65535

21:27:27.362 [error] AuroraMeter flush failed; the same batch will be retried: "postgresql protocol can not handle 84000 parameters, the maximum is 65535"

21:27:27.364 [error] Postgrex.Protocol (#PID<0.258.0> ({Postgrex.Protocol, "aurora_meter_bench"})) disconnected: ** (Postgrex.QueryError) postgresql protocol can not handle 84000 parameters, the maximum is 65535

21:27:28.556 [error] Postgrex.Protocol (#PID<0.271.0> ({Postgrex.Protocol, "aurora_meter_bench"})) disconnected: ** (Postgrex.QueryError) postgresql protocol can not handle 84000 parameters, the maximum is 65535

21:27:28.556 [error] AuroraMeter flush failed; the same batch will be retried: "postgresql protocol can not handle 84000 parameters, the maximum is 65535"

21:27:29.734 [error] AuroraMeter flush failed; the same batch will be retried: "postgresql protocol can not handle 84000 parameters, the maximum is 65535"

21:27:29.734 [error] Postgrex.Protocol (#PID<0.274.0> ({Postgrex.Protocol, "aurora_meter_bench"})) disconnected: ** (Postgrex.QueryError) postgresql protocol can not handle 84000 parameters, the maximum is 65535

21:27:30.953 [error] AuroraMeter flush failed; the same batch will be retried: "postgresql protocol can not handle 84000 parameters, the maximum is 65535"

21:27:30.954 [error] Postgrex.Protocol (#PID<0.276.0> ({Postgrex.Protocol, "aurora_meter_bench"})) disconnected: ** (Postgrex.QueryError) postgresql protocol can not handle 84000 parameters, the maximum is 65535

21:27:32.174 [error] AuroraMeter flush failed; the same batch will be retried: "postgresql protocol can not handle 84000 parameters, the maximum is 65535"

21:27:32.175 [error] Postgrex.Protocol (#PID<0.256.0> ({Postgrex.Protocol, "aurora_meter_bench"})) disconnected: ** (Postgrex.QueryError) postgresql protocol can not handle 84000 parameters, the maximum is 65535

21:27:33.349 [error] AuroraMeter flush failed; the same batch will be retried: "postgresql protocol can not handle 84000 parameters, the maximum is 65535"

21:27:33.360 [error] Postgrex.Protocol (#PID<0.273.0> ({Postgrex.Protocol, "aurora_meter_bench"})) disconnected: ** (Postgrex.QueryError) postgresql protocol can not handle 84000 parameters, the maximum is 65535

21:27:34.557 [error] AuroraMeter flush failed; the same batch will be retried: "postgresql protocol can not handle 84000 parameters, the maximum is 65535"

21:27:34.560 [error] Postgrex.Protocol (#PID<0.257.0> ({Postgrex.Protocol, "aurora_meter_bench"})) disconnected: ** (Postgrex.QueryError) postgresql protocol can not handle 84000 parameters, the maximum is 65535

21:27:35.768 [error] AuroraMeter flush failed; the same batch will be retried: "postgresql protocol can not handle 84000 parameters, the maximum is 65535"

21:27:35.768 [error] Postgrex.Protocol (#PID<0.265.0> ({Postgrex.Protocol, "aurora_meter_bench"})) disconnected: ** (Postgrex.QueryError) postgresql protocol can not handle 84000 parameters, the maximum is 65535

21:27:36.987 [error] AuroraMeter flush failed; the same batch will be retried: "postgresql protocol can not handle 84000 parameters, the maximum is 65535"

21:27:36.988 [error] Postgrex.Protocol (#PID<0.268.0> ({Postgrex.Protocol, "aurora_meter_bench"})) disconnected: ** (Postgrex.QueryError) postgresql protocol can not handle 84000 parameters, the maximum is 65535

21:27:38.185 [error] AuroraMeter flush failed; the same batch will be retried: "postgresql protocol can not handle 84000 parameters, the maximum is 65535"

21:27:38.185 [error] Postgrex.Protocol (#PID<0.258.0> ({Postgrex.Protocol, "aurora_meter_bench"})) disconnected: ** (Postgrex.QueryError) postgresql protocol can not handle 84000 parameters, the maximum is 65535

21:27:39.373 [error] AuroraMeter flush failed; the same batch will be retried: "postgresql protocol can not handle 84000 parameters, the maximum is 65535"

21:27:39.375 [error] Postgrex.Protocol (#PID<0.270.0> ({Postgrex.Protocol, "aurora_meter_bench"})) disconnected: ** (Postgrex.QueryError) postgresql protocol can not handle 84000 parameters, the maximum is 65535

21:27:40.551 [error] AuroraMeter flush failed; the same batch will be retried: "postgresql protocol can not handle 84000 parameters, the maximum is 65535"

21:27:40.551 [error] Postgrex.Protocol (#PID<0.271.0> ({Postgrex.Protocol, "aurora_meter_bench"})) disconnected: ** (Postgrex.QueryError) postgresql protocol can not handle 84000 parameters, the maximum is 65535

21:27:41.728 [error] AuroraMeter flush failed; the same batch will be retried: "postgresql protocol can not handle 84000 parameters, the maximum is 65535"

21:27:41.728 [error] Postgrex.Protocol (#PID<0.256.0> ({Postgrex.Protocol, "aurora_meter_bench"})) disconnected: ** (Postgrex.QueryError) postgresql protocol can not handle 84000 parameters, the maximum is 65535

21:27:42.917 [error] AuroraMeter flush failed; the same batch will be retried: "postgresql protocol can not handle 84000 parameters, the maximum is 65535"

21:27:42.917 [error] Postgrex.Protocol (#PID<0.255.0> ({Postgrex.Protocol, "aurora_meter_bench"})) disconnected: ** (Postgrex.QueryError) postgresql protocol can not handle 84000 parameters, the maximum is 65535

21:27:44.128 [error] AuroraMeter flush failed; the same batch will be retried: "postgresql protocol can not handle 84000 parameters, the maximum is 65535"

21:27:44.128 [error] Postgrex.Protocol (#PID<0.253.0> ({Postgrex.Protocol, "aurora_meter_bench"})) disconnected: ** (Postgrex.QueryError) postgresql protocol can not handle 84000 parameters, the maximum is 65535

21:27:45.348 [error] AuroraMeter flush failed; the same batch will be retried: "postgresql protocol can not handle 84000 parameters, the maximum is 65535"

21:27:45.351 [error] Postgrex.Protocol (#PID<0.266.0> ({Postgrex.Protocol, "aurora_meter_bench"})) disconnected: ** (Postgrex.QueryError) postgresql protocol can not handle 84000 parameters, the maximum is 65535

21:27:46.555 [error] AuroraMeter flush failed; the same batch will be retried: "postgresql protocol can not handle 84000 parameters, the maximum is 65535"

21:27:46.555 [error] Postgrex.Protocol (#PID<0.270.0> ({Postgrex.Protocol, "aurora_meter_bench"})) disconnected: ** (Postgrex.QueryError) postgresql protocol can not handle 84000 parameters, the maximum is 65535

21:27:47.750 [error] AuroraMeter flush failed; the same batch will be retried: "postgresql protocol can not handle 84000 parameters, the maximum is 65535"

21:27:47.751 [error] Postgrex.Protocol (#PID<0.271.0> ({Postgrex.Protocol, "aurora_meter_bench"})) disconnected: ** (Postgrex.QueryError) postgresql protocol can not handle 84000 parameters, the maximum is 65535

21:27:48.928 [error] Postgrex.Protocol (#PID<0.268.0> ({Postgrex.Protocol, "aurora_meter_bench"})) disconnected: ** (Postgrex.QueryError) postgresql protocol can not handle 84000 parameters, the maximum is 65535

21:27:48.929 [error] AuroraMeter flush failed; the same batch will be retried: "postgresql protocol can not handle 84000 parameters, the maximum is 65535"

21:27:50.127 [error] AuroraMeter flush failed; the same batch will be retried: "postgresql protocol can not handle 84000 parameters, the maximum is 65535"

21:27:50.130 [error] Postgrex.Protocol (#PID<0.273.0> ({Postgrex.Protocol, "aurora_meter_bench"})) disconnected: ** (Postgrex.QueryError) postgresql protocol can not handle 84000 parameters, the maximum is 65535

21:27:51.313 [error] AuroraMeter flush failed; the same batch will be retried: "postgresql protocol can not handle 84000 parameters, the maximum is 65535"

21:27:51.313 [error] Postgrex.Protocol (#PID<0.257.0> ({Postgrex.Protocol, "aurora_meter_bench"})) disconnected: ** (Postgrex.QueryError) postgresql protocol can not handle 84000 parameters, the maximum is 65535

21:27:52.504 [error] AuroraMeter flush failed; the same batch will be retried: "postgresql protocol can not handle 84000 parameters, the maximum is 65535"

21:27:52.508 [error] Postgrex.Protocol (#PID<0.282.0> ({Postgrex.Protocol, "aurora_meter_bench"})) disconnected: ** (Postgrex.QueryError) postgresql protocol can not handle 84000 parameters, the maximum is 65535

21:27:53.689 [error] AuroraMeter flush failed; the same batch will be retried: "postgresql protocol can not handle 84000 parameters, the maximum is 65535"

21:27:53.689 [error] Postgrex.Protocol (#PID<0.279.0> ({Postgrex.Protocol, "aurora_meter_bench"})) disconnected: ** (Postgrex.QueryError) postgresql protocol can not handle 84000 parameters, the maximum is 65535

21:27:54.885 [error] AuroraMeter flush failed; the same batch will be retried: "postgresql protocol can not handle 84000 parameters, the maximum is 65535"

21:27:54.887 [error] Postgrex.Protocol (#PID<0.278.0> ({Postgrex.Protocol, "aurora_meter_bench"})) disconnected: ** (Postgrex.QueryError) postgresql protocol can not handle 84000 parameters, the maximum is 65535

21:27:56.090 [error] Postgrex.Protocol (#PID<0.253.0> ({Postgrex.Protocol, "aurora_meter_bench"})) disconnected: ** (Postgrex.QueryError) postgresql protocol can not handle 84000 parameters, the maximum is 65535

21:27:56.090 [error] AuroraMeter flush failed; the same batch will be retried: "postgresql protocol can not handle 84000 parameters, the maximum is 65535"

21:27:57.291 [error] AuroraMeter flush failed; the same batch will be retried: "postgresql protocol can not handle 84000 parameters, the maximum is 65535"

21:27:57.295 [error] Postgrex.Protocol (#PID<0.268.0> ({Postgrex.Protocol, "aurora_meter_bench"})) disconnected: ** (Postgrex.QueryError) postgresql protocol can not handle 84000 parameters, the maximum is 65535
** (RuntimeError) the bench waited 60000 ms and the dirty set never emptied: 24000 dirty keys, 24000 items in the pending batch. Either the database did not come back, or the retained batch cannot be sent at all: one flush uses seven bind parameters per counter row and Postgres takes 65,535, so a batch of more than 9,362 counter keys is retried for ever (open-findings.md X338). The flusher's log lines above say which.
    (aurora_meter 0.5.0) lib/aurora_meter/bench/modes/faults.ex:129: AuroraMeter.Bench.Modes.Faults.drain_until/3
    (aurora_meter 0.5.0) lib/aurora_meter/bench/mode.ex:65: AuroraMeter.Bench.Mode.time/1
    (aurora_meter 0.5.0) lib/aurora_meter/bench/modes/faults.ex:80: AuroraMeter.Bench.Modes.Faults.custom/1
    (aurora_meter 0.5.0) lib/aurora_meter/bench/runner.ex:338: AuroraMeter.Bench.Runner.measure/1
    (aurora_meter 0.5.0) lib/mix/tasks/aurora_meter.bench.ex:235: Mix.Tasks.AuroraMeter.Bench.execute/2
    (mix 1.20.1) lib/mix/task.ex:502: anonymous fn/3 in Mix.Task.run_task/5
    (mix 1.20.1) lib/mix/cli.ex:129: Mix.CLI.run_task/2
    /home/linuxbrew/.linuxbrew/bin/mix:7: (file)
