=== 05a core headless (AURORA_HEADLESS=1) ===
2026-09-15T06:27:50Z
8fa7128b5f6b5b6e1197ea11e811bd692c5cdd50
removed _build/test/lib/{aurora_meter,oban}
[mixlane] core: DB_PORT=5490 mix deps
* bunt 1.0.0 (Hex package) (mix)
  locked at 1.0.0 (bunt) dc5f86aa
  ok
* credo 1.7.19 (Hex package) (mix)
  locked at 1.7.19 (credo) 2d8bc95d
  ok
* db_connection 2.10.2 (Hex package) (mix)
  locked at 2.10.2 (db_connection) 510b1448
  ok
* decimal 3.1.1 (Hex package) (mix)
  locked at 3.1.1 (decimal) c5f25f2c
  ok
* dialyxir 1.4.7 (Hex package) (mix)
  locked at 1.4.7 (dialyxir) b3452720
  ok
* earmark_parser 1.4.45 (Hex package) (mix)
  locked at 1.4.45 (earmark_parser) d3ec045b
  ok
* ecto 3.14.1 (Hex package) (mix)
  locked at 3.14.1 (ecto) 24b99195
  ok
* ecto_sql 3.14.0 (Hex package) (mix)
  locked at 3.14.0 (ecto_sql) f4d8d36f
  ok
* erlex 0.2.9 (Hex package) (mix)
  locked at 0.2.9 (erlex) 8cfffc0e
  ok
* ex_doc 0.40.3 (Hex package) (mix)
  locked at 0.40.3 (ex_doc) 2756e357
  ok
* file_system 1.1.1 (Hex package) (mix)
  locked at 1.1.1 (file_system) 7a15ff97
  ok
* jason 1.4.5 (Hex package) (mix)
  locked at 1.4.5 (jason) b0c82399
  ok
* makeup 1.2.2 (Hex package) (mix)
  locked at 1.2.2 (makeup) 9a1a24e5
  ok
* makeup_elixir 1.0.1 (Hex package) (mix)
  locked at 1.0.1 (makeup_elixir) 7284900d
  ok
* makeup_erlang 1.1.0 (Hex package) (mix)
  locked at 1.1.0 (makeup_erlang) 1cd6780f
  ok
* mix_audit 2.1.5 (Hex package) (mix)
  locked at 2.1.5 (mix_audit) 87f9298e
  ok
* nimble_options 1.1.1 (Hex package) (mix)
  locked at 1.1.1 (nimble_options) 821b2470
  ok
* nimble_parsec 1.4.2 (Hex package) (mix)
  locked at 1.4.2 (nimble_parsec) 4b213989
  ok
* phoenix_pubsub 2.3.0 (Hex package) (mix)
  locked at 2.3.0 (phoenix_pubsub) eec7be6e
  ok
* postgrex 0.22.4 (Hex package) (mix)
  locked at 0.22.4 (postgrex) 4aae45a2
  ok
* telemetry 1.4.2 (Hex package) (rebar3)
  locked at 1.4.2 (telemetry) 928f6495
  ok
* yamerl 0.10.0 (Hex package) (rebar3)
  locked at 0.10.0 (yamerl) 346adb29
  ok
* yaml_elixir 2.12.2 (Hex package) (mix)
  locked at 2.12.2 (yaml_elixir) e7c1b101
  ok
[mixlane] core exit=0 started=2026-09-15T06:27:50Z finished=2026-09-15T06:27:51Z
[mixlane] core: DB_PORT=5490 mix compile --warnings-as-errors --force
Compiling 70 files (.ex)
Generated aurora_meter app
[mixlane] core exit=0 started=2026-09-15T06:27:51Z finished=2026-09-15T06:27:52Z
compile exit=0
[mixlane] core: DB_PORT=5490 mix run -e 
  false = Code.ensure_loaded?(Oban)
  false = Code.ensure_loaded?(AuroraMeter.Oban)
  false = Code.ensure_loaded?(AuroraMeter.Oban.CreditExpiry)
  false = Code.ensure_loaded?(AuroraMeter.Oban.HoldReconciliation)
  false = Code.ensure_loaded?(AuroraMeter.Oban.EventsReplay)
  false = Code.ensure_loaded?(AuroraMeter.Oban.RecurringGrants)
  false = Code.ensure_loaded?(AuroraMeter.Oban.PlanTransitions)
  false = Code.ensure_loaded?(AuroraMeter.Oban.ConfigError)
  true = Code.ensure_loaded?(AuroraMeter.Credits)
  true = function_exported?(AuroraMeter.Credits, :expire_due, 1)
  true = function_exported?(AuroraMeter.Credits, :reconcile_holds, 1)
  true = Code.ensure_loaded?(AuroraMeter.Events.Replay)
  true = function_exported?(AuroraMeter.Events.Replay, :run, 1)
  IO.puts("headless ok")

headless ok
[mixlane] core exit=0 started=2026-09-15T06:27:52Z finished=2026-09-15T06:27:53Z
run exit=0
[mixlane] core: DB_PORT=5490 mix test --include headless --seed 0
Compiling 86 files (.ex)
Generated aurora_meter app
Running ExUnit with seed: 0, max_cases: 48
Including tags: [:headless]

...............................................................................................................................................................................................................................................................................................
16:27:58.246 [error] Postgrex.Protocol (#PID<0.851.0> ({Postgrex.Protocol, "aurora_meter_test"})) disconnected: ** (DBConnection.ConnectionError) client #PID<0.2280.0> ({AuroraMeter.EventsGateTest, :"test record_timeout a database that never answers is {:unavailable, :timeout} within the timeout, never an exit"}) timed out because it queued and checked out the connection for longer than 400ms

Client #PID<0.2280.0> ({AuroraMeter.EventsGateTest, :"test record_timeout a database that never answers is {:unavailable, :timeout} within the timeout, never an exit"}) is still using a connection from owner at location:

    (erts 17.0.1) :prim_inet.recv0/3
    (postgrex 0.22.4) lib/postgrex/protocol.ex:3296: Postgrex.Protocol.msg_recv/4
    (postgrex 0.22.4) lib/postgrex/protocol.ex:3008: Postgrex.Protocol.recv_close/3
    (postgrex 0.22.4) lib/postgrex/protocol.ex:1525: Postgrex.Protocol.close_parse_describe_flush/4
    (postgrex 0.22.4) lib/postgrex/protocol.ex:401: Postgrex.Protocol.handle_prepare/3
    (db_connection 2.10.2) lib/db_connection/holder.ex:379: DBConnection.Holder.holder_apply/4
    (db_connection 2.10.2) lib/db_connection.ex:1543: DBConnection.prepare/4
    (db_connection 2.10.2) lib/db_connection.ex:1536: DBConnection.run_prepare/4
    (db_connection 2.10.2) lib/db_connection.ex:1548: DBConnection.run_prepare_execute/5
    (db_connection 2.10.2) lib/db_connection.ex:1592: DBConnection.run/4
    (db_connection 2.10.2) lib/db_connection.ex:810: DBConnection.parsed_prepare_execute/5
    (db_connection 2.10.2) lib/db_connection.ex:802: DBConnection.prepare_execute/4
    (postgrex 0.22.4) lib/postgrex.ex:323: Postgrex.binary_query/4
    (ecto_sql 3.14.0) lib/ecto/adapters/sql.ex:628: Ecto.Adapters.SQL.query!/4
    (ecto_sql 3.14.0) lib/ecto/adapters/sql.ex:992: Ecto.Adapters.SQL.insert_all/9
    (ecto 3.14.1) lib/ecto/repo/schema.ex:86: Ecto.Repo.Schema.do_insert_all/7
    (aurora_meter 0.5.0) lib/aurora_meter/storage/ecto.ex:899: AuroraMeter.Storage.Ecto.insert_events_returning/3
    (aurora_meter 0.5.0) lib/aurora_meter/storage/ecto.ex:864: AuroraMeter.Storage.Ecto.in_transaction/4
    (aurora_meter 0.5.0) test/support/test_repo.ex:3: anonymous fn/1 in AuroraMeter.TestRepo.transaction/2
    (ecto 3.14.1) lib/ecto/repo/transaction.ex:11: anonymous fn/3 in Ecto.Repo.Transaction.transact/4

The connection itself was checked out by #PID<0.2280.0> ({AuroraMeter.EventsGateTest, :"test record_timeout a database that never answers is {:unavailable, :timeout} within the timeout, never an exit"}) at location:

    (erts 17.0.1) :erlang.port_command/3
    (erts 17.0.1) :prim_inet.send/4
    (postgrex 0.22.4) lib/postgrex/protocol.ex:3383: Postgrex.Protocol.do_send/3
    (postgrex 0.22.4) lib/postgrex/protocol.ex:2976: Postgrex.Protocol.handle_transaction/3
    (postgrex 0.22.4) lib/postgrex/protocol.ex:618: Postgrex.Protocol.handle_begin/2
    (db_connection 2.10.2) lib/db_connection/holder.ex:379: DBConnection.Holder.holder_apply/4
    (db_connection 2.10.2) lib/db_connection.ex:1851: DBConnection.run_begin/3
    (db_connection 2.10.2) lib/db_connection.ex:1644: DBConnection.checkout_with_retries/5
    (db_connection 2.10.2) lib/db_connection.ex:1833: DBConnection.begin/3
    (db_connection 2.10.2) lib/db_connection.ex:1114: DBConnection.transaction/3
    (aurora_meter 0.5.0) lib/aurora_meter/storage/ecto.ex:1541: AuroraMeter.Storage.Ecto.guarded/1
    (aurora_meter 0.5.0) lib/aurora_meter/events.ex:367: AuroraMeter.Events.admit/1
    (aurora_meter 0.5.0) lib/aurora_meter/events.ex:194: anonymous fn/4 in AuroraMeter.Events.record/4
    (aurora_meter 0.5.0) lib/aurora_meter/events.ex:328: anonymous fn/2 in AuroraMeter.Events.span/2
    (telemetry 1.4.2) /home/liamk/src/PhxTemplates/product-workspaces/aurora_meter/deps/telemetry/src/telemetry.erl:359: :telemetry.span/3
    test/aurora_meter/events_gate_test.exs:225: anonymous fn/1 in AuroraMeter.EventsGateTest."test record_timeout a database that never answers is {:unavailable, :timeout} within the timeout, never an exit"/1
    (aurora_meter 0.5.0) test/support/aurora_meter/test/config.ex:48: AuroraMeter.Test.Config.with_config/2
    test/aurora_meter/events_gate_test.exs:221: AuroraMeter.EventsGateTest."test record_timeout a database that never answers is {:unavailable, :timeout} within the timeout, never an exit"/1
    (ex_unit 1.20.1) lib/ex_unit/runner.ex:533: ExUnit.Runner.exec_test/2


.......................
16:29:58.281 [error] Postgrex.Protocol (#PID<0.840.0> ({Postgrex.Protocol, "aurora_meter_test"})) disconnected: ** (DBConnection.ConnectionError) owner #PID<0.2387.0> ({:sql_sandbox_owner, %{started_by: #PID<0.2386.0>}}) timed out because it owned the connection for longer than 120000ms (set via the :ownership_timeout option)

[clock control] 150s, 24 loaders, 102035220 samples: Clock.now/0 backwards=0 worst=0.0s; DateTime.utc_now/0 backwards=0 worst=0.0s
..........................
16:30:40.753 [error] Postgrex.Protocol (#PID<0.841.0> ({Postgrex.Protocol, "aurora_meter_test"})) disconnected: ** (DBConnection.ConnectionError) client #PID<0.3035.0> exited
..
16:30:46.225 [error] Postgrex.Protocol (#PID<0.852.0> ({Postgrex.Protocol, "aurora_meter_test"})) disconnected: ** (DBConnection.ConnectionError) client #PID<0.3075.0> exited
......
16:30:46.309 [error] AuroraMeter flush failed; the same batch will be retried: "injected fault at :after_commit_before_ack (label: :foreign_write_then_raise) context: %{callback: :flush_batch, result: {:ok, %{counters: [%{value: 5, feature: \"ops\", tenant_key: \"org_19266\", period_start: ~U[2026-09-01 00:00:00Z]}], history: [%{value: 5, date: ~D[2026-09-15], feature: \"ops\", tenant_key: \"org_19266\"}]}}, batch_id: \"535a41ef-eb09-4873-ae3b-c844e2c4f31b\"}"
.......
16:30:46.432 [error] AuroraMeter flush failed; the same batch will be retried: "injected fault at :after_commit_before_ack (label: :lost_acknowledgement) context: %{callback: :flush_batch, result: {:ok, %{counters: [%{value: 5, feature: \"ops\", tenant_key: \"flush_batch_1668\", period_start: ~U[2026-09-01 00:00:00Z]}], history: [%{value: 5, date: ~D[2026-09-15], feature: \"ops\", tenant_key: \"flush_batch_1668\"}]}}, batch_id: \"d5073f18-011e-44c8-a100-65d446f8f290\"}"
.......................................
16:30:47.121 [warning] AuroraMeter: feature :nothing is not declared on the tenant's plan (first seen from feature_value). :undeclared_feature_policy is :warn, so it is allowed; Aurora Meter 1.0 denies it. Declare it on the plan, run `mix aurora_meter.features` to find every other one, or set `config :aurora_meter, undeclared_feature_policy: :allow`.
......................................................................................
16:31:00.584 [error] AuroraMeter flush failed; the same batch will be retried: "injected fault at :before_commit (label: :receipt_insert) context: %{kind: :write, schema: AuroraMeter.Schema.FlushReceipt, statement: :receipt_insert, repo_fun: :insert_all}"
.
16:31:00.619 [error] AuroraMeter flush failed; the same batch will be retried: "injected fault at :before_commit (label: :counter_upsert) context: %{kind: :write, schema: AuroraMeter.Schema.Counter, statement: :counter_upsert, repo_fun: :insert_all}"
.
16:31:00.651 [error] AuroraMeter flush failed; the same batch will be retried: "injected fault at :before_commit (label: :history_upsert) context: %{kind: :write, schema: AuroraMeter.Schema.History, statement: :history_upsert, repo_fun: :insert_all}"
.
16:31:00.686 [error] AuroraMeter flush failed; the same batch will be retried: "injected fault at :before_commit (label: :counter_upsert) context: %{kind: :write, schema: AuroraMeter.Schema.Counter, statement: :counter_upsert, repo_fun: :insert_all}"
..................................................................................................................................................................................................................................................................................................................
16:31:09.109 [warning] AuroraMeter: feature :nowhere is not declared on the tenant's plan (first seen from check). :undeclared_feature_policy is :warn, so it is allowed; Aurora Meter 1.0 denies it. Declare it on the plan, run `mix aurora_meter.features` to find every other one, or set `config :aurora_meter, undeclared_feature_policy: :allow`.
....................................
16:31:09.158 [warning] AuroraMeter: feature :elsewhere is not declared on the tenant's plan (first seen from check). :undeclared_feature_policy is :warn, so it is allowed; Aurora Meter 1.0 denies it. Declare it on the plan, run `mix aurora_meter.features` to find every other one, or set `config :aurora_meter, undeclared_feature_policy: :allow`.
...........................................
16:31:09.441 [warning] AuroraMeter: feature :nothing is not declared on the tenant's plan (first seen from quota). :undeclared_feature_policy is :warn, so it is allowed; Aurora Meter 1.0 denies it. Declare it on the plan, run `mix aurora_meter.features` to find every other one, or set `config :aurora_meter, undeclared_feature_policy: :allow`.
...............................................................................................
16:31:10.528 [warning] AuroraMeter: feature :requests is not declared on the tenant's plan (first seen from record_batch). :undeclared_feature_policy is :warn, so it is allowed; Aurora Meter 1.0 denies it. Declare it on the plan, run `mix aurora_meter.features` to find every other one, or set `config :aurora_meter, undeclared_feature_policy: :allow`.
.................
16:31:13.436 [error] AuroraMeter: publishing event "pubsub-down" failed (unknown registry: :no_such_pubsub_server. Either the registry name is invalid or the registry is not running, possibly because its application isn't started). The event is committed; consumers recover from AuroraMeter.Events.total/3.
.
16:31:13.450 [error] AuroraMeter: the in-memory projection of event "projection-down" failed (AuroraMeter.Test.PeriodSources.FutureWindow returned a period that does not contain the instant asked about. An AuroraMeter period is a half-open UTC interval [start, end): start belongs to the period, end does not, and the interval must contain the instant it is resolved for. reason=:not_containing tenant_key="projection_56322" instant=~U[2026-09-15 06:31:13.450777Z] period=%{start: ~U[2026-10-02 00:00:00Z], end: ~U[2026-11-02 00:00:00Z], source: :calendar}). The event is committed and AuroraMeter.Events.total/3 is authoritative; the in-memory value corrects itself on the next cold read.
...........................................
16:31:13.594 [error] AuroraMeter: the in-memory projection of event "base" failed (AuroraMeter.Test.PeriodSources.FutureWindow returned a period that does not contain the instant asked about. An AuroraMeter period is a half-open UTC interval [start, end): start belongs to the period, end does not, and the interval must contain the instant it is resolved for. reason=:not_containing tenant_key="correct_4612" instant=~U[2026-09-15 06:31:13.594459Z] period=%{start: ~U[2026-10-02 00:00:00Z], end: ~U[2026-11-02 00:00:00Z], source: :calendar}). The event is committed and AuroraMeter.Events.total/3 is authoritative; the in-memory value corrects itself on the next cold read.

16:31:13.598 [error] AuroraMeter: the in-memory projection of event "fix" failed (AuroraMeter.Test.PeriodSources.FutureWindow returned a period that does not contain the instant asked about. An AuroraMeter period is a half-open UTC interval [start, end): start belongs to the period, end does not, and the interval must contain the instant it is resolved for. reason=:not_containing tenant_key="correct_4612" instant=~U[2026-09-15 06:31:13.598600Z] period=%{start: ~U[2026-10-02 00:00:00Z], end: ~U[2026-11-02 00:00:00Z], source: :calendar}). The event is committed and AuroraMeter.Events.total/3 is authoritative; the in-memory value corrects itself on the next cold read.
................
16:31:13.984 [error] AuroraMeter: the in-memory projection of event "base" failed (AuroraMeter.Test.PeriodSources.FutureWindow returned a period that does not contain the instant asked about. An AuroraMeter period is a half-open UTC interval [start, end): start belongs to the period, end does not, and the interval must contain the instant it is resolved for. reason=:not_containing tenant_key="replace_6213" instant=~U[2026-09-15 06:31:13.983973Z] period=%{start: ~U[2026-10-02 00:00:00Z], end: ~U[2026-11-02 00:00:00Z], source: :calendar}). The event is committed and AuroraMeter.Events.total/3 is authoritative; the in-memory value corrects itself on the next cold read.

16:31:13.988 [error] AuroraMeter: the in-memory projection of event "fix" failed (AuroraMeter.Test.PeriodSources.FutureWindow returned a period that does not contain the instant asked about. An AuroraMeter period is a half-open UTC interval [start, end): start belongs to the period, end does not, and the interval must contain the instant it is resolved for. reason=:not_containing tenant_key="replace_6213" instant=~U[2026-09-15 06:31:13.988661Z] period=%{start: ~U[2026-10-02 00:00:00Z], end: ~U[2026-11-02 00:00:00Z], source: :calendar}). The event is committed and AuroraMeter.Events.total/3 is authoritative; the in-memory value corrects itself on the next cold read.

16:31:13.988 [error] AuroraMeter: the in-memory projection of event "fix~r" failed (AuroraMeter.Test.PeriodSources.FutureWindow returned a period that does not contain the instant asked about. An AuroraMeter period is a half-open UTC interval [start, end): start belongs to the period, end does not, and the interval must contain the instant it is resolved for. reason=:not_containing tenant_key="replace_6213" instant=~U[2026-09-15 06:31:13.988781Z] period=%{start: ~U[2026-10-02 00:00:00Z], end: ~U[2026-11-02 00:00:00Z], source: :calendar}). The event is committed and AuroraMeter.Events.total/3 is authoritative; the in-memory value corrects itself on the next cold read.
................
16:31:14.097 [warning] config :aurora_meter, durable_features: [:ai_generations] is deprecated. It still works, and will keep working until 2.0. Aurora Meter 1.0 replaces it with `feature_sources`, which says where each feature's commercial quantity comes from instead of bolting an event row onto a buffered count, and with `AuroraMeter.record/4` for usage that must not be lost. Nothing to do today: see docs/upgrading-to-1.0.md before you upgrade to 1.0.
.................................................................................................
16:31:17.709 [warning] AuroraMeter: feature :nothing_declared is not declared on the tenant's plan (first seen from feature_value). :undeclared_feature_policy is :warn, so it is allowed; Aurora Meter 1.0 denies it. Declare it on the plan, run `mix aurora_meter.features` to find every other one, or set `config :aurora_meter, undeclared_feature_policy: :allow`.
....
16:31:17.726 [warning] AuroraMeter: feature :some_new_thing is not declared on the tenant's plan (first seen from check). :undeclared_feature_policy is :warn, so it is allowed; Aurora Meter 1.0 denies it. Declare it on the plan, run `mix aurora_meter.features` to find every other one, or set `config :aurora_meter, undeclared_feature_policy: :allow`.
.........................................................
16:31:19.789 [error] Postgrex.Protocol (#PID<0.841.0> ({Postgrex.Protocol, "aurora_meter_test"})) disconnected: ** (DBConnection.ConnectionError) client #PID<0.9070.0> exited
.........
16:31:19.876 [warning] AuroraMeter.Tenant.Default.to_key/1 returned an empty tenant key. Every tenant it cannot resolve then shares one set of counters. Return a non-empty String.t(), or refuse the term. This version keeps the old behaviour and warns once per node; Aurora Meter 1.0 raises. See the AuroraMeter.Tenant documentation.
.........
16:31:19.905 [warning] AuroraMeter: feature :requests is not declared on the tenant's plan (first seen from record). :undeclared_feature_policy is :warn, so it is allowed; Aurora Meter 1.0 denies it. Declare it on the plan, run `mix aurora_meter.features` to find every other one, or set `config :aurora_meter, undeclared_feature_policy: :allow`.
....
16:31:19.929 [error] AuroraMeter: the in-memory projection of event "unresolved" failed (AuroraMeter.Test.PeriodSources.FutureWindow returned a period that does not contain the instant asked about. An AuroraMeter period is a half-open UTC interval [start, end): start belongs to the period, end does not, and the interval must contain the instant it is resolved for. reason=:not_containing tenant_key="record_7812" instant=~U[2026-09-15 06:31:19.929613Z] period=%{start: ~U[2026-10-02 00:00:00Z], end: ~U[2026-11-02 00:00:00Z], source: :calendar}). The event is committed and AuroraMeter.Events.total/3 is authoritative; the in-memory value corrects itself on the next cold read.
.
16:31:19.932 [error] AuroraMeter: the in-memory projection of event "ineligible" failed (AuroraMeter.Test.PeriodSources.FutureWindow returned a period that does not contain the instant asked about. An AuroraMeter period is a half-open UTC interval [start, end): start belongs to the period, end does not, and the interval must contain the instant it is resolved for. reason=:not_containing tenant_key="record_60418" instant=~U[2026-09-15 06:31:19.932336Z] period=%{start: ~U[2026-10-02 00:00:00Z], end: ~U[2026-11-02 00:00:00Z], source: :calendar}). The event is committed and AuroraMeter.Events.total/3 is authoritative; the in-memory value corrects itself on the next cold read.
...........
Finished in 204.7 seconds (1.7s async, 203.0s sync)

Result: 1244 passed (49 doctests, 12 properties, 1183 tests)
[mixlane] core exit=0 started=2026-09-15T06:27:53Z finished=2026-09-15T06:31:20Z
test exit=0
