=== 05c review: core headless (AURORA_HEADLESS=1) ===
2026-09-15T08:39:20Z
4ac358d9919286f23199aa10c23f0fbb2c2fcf49
removed _build/test/lib/{aurora_meter,oban}
[mixlane] core: DB_PORT=5490 mix deps
* bunt 1.0.0 (Hex package) (mix)
  locked at 1.0.0 (bunt) dc5f86aa
  ok
* credo 1.7.19 (Hex package) (mix)
  locked at 1.7.19 (credo) 2d8bc95d
  ok
* db_connection 2.10.2 (Hex package) (mix)
  locked at 2.10.2 (db_connection) 510b1448
  ok
* decimal 3.1.1 (Hex package) (mix)
  locked at 3.1.1 (decimal) c5f25f2c
  ok
* dialyxir 1.4.7 (Hex package) (mix)
  locked at 1.4.7 (dialyxir) b3452720
  ok
* earmark_parser 1.4.45 (Hex package) (mix)
  locked at 1.4.45 (earmark_parser) d3ec045b
  ok
* ecto 3.14.1 (Hex package) (mix)
  locked at 3.14.1 (ecto) 24b99195
  ok
* ecto_sql 3.14.0 (Hex package) (mix)
  locked at 3.14.0 (ecto_sql) f4d8d36f
  ok
* erlex 0.2.9 (Hex package) (mix)
  locked at 0.2.9 (erlex) 8cfffc0e
  ok
* ex_doc 0.40.3 (Hex package) (mix)
  locked at 0.40.3 (ex_doc) 2756e357
  ok
* file_system 1.1.1 (Hex package) (mix)
  locked at 1.1.1 (file_system) 7a15ff97
  ok
* jason 1.4.5 (Hex package) (mix)
  locked at 1.4.5 (jason) b0c82399
  ok
* makeup 1.2.2 (Hex package) (mix)
  locked at 1.2.2 (makeup) 9a1a24e5
  ok
* makeup_elixir 1.0.1 (Hex package) (mix)
  locked at 1.0.1 (makeup_elixir) 7284900d
  ok
* makeup_erlang 1.1.0 (Hex package) (mix)
  locked at 1.1.0 (makeup_erlang) 1cd6780f
  ok
* mix_audit 2.1.5 (Hex package) (mix)
  locked at 2.1.5 (mix_audit) 87f9298e
  ok
* nimble_options 1.1.1 (Hex package) (mix)
  locked at 1.1.1 (nimble_options) 821b2470
  ok
* nimble_parsec 1.4.2 (Hex package) (mix)
  locked at 1.4.2 (nimble_parsec) 4b213989
  ok
* phoenix_pubsub 2.3.0 (Hex package) (mix)
  locked at 2.3.0 (phoenix_pubsub) eec7be6e
  ok
* postgrex 0.22.4 (Hex package) (mix)
  locked at 0.22.4 (postgrex) 4aae45a2
  ok
* telemetry 1.4.2 (Hex package) (rebar3)
  locked at 1.4.2 (telemetry) 928f6495
  ok
* yamerl 0.10.0 (Hex package) (rebar3)
  locked at 0.10.0 (yamerl) 346adb29
  ok
* yaml_elixir 2.12.2 (Hex package) (mix)
  locked at 2.12.2 (yaml_elixir) e7c1b101
  ok
[mixlane] core exit=0 started=2026-09-15T08:39:20Z finished=2026-09-15T08:39:20Z
[mixlane] core: DB_PORT=5490 mix compile --warnings-as-errors --force
Compiling 73 files (.ex)
Generated aurora_meter app
[mixlane] core exit=0 started=2026-09-15T08:39:20Z finished=2026-09-15T08:39:22Z
compile exit=0
[mixlane] core: DB_PORT=5490 mix run -e 
  false = Code.ensure_loaded?(Oban)
  false = Code.ensure_loaded?(AuroraMeter.Oban)
  false = Code.ensure_loaded?(AuroraMeter.Oban.CreditExpiry)
  false = Code.ensure_loaded?(AuroraMeter.Oban.HoldReconciliation)

  # 05c: Igniter is dropped by AURORA_HEADLESS too, so the installer module the
  # Pro task calls must be absent rather than half-compiled.
  false = Code.ensure_loaded?(Igniter)
  false = Code.ensure_loaded?(AuroraMeter.Install.Oban)

  # And the three things that must still be there without Oban.
  true = Code.ensure_loaded?(AuroraMeter.Operations)
  true = function_exported?(AuroraMeter.Operations, :pause, 1)
  true = function_exported?(AuroraMeter.Operations, :resume, 1)
  true = function_exported?(AuroraMeter.Operations, :paused?, 1)
  true = function_exported?(AuroraMeter.Operations, :checkpoint, 1)
  true = function_exported?(AuroraMeter.Operations, :put_checkpoint, 2)
  true = function_exported?(AuroraMeter.Operations, :clear_checkpoint, 1)
  true = function_exported?(AuroraMeter.Operations, :run_batches, 3)

  true = Code.ensure_loaded?(AuroraMeter.Checkpoints)
  true = function_exported?(AuroraMeter.Checkpoints, :put_progress, 4)

  true = Code.ensure_loaded?(AuroraMeter.Credits)
  true = function_exported?(AuroraMeter.Credits, :expire_due, 1)
  true = function_exported?(AuroraMeter.Credits, :expire_due, 2)
  true = function_exported?(AuroraMeter.Credits, :reconcile_holds, 1)

  # Support is a plain module and must not need Igniter.
  true = Code.ensure_loaded?(AuroraMeter.Install.Support)

  IO.puts("headless ok: Operations present, Oban and Igniter absent")

headless ok: Operations present, Oban and Igniter absent
[mixlane] core exit=0 started=2026-09-15T08:39:22Z finished=2026-09-15T08:39:22Z
run exit=0
[mixlane] core: DB_PORT=5490 mix test --include headless --seed 0
Compiling 89 files (.ex)
Generated aurora_meter app
Running ExUnit with seed: 0, max_cases: 48
Including tags: [:headless]

..................................................................................................................................................................................................................................................................................................
18:39:26.665 [error] Postgrex.Protocol (#PID<0.867.0> ({Postgrex.Protocol, "aurora_meter_test"})) disconnected: ** (DBConnection.ConnectionError) client #PID<0.2311.0> ({AuroraMeter.EventsGateTest, :"test record_timeout a database that never answers is {:unavailable, :timeout} within the timeout, never an exit"}) timed out because it queued and checked out the connection for longer than 400ms

Client #PID<0.2311.0> ({AuroraMeter.EventsGateTest, :"test record_timeout a database that never answers is {:unavailable, :timeout} within the timeout, never an exit"}) is still using a connection from owner at location:

    (erts 17.0.1) :prim_inet.recv0/3
    (postgrex 0.22.4) lib/postgrex/protocol.ex:3296: Postgrex.Protocol.msg_recv/4
    (postgrex 0.22.4) lib/postgrex/protocol.ex:3008: Postgrex.Protocol.recv_close/3
    (postgrex 0.22.4) lib/postgrex/protocol.ex:1525: Postgrex.Protocol.close_parse_describe_flush/4
    (postgrex 0.22.4) lib/postgrex/protocol.ex:401: Postgrex.Protocol.handle_prepare/3
    (db_connection 2.10.2) lib/db_connection/holder.ex:379: DBConnection.Holder.holder_apply/4
    (db_connection 2.10.2) lib/db_connection.ex:1543: DBConnection.prepare/4
    (db_connection 2.10.2) lib/db_connection.ex:1536: DBConnection.run_prepare/4
    (db_connection 2.10.2) lib/db_connection.ex:1548: DBConnection.run_prepare_execute/5
    (db_connection 2.10.2) lib/db_connection.ex:1592: DBConnection.run/4
    (db_connection 2.10.2) lib/db_connection.ex:810: DBConnection.parsed_prepare_execute/5
    (db_connection 2.10.2) lib/db_connection.ex:802: DBConnection.prepare_execute/4
    (postgrex 0.22.4) lib/postgrex.ex:323: Postgrex.binary_query/4
    (ecto_sql 3.14.0) lib/ecto/adapters/sql.ex:628: Ecto.Adapters.SQL.query!/4
    (ecto_sql 3.14.0) lib/ecto/adapters/sql.ex:992: Ecto.Adapters.SQL.insert_all/9
    (ecto 3.14.1) lib/ecto/repo/schema.ex:86: Ecto.Repo.Schema.do_insert_all/7
    (aurora_meter 0.5.0) lib/aurora_meter/storage/ecto.ex:899: AuroraMeter.Storage.Ecto.insert_events_returning/3
    (aurora_meter 0.5.0) lib/aurora_meter/storage/ecto.ex:864: AuroraMeter.Storage.Ecto.in_transaction/4
    (aurora_meter 0.5.0) test/support/test_repo.ex:3: anonymous fn/1 in AuroraMeter.TestRepo.transaction/2
    (ecto 3.14.1) lib/ecto/repo/transaction.ex:11: anonymous fn/3 in Ecto.Repo.Transaction.transact/4

The connection itself was checked out by #PID<0.2311.0> ({AuroraMeter.EventsGateTest, :"test record_timeout a database that never answers is {:unavailable, :timeout} within the timeout, never an exit"}) at location:

    (aurora_meter 0.5.0) lib/aurora_meter/storage/ecto.ex:1541: AuroraMeter.Storage.Ecto.guarded/1
    (aurora_meter 0.5.0) lib/aurora_meter/events.ex:367: AuroraMeter.Events.admit/1
    (aurora_meter 0.5.0) lib/aurora_meter/events.ex:194: anonymous fn/4 in AuroraMeter.Events.record/4
    (aurora_meter 0.5.0) lib/aurora_meter/events.ex:328: anonymous fn/2 in AuroraMeter.Events.span/2
    (telemetry 1.4.2) /home/liamk/src/PhxTemplates/product-workspaces/aurora_meter/deps/telemetry/src/telemetry.erl:359: :telemetry.span/3
    test/aurora_meter/events_gate_test.exs:225: anonymous fn/1 in AuroraMeter.EventsGateTest."test record_timeout a database that never answers is {:unavailable, :timeout} within the timeout, never an exit"/1
    (aurora_meter 0.5.0) test/support/aurora_meter/test/config.ex:48: AuroraMeter.Test.Config.with_config/2
    test/aurora_meter/events_gate_test.exs:221: AuroraMeter.EventsGateTest."test record_timeout a database that never answers is {:unavailable, :timeout} within the timeout, never an exit"/1
    (ex_unit 1.20.1) lib/ex_unit/runner.ex:533: ExUnit.Runner.exec_test/2
    (stdlib 8.0) timer.erl:599: :timer.tc/2
    (ex_unit 1.20.1) lib/ex_unit/runner.ex:455: anonymous fn/6 in ExUnit.Runner.spawn_test_monitor/4


.......................................
18:41:32.615 [error] Postgrex.Protocol (#PID<0.859.0> ({Postgrex.Protocol, "aurora_meter_test"})) disconnected: ** (DBConnection.ConnectionError) owner #PID<0.2916.0> ({:sql_sandbox_owner, %{started_by: #PID<0.2915.0>}}) timed out because it owned the connection for longer than 120000ms (set via the :ownership_timeout option)

[clock control] 150s, 24 loaders, 110928774 samples: Clock.now/0 backwards=2 worst=1.061701s; DateTime.utc_now/0 backwards=4 worst=0.526456s
...............
18:42:06.147 [error] Postgrex.Protocol (#PID<0.845.0> ({Postgrex.Protocol, "aurora_meter_test"})) disconnected: ** (DBConnection.ConnectionError) client #PID<0.3088.0> exited
..
18:42:10.590 [error] Postgrex.Protocol (#PID<0.863.0> ({Postgrex.Protocol, "aurora_meter_test"})) disconnected: ** (DBConnection.ConnectionError) client #PID<0.3128.0> exited
...
18:42:10.693 [error] AuroraMeter flush failed; the same batch will be retried: "injected fault at :after_commit_before_ack (label: :lost_acknowledgement) context: %{callback: :flush_batch, result: {:ok, %{counters: [%{value: 5, feature: \"ops\", tenant_key: \"flush_batch_10307\", period_start: ~U[2026-09-01 00:00:00Z]}], history: [%{value: 5, date: ~D[2026-09-15], feature: \"ops\", tenant_key: \"flush_batch_10307\"}]}}, batch_id: \"ddd07134-b493-4ccc-b952-a7b624668383\"}"
.
18:42:10.710 [error] AuroraMeter flush failed; the same batch will be retried: "injected fault at :after_commit_before_ack (label: :foreign_write_then_raise) context: %{callback: :flush_batch, result: {:ok, %{counters: [%{value: 5, feature: \"ops\", tenant_key: \"org_17986\", period_start: ~U[2026-09-01 00:00:00Z]}], history: [%{value: 5, date: ~D[2026-09-15], feature: \"ops\", tenant_key: \"org_17986\"}]}}, batch_id: \"dce6ca95-64a0-42be-a0a9-ffef364a2282\"}"
...........................................
18:42:11.417 [warning] AuroraMeter: feature :nothing is not declared on the tenant's plan (first seen from feature_value). :undeclared_feature_policy is :warn, so it is allowed; Aurora Meter 1.0 denies it. Declare it on the plan, run `mix aurora_meter.features` to find every other one, or set `config :aurora_meter, undeclared_feature_policy: :allow`.
.................................................................................................
18:42:24.285 [error] AuroraMeter flush failed; the same batch will be retried: "injected fault at :before_commit (label: :receipt_insert) context: %{kind: :write, schema: AuroraMeter.Schema.FlushReceipt, statement: :receipt_insert, repo_fun: :insert_all}"
.
18:42:24.314 [error] AuroraMeter flush failed; the same batch will be retried: "injected fault at :before_commit (label: :counter_upsert) context: %{kind: :write, schema: AuroraMeter.Schema.Counter, statement: :counter_upsert, repo_fun: :insert_all}"
.
18:42:24.344 [error] AuroraMeter flush failed; the same batch will be retried: "injected fault at :before_commit (label: :history_upsert) context: %{kind: :write, schema: AuroraMeter.Schema.History, statement: :history_upsert, repo_fun: :insert_all}"
.
18:42:24.373 [error] AuroraMeter flush failed; the same batch will be retried: "injected fault at :before_commit (label: :counter_upsert) context: %{kind: :write, schema: AuroraMeter.Schema.Counter, statement: :counter_upsert, repo_fun: :insert_all}"
.........................................................................................................................
18:42:31.100 [warning] AuroraMeter: feature :nothing is not declared on the tenant's plan (first seen from quota). :undeclared_feature_policy is :warn, so it is allowed; Aurora Meter 1.0 denies it. Declare it on the plan, run `mix aurora_meter.features` to find every other one, or set `config :aurora_meter, undeclared_feature_policy: :allow`.
...................................................................................................................................................................................................................................
18:42:31.381 [warning] AuroraMeter: feature :nowhere is not declared on the tenant's plan (first seen from check). :undeclared_feature_policy is :warn, so it is allowed; Aurora Meter 1.0 denies it. Declare it on the plan, run `mix aurora_meter.features` to find every other one, or set `config :aurora_meter, undeclared_feature_policy: :allow`.
....................................
18:42:31.423 [warning] AuroraMeter: feature :elsewhere is not declared on the tenant's plan (first seen from check). :undeclared_feature_policy is :warn, so it is allowed; Aurora Meter 1.0 denies it. Declare it on the plan, run `mix aurora_meter.features` to find every other one, or set `config :aurora_meter, undeclared_feature_policy: :allow`.
.........................................................................................................
18:42:32.298 [error] AuroraMeter: publishing event "pubsub-down" failed (unknown registry: :no_such_pubsub_server. Either the registry name is invalid or the registry is not running, possibly because its application isn't started). The event is committed; consumers recover from AuroraMeter.Events.total/3.
.
18:42:32.310 [error] AuroraMeter: the in-memory projection of event "projection-down" failed (AuroraMeter.Test.PeriodSources.FutureWindow returned a period that does not contain the instant asked about. An AuroraMeter period is a half-open UTC interval [start, end): start belongs to the period, end does not, and the interval must contain the instant it is resolved for. reason=:not_containing tenant_key="projection_16835" instant=~U[2026-09-15 08:42:32.310416Z] period=%{start: ~U[2026-10-02 00:00:00Z], end: ~U[2026-11-02 00:00:00Z], source: :calendar}). The event is committed and AuroraMeter.Events.total/3 is authoritative; the in-memory value corrects itself on the next cold read.
....
18:42:32.858 [warning] AuroraMeter: feature :requests is not declared on the tenant's plan (first seen from record_batch). :undeclared_feature_policy is :warn, so it is allowed; Aurora Meter 1.0 denies it. Declare it on the plan, run `mix aurora_meter.features` to find every other one, or set `config :aurora_meter, undeclared_feature_policy: :allow`.

18:42:32.858 [warning] AuroraMeter: feature :requests is not declared on the tenant's plan (first seen from record_batch). :undeclared_feature_policy is :warn, so it is allowed; Aurora Meter 1.0 denies it. Declare it on the plan, run `mix aurora_meter.features` to find every other one, or set `config :aurora_meter, undeclared_feature_policy: :allow`.
.....................................
18:42:35.535 [warning] config :aurora_meter, durable_features: [:ai_generations] is deprecated. It still works, and will keep working until 2.0. Aurora Meter 1.0 replaces it with `feature_sources`, which says where each feature's commercial quantity comes from instead of bolting an event row onto a buffered count, and with `AuroraMeter.record/4` for usage that must not be lost. Nothing to do today: see docs/upgrading-to-1.0.md before you upgrade to 1.0.
..............................................
18:42:37.784 [error] AuroraMeter: the in-memory projection of event "base" failed (AuroraMeter.Test.PeriodSources.FutureWindow returned a period that does not contain the instant asked about. An AuroraMeter period is a half-open UTC interval [start, end): start belongs to the period, end does not, and the interval must contain the instant it is resolved for. reason=:not_containing tenant_key="correct_80898" instant=~U[2026-09-15 08:42:38.315487Z] period=%{start: ~U[2026-10-02 00:00:00Z], end: ~U[2026-11-02 00:00:00Z], source: :calendar}). The event is committed and AuroraMeter.Events.total/3 is authoritative; the in-memory value corrects itself on the next cold read.

18:42:37.788 [error] AuroraMeter: the in-memory projection of event "fix" failed (AuroraMeter.Test.PeriodSources.FutureWindow returned a period that does not contain the instant asked about. An AuroraMeter period is a half-open UTC interval [start, end): start belongs to the period, end does not, and the interval must contain the instant it is resolved for. reason=:not_containing tenant_key="correct_80898" instant=~U[2026-09-15 08:42:38.319177Z] period=%{start: ~U[2026-10-02 00:00:00Z], end: ~U[2026-11-02 00:00:00Z], source: :calendar}). The event is committed and AuroraMeter.Events.total/3 is authoritative; the in-memory value corrects itself on the next cold read.
................
18:42:38.090 [error] AuroraMeter: the in-memory projection of event "base" failed (AuroraMeter.Test.PeriodSources.FutureWindow returned a period that does not contain the instant asked about. An AuroraMeter period is a half-open UTC interval [start, end): start belongs to the period, end does not, and the interval must contain the instant it is resolved for. reason=:not_containing tenant_key="replace_81346" instant=~U[2026-09-15 08:42:38.621648Z] period=%{start: ~U[2026-10-02 00:00:00Z], end: ~U[2026-11-02 00:00:00Z], source: :calendar}). The event is committed and AuroraMeter.Events.total/3 is authoritative; the in-memory value corrects itself on the next cold read.

18:42:38.093 [error] AuroraMeter: the in-memory projection of event "fix" failed (AuroraMeter.Test.PeriodSources.FutureWindow returned a period that does not contain the instant asked about. An AuroraMeter period is a half-open UTC interval [start, end): start belongs to the period, end does not, and the interval must contain the instant it is resolved for. reason=:not_containing tenant_key="replace_81346" instant=~U[2026-09-15 08:42:38.624925Z] period=%{start: ~U[2026-10-02 00:00:00Z], end: ~U[2026-11-02 00:00:00Z], source: :calendar}). The event is committed and AuroraMeter.Events.total/3 is authoritative; the in-memory value corrects itself on the next cold read.

18:42:38.094 [error] AuroraMeter: the in-memory projection of event "fix~r" failed (AuroraMeter.Test.PeriodSources.FutureWindow returned a period that does not contain the instant asked about. An AuroraMeter period is a half-open UTC interval [start, end): start belongs to the period, end does not, and the interval must contain the instant it is resolved for. reason=:not_containing tenant_key="replace_81346" instant=~U[2026-09-15 08:42:38.624989Z] period=%{start: ~U[2026-10-02 00:00:00Z], end: ~U[2026-11-02 00:00:00Z], source: :calendar}). The event is committed and AuroraMeter.Events.total/3 is authoritative; the in-memory value corrects itself on the next cold read.
....................
18:42:38.187 [warning] AuroraMeter: feature :nothing_declared is not declared on the tenant's plan (first seen from feature_value). :undeclared_feature_policy is :warn, so it is allowed; Aurora Meter 1.0 denies it. Declare it on the plan, run `mix aurora_meter.features` to find every other one, or set `config :aurora_meter, undeclared_feature_policy: :allow`.
....
18:42:38.201 [warning] AuroraMeter: feature :some_new_thing is not declared on the tenant's plan (first seen from check). :undeclared_feature_policy is :warn, so it is allowed; Aurora Meter 1.0 denies it. Declare it on the plan, run `mix aurora_meter.features` to find every other one, or set `config :aurora_meter, undeclared_feature_policy: :allow`.
.............................................................................................................................
18:42:41.097 [error] Postgrex.Protocol (#PID<0.847.0> ({Postgrex.Protocol, "aurora_meter_test"})) disconnected: ** (DBConnection.ConnectionError) client #PID<0.9196.0> exited
.........
18:42:41.174 [warning] AuroraMeter.Tenant.Default.to_key/1 returned an empty tenant key. Every tenant it cannot resolve then shares one set of counters. Return a non-empty String.t(), or refuse the term. This version keeps the old behaviour and warns once per node; Aurora Meter 1.0 raises. See the AuroraMeter.Tenant documentation.
.........
18:42:41.199 [warning] AuroraMeter: feature :requests is not declared on the tenant's plan (first seen from record). :undeclared_feature_policy is :warn, so it is allowed; Aurora Meter 1.0 denies it. Declare it on the plan, run `mix aurora_meter.features` to find every other one, or set `config :aurora_meter, undeclared_feature_policy: :allow`.
....
18:42:41.219 [error] AuroraMeter: the in-memory projection of event "unresolved" failed (AuroraMeter.Test.PeriodSources.FutureWindow returned a period that does not contain the instant asked about. An AuroraMeter period is a half-open UTC interval [start, end): start belongs to the period, end does not, and the interval must contain the instant it is resolved for. reason=:not_containing tenant_key="record_22339" instant=~U[2026-09-15 08:42:41.750467Z] period=%{start: ~U[2026-10-02 00:00:00Z], end: ~U[2026-11-02 00:00:00Z], source: :calendar}). The event is committed and AuroraMeter.Events.total/3 is authoritative; the in-memory value corrects itself on the next cold read.
.
18:42:41.222 [error] AuroraMeter: the in-memory projection of event "ineligible" failed (AuroraMeter.Test.PeriodSources.FutureWindow returned a period that does not contain the instant asked about. An AuroraMeter period is a half-open UTC interval [start, end): start belongs to the period, end does not, and the interval must contain the instant it is resolved for. reason=:not_containing tenant_key="record_18500" instant=~U[2026-09-15 08:42:41.753165Z] period=%{start: ~U[2026-10-02 00:00:00Z], end: ~U[2026-11-02 00:00:00Z], source: :calendar}). The event is committed and AuroraMeter.Events.total/3 is authoritative; the in-memory value corrects itself on the next cold read.
...........
Finished in 200.5 seconds (1.6s async, 198.9s sync)

Result: 1269 passed (49 doctests, 12 properties, 1208 tests)
[mixlane] core exit=0 started=2026-09-15T08:39:22Z finished=2026-09-15T08:42:41Z
test exit=0
