=== 05d core headless (AURORA_HEADLESS=1) ===
2026-09-15T10:38:22Z
0b3df43d7e6e425177f2f926df98a8aeb004d512
removed _build/test/lib/{aurora_meter,oban}
[mixlane] core: DB_PORT=5490 mix deps
* bunt 1.0.0 (Hex package) (mix)
  locked at 1.0.0 (bunt) dc5f86aa
  ok
* credo 1.7.19 (Hex package) (mix)
  locked at 1.7.19 (credo) 2d8bc95d
  ok
* db_connection 2.10.2 (Hex package) (mix)
  locked at 2.10.2 (db_connection) 510b1448
  ok
* decimal 3.1.1 (Hex package) (mix)
  locked at 3.1.1 (decimal) c5f25f2c
  ok
* dialyxir 1.4.7 (Hex package) (mix)
  locked at 1.4.7 (dialyxir) b3452720
  ok
* earmark_parser 1.4.45 (Hex package) (mix)
  locked at 1.4.45 (earmark_parser) d3ec045b
  ok
* ecto 3.14.1 (Hex package) (mix)
  locked at 3.14.1 (ecto) 24b99195
  ok
* ecto_sql 3.14.0 (Hex package) (mix)
  locked at 3.14.0 (ecto_sql) f4d8d36f
  ok
* erlex 0.2.9 (Hex package) (mix)
  locked at 0.2.9 (erlex) 8cfffc0e
  ok
* ex_doc 0.40.3 (Hex package) (mix)
  locked at 0.40.3 (ex_doc) 2756e357
  ok
* file_system 1.1.1 (Hex package) (mix)
  locked at 1.1.1 (file_system) 7a15ff97
  ok
* jason 1.4.5 (Hex package) (mix)
  locked at 1.4.5 (jason) b0c82399
  ok
* makeup 1.2.2 (Hex package) (mix)
  locked at 1.2.2 (makeup) 9a1a24e5
  ok
* makeup_elixir 1.0.1 (Hex package) (mix)
  locked at 1.0.1 (makeup_elixir) 7284900d
  ok
* makeup_erlang 1.1.0 (Hex package) (mix)
  locked at 1.1.0 (makeup_erlang) 1cd6780f
  ok
* mix_audit 2.1.5 (Hex package) (mix)
  locked at 2.1.5 (mix_audit) 87f9298e
  ok
* nimble_options 1.1.1 (Hex package) (mix)
  locked at 1.1.1 (nimble_options) 821b2470
  ok
* nimble_parsec 1.4.2 (Hex package) (mix)
  locked at 1.4.2 (nimble_parsec) 4b213989
  ok
* phoenix_pubsub 2.3.0 (Hex package) (mix)
  locked at 2.3.0 (phoenix_pubsub) eec7be6e
  ok
* postgrex 0.22.4 (Hex package) (mix)
  locked at 0.22.4 (postgrex) 4aae45a2
  ok
* telemetry 1.4.2 (Hex package) (rebar3)
  locked at 1.4.2 (telemetry) 928f6495
  ok
* yamerl 0.10.0 (Hex package) (rebar3)
  locked at 0.10.0 (yamerl) 346adb29
  ok
* yaml_elixir 2.12.2 (Hex package) (mix)
  locked at 2.12.2 (yaml_elixir) e7c1b101
  ok
[mixlane] core exit=0 started=2026-09-15T10:38:22Z finished=2026-09-15T10:38:23Z
[mixlane] core: DB_PORT=5490 mix compile --warnings-as-errors --force
Compiling 75 files (.ex)
Generated aurora_meter app
[mixlane] core exit=0 started=2026-09-15T10:38:23Z finished=2026-09-15T10:38:24Z
compile exit=0
[mixlane] core: DB_PORT=5490 mix run -e 
  false = Code.ensure_loaded?(Oban)
  false = Code.ensure_loaded?(AuroraMeter.Oban)
  false = Code.ensure_loaded?(AuroraMeter.Oban.Retention)

  # The operation is not optional. A host with no Oban schedules it from
  # whatever it does have, so plan/1, prune/1, forget_node/1 and status/0 all
  # have to be here.
  true = Code.ensure_loaded?(AuroraMeter.Retention)
  true = function_exported?(AuroraMeter.Retention, :plan, 1)
  true = function_exported?(AuroraMeter.Retention, :prune, 1)
  true = function_exported?(AuroraMeter.Retention, :forget_node, 2)
  true = function_exported?(AuroraMeter.Retention, :status, 1)
  [:flush_receipts, :replay_checkpoints] = AuroraMeter.Retention.tables()

  # And it really runs, against the real database, with no Oban in the build.
  {:ok, _} = AuroraMeter.TestRepo.start_link(pool_size: 2)
  {:ok, %{flush_receipts: _, replay_checkpoints: _}} = AuroraMeter.Retention.plan([])
  %{heartbeats: _} = AuroraMeter.Retention.status()

  IO.puts("headless ok")

Compiling 91 files (.ex)
Generated aurora_meter app

20:38:25.857 [warning] AuroraMeter.Retention: a flush heartbeat is filed under "nonode@nohost", which is what every unnamed VM calls itself. If more than one node shares this database, they share this one row and it cannot tell one node from ten. Set :flush_node_id per node, or start the VMs with names.
headless ok
[mixlane] core exit=0 started=2026-09-15T10:38:24Z finished=2026-09-15T10:38:25Z
run exit=0
[mixlane] core: DB_PORT=5490 mix test --include headless --seed 0
Running ExUnit with seed: 0, max_cases: 48
Including tags: [:headless]

.......................................................................................................................................................................................................................................................................................................
20:38:29.576 [error] Postgrex.Protocol (#PID<0.252.0> ({Postgrex.Protocol, "aurora_meter_test"})) disconnected: ** (DBConnection.ConnectionError) client #PID<0.1724.0> ({AuroraMeter.EventsGateTest, :"test record_timeout a database that never answers is {:unavailable, :timeout} within the timeout, never an exit"}) timed out because it queued and checked out the connection for longer than 400ms

Client #PID<0.1724.0> ({AuroraMeter.EventsGateTest, :"test record_timeout a database that never answers is {:unavailable, :timeout} within the timeout, never an exit"}) is still using a connection from owner at location:

    (erts 17.0.1) :prim_inet.recv0/3
    (postgrex 0.22.4) lib/postgrex/protocol.ex:3296: Postgrex.Protocol.msg_recv/4
    (postgrex 0.22.4) lib/postgrex/protocol.ex:3008: Postgrex.Protocol.recv_close/3
    (postgrex 0.22.4) lib/postgrex/protocol.ex:1525: Postgrex.Protocol.close_parse_describe_flush/4
    (postgrex 0.22.4) lib/postgrex/protocol.ex:401: Postgrex.Protocol.handle_prepare/3
    (db_connection 2.10.2) lib/db_connection/holder.ex:379: DBConnection.Holder.holder_apply/4
    (db_connection 2.10.2) lib/db_connection.ex:1543: DBConnection.prepare/4
    (db_connection 2.10.2) lib/db_connection.ex:1536: DBConnection.run_prepare/4
    (db_connection 2.10.2) lib/db_connection.ex:1548: DBConnection.run_prepare_execute/5
    (db_connection 2.10.2) lib/db_connection.ex:1592: DBConnection.run/4
    (db_connection 2.10.2) lib/db_connection.ex:810: DBConnection.parsed_prepare_execute/5
    (db_connection 2.10.2) lib/db_connection.ex:802: DBConnection.prepare_execute/4
    (postgrex 0.22.4) lib/postgrex.ex:323: Postgrex.binary_query/4
    (ecto_sql 3.14.0) lib/ecto/adapters/sql.ex:628: Ecto.Adapters.SQL.query!/4
    (ecto_sql 3.14.0) lib/ecto/adapters/sql.ex:992: Ecto.Adapters.SQL.insert_all/9
    (ecto 3.14.1) lib/ecto/repo/schema.ex:86: Ecto.Repo.Schema.do_insert_all/7
    (aurora_meter 0.5.0) lib/aurora_meter/storage/ecto.ex:921: AuroraMeter.Storage.Ecto.insert_events_returning/3
    (aurora_meter 0.5.0) lib/aurora_meter/storage/ecto.ex:886: AuroraMeter.Storage.Ecto.in_transaction/4
    (aurora_meter 0.5.0) test/support/test_repo.ex:3: anonymous fn/1 in AuroraMeter.TestRepo.transaction/2
    (ecto 3.14.1) lib/ecto/repo/transaction.ex:11: anonymous fn/3 in Ecto.Repo.Transaction.transact/4

The connection itself was checked out by #PID<0.1724.0> ({AuroraMeter.EventsGateTest, :"test record_timeout a database that never answers is {:unavailable, :timeout} within the timeout, never an exit"}) at location:

    (erts 17.0.1) :erlang.port_command/3
    (erts 17.0.1) :prim_inet.send/4
    (postgrex 0.22.4) lib/postgrex/protocol.ex:3383: Postgrex.Protocol.do_send/3
    (postgrex 0.22.4) lib/postgrex/protocol.ex:2976: Postgrex.Protocol.handle_transaction/3
    (postgrex 0.22.4) lib/postgrex/protocol.ex:618: Postgrex.Protocol.handle_begin/2
    (db_connection 2.10.2) lib/db_connection/holder.ex:379: DBConnection.Holder.holder_apply/4
    (db_connection 2.10.2) lib/db_connection.ex:1851: DBConnection.run_begin/3
    (db_connection 2.10.2) lib/db_connection.ex:1644: DBConnection.checkout_with_retries/5
    (db_connection 2.10.2) lib/db_connection.ex:1833: DBConnection.begin/3
    (db_connection 2.10.2) lib/db_connection.ex:1114: DBConnection.transaction/3
    (aurora_meter 0.5.0) lib/aurora_meter/storage/ecto.ex:1563: AuroraMeter.Storage.Ecto.guarded/1
    (aurora_meter 0.5.0) lib/aurora_meter/events.ex:367: AuroraMeter.Events.admit/1
    (aurora_meter 0.5.0) lib/aurora_meter/events.ex:194: anonymous fn/4 in AuroraMeter.Events.record/4
    (aurora_meter 0.5.0) lib/aurora_meter/events.ex:328: anonymous fn/2 in AuroraMeter.Events.span/2
    (telemetry 1.4.2) /home/liamk/src/PhxTemplates/product-workspaces/aurora_meter/deps/telemetry/src/telemetry.erl:359: :telemetry.span/3
    test/aurora_meter/events_gate_test.exs:225: anonymous fn/1 in AuroraMeter.EventsGateTest."test record_timeout a database that never answers is {:unavailable, :timeout} within the timeout, never an exit"/1
    (aurora_meter 0.5.0) test/support/aurora_meter/test/config.ex:48: AuroraMeter.Test.Config.with_config/2
    test/aurora_meter/events_gate_test.exs:221: AuroraMeter.EventsGateTest."test record_timeout a database that never answers is {:unavailable, :timeout} within the timeout, never an exit"/1
    (ex_unit 1.20.1) lib/ex_unit/runner.ex:533: ExUnit.Runner.exec_test/2


.......................................
20:40:34.495 [error] Postgrex.Protocol (#PID<0.262.0> ({Postgrex.Protocol, "aurora_meter_test"})) disconnected: ** (DBConnection.ConnectionError) owner #PID<0.2329.0> ({:sql_sandbox_owner, %{started_by: #PID<0.2328.0>}}) timed out because it owned the connection for longer than 120000ms (set via the :ownership_timeout option)

[clock control] 150s, 24 loaders, 117585837 samples: Clock.now/0 backwards=2 worst=1.331784s; DateTime.utc_now/0 backwards=5 worst=0.673545s
.........
20:41:06.671 [error] Postgrex.Protocol (#PID<0.241.0> ({Postgrex.Protocol, "aurora_meter_test"})) disconnected: ** (DBConnection.ConnectionError) client #PID<0.2396.0> exited
..
20:41:10.768 [error] Postgrex.Protocol (#PID<0.263.0> ({Postgrex.Protocol, "aurora_meter_test"})) disconnected: ** (DBConnection.ConnectionError) client #PID<0.2436.0> exited
.....................
20:41:10.873 [error] AuroraMeter flush failed; the same batch will be retried: "injected fault at :after_commit_before_ack (label: :lost_acknowledgement) context: %{callback: :flush_batch, result: {:ok, %{counters: [%{value: 5, feature: \"ops\", tenant_key: \"flush_batch_1604\", period_start: ~U[2026-09-01 00:00:00Z]}], history: [%{value: 5, date: ~D[2026-09-15], feature: \"ops\", tenant_key: \"flush_batch_1604\"}]}}, batch_id: \"4868ce2b-7ed9-43a4-b080-76c2943236d1\"}"
....................
20:41:12.800 [warning] AuroraMeter: feature :nothing is not declared on the tenant's plan (first seen from feature_value). :undeclared_feature_policy is :warn, so it is allowed; Aurora Meter 1.0 denies it. Declare it on the plan, run `mix aurora_meter.features` to find every other one, or set `config :aurora_meter, undeclared_feature_policy: :allow`.
..................
20:41:12.865 [error] AuroraMeter flush failed; the same batch will be retried: "injected fault at :after_commit_before_ack (label: :foreign_write_then_raise) context: %{callback: :flush_batch, result: {:ok, %{counters: [%{value: 5, feature: \"ops\", tenant_key: \"org_8067\", period_start: ~U[2026-09-01 00:00:00Z]}], history: [%{value: 5, date: ~D[2026-09-15], feature: \"ops\", tenant_key: \"org_8067\"}]}}, batch_id: \"e528a536-a282-44b3-a57f-6082e02d5cf8\"}"
......
20:41:12.890 [error] AuroraMeter flush failed; the same batch will be retried: "injected fault at :before_commit (label: :heartbeat_pending_case) context: %{counters: 1, callback: :flush_batch, history: 1, batch_id: \"341254ae-7dcd-4168-8ef7-066331541b51\"}"
...............................................................................
20:41:25.515 [error] AuroraMeter flush failed; the same batch will be retried: "injected fault at :before_commit (label: :receipt_insert) context: %{kind: :write, statement: :receipt_insert, schema: AuroraMeter.Schema.FlushReceipt, repo_fun: :insert_all}"
.
20:41:25.543 [error] AuroraMeter flush failed; the same batch will be retried: "injected fault at :before_commit (label: :counter_upsert) context: %{kind: :write, statement: :counter_upsert, schema: AuroraMeter.Schema.Counter, repo_fun: :insert_all}"
.
20:41:25.576 [error] AuroraMeter flush failed; the same batch will be retried: "injected fault at :before_commit (label: :history_upsert) context: %{kind: :write, statement: :history_upsert, schema: AuroraMeter.Schema.History, repo_fun: :insert_all}"
.
20:41:25.605 [error] AuroraMeter flush failed; the same batch will be retried: "injected fault at :before_commit (label: :counter_upsert) context: %{kind: :write, statement: :counter_upsert, schema: AuroraMeter.Schema.Counter, repo_fun: :insert_all}"
..................................................................................................................................................................................................................................
20:41:25.889 [warning] AuroraMeter: feature :nowhere is not declared on the tenant's plan (first seen from check). :undeclared_feature_policy is :warn, so it is allowed; Aurora Meter 1.0 denies it. Declare it on the plan, run `mix aurora_meter.features` to find every other one, or set `config :aurora_meter, undeclared_feature_policy: :allow`.
....................................
20:41:25.929 [warning] AuroraMeter: feature :elsewhere is not declared on the tenant's plan (first seen from check). :undeclared_feature_policy is :warn, so it is allowed; Aurora Meter 1.0 denies it. Declare it on the plan, run `mix aurora_meter.features` to find every other one, or set `config :aurora_meter, undeclared_feature_policy: :allow`.
..............................................................................................................................................................................
20:41:33.389 [warning] AuroraMeter: feature :nothing is not declared on the tenant's plan (first seen from quota). :undeclared_feature_policy is :warn, so it is allowed; Aurora Meter 1.0 denies it. Declare it on the plan, run `mix aurora_meter.features` to find every other one, or set `config :aurora_meter, undeclared_feature_policy: :allow`.
........................................................
20:41:33.676 [error] AuroraMeter: publishing event "pubsub-down" failed (unknown registry: :no_such_pubsub_server. Either the registry name is invalid or the registry is not running, possibly because its application isn't started). The event is committed; consumers recover from AuroraMeter.Events.total/3.
.
20:41:33.687 [error] AuroraMeter: the in-memory projection of event "projection-down" failed (AuroraMeter.Test.PeriodSources.FutureWindow returned a period that does not contain the instant asked about. An AuroraMeter period is a half-open UTC interval [start, end): start belongs to the period, end does not, and the interval must contain the instant it is resolved for. reason=:not_containing tenant_key="projection_73090" instant=~U[2026-09-15 10:41:33.687502Z] period=%{start: ~U[2026-10-02 00:00:00Z], end: ~U[2026-11-02 00:00:00Z], source: :calendar}). The event is committed and AuroraMeter.Events.total/3 is authoritative; the in-memory value corrects itself on the next cold read.
......................
20:41:34.244 [warning] AuroraMeter: feature :requests is not declared on the tenant's plan (first seen from record_batch). :undeclared_feature_policy is :warn, so it is allowed; Aurora Meter 1.0 denies it. Declare it on the plan, run `mix aurora_meter.features` to find every other one, or set `config :aurora_meter, undeclared_feature_policy: :allow`.

20:41:34.244 [warning] AuroraMeter: feature :requests is not declared on the tenant's plan (first seen from record_batch). :undeclared_feature_policy is :warn, so it is allowed; Aurora Meter 1.0 denies it. Declare it on the plan, run `mix aurora_meter.features` to find every other one, or set `config :aurora_meter, undeclared_feature_policy: :allow`.
...........................
20:41:36.918 [warning] config :aurora_meter, durable_features: [:ai_generations] is deprecated. It still works, and will keep working until 2.0. Aurora Meter 1.0 replaces it with `feature_sources`, which says where each feature's commercial quantity comes from instead of bolting an event row onto a buffered count, and with `AuroraMeter.record/4` for usage that must not be lost. Nothing to do today: see docs/upgrading-to-1.0.md before you upgrade to 1.0.
...........................
20:41:39.612 [error] AuroraMeter: the in-memory projection of event "base" failed (AuroraMeter.Test.PeriodSources.FutureWindow returned a period that does not contain the instant asked about. An AuroraMeter period is a half-open UTC interval [start, end): start belongs to the period, end does not, and the interval must contain the instant it is resolved for. reason=:not_containing tenant_key="replace_3013" instant=~U[2026-09-15 10:41:39.612080Z] period=%{start: ~U[2026-10-02 00:00:00Z], end: ~U[2026-11-02 00:00:00Z], source: :calendar}). The event is committed and AuroraMeter.Events.total/3 is authoritative; the in-memory value corrects itself on the next cold read.

20:41:39.616 [error] AuroraMeter: the in-memory projection of event "fix" failed (AuroraMeter.Test.PeriodSources.FutureWindow returned a period that does not contain the instant asked about. An AuroraMeter period is a half-open UTC interval [start, end): start belongs to the period, end does not, and the interval must contain the instant it is resolved for. reason=:not_containing tenant_key="replace_3013" instant=~U[2026-09-15 10:41:39.616184Z] period=%{start: ~U[2026-10-02 00:00:00Z], end: ~U[2026-11-02 00:00:00Z], source: :calendar}). The event is committed and AuroraMeter.Events.total/3 is authoritative; the in-memory value corrects itself on the next cold read.

20:41:39.616 [error] AuroraMeter: the in-memory projection of event "fix~r" failed (AuroraMeter.Test.PeriodSources.FutureWindow returned a period that does not contain the instant asked about. An AuroraMeter period is a half-open UTC interval [start, end): start belongs to the period, end does not, and the interval must contain the instant it is resolved for. reason=:not_containing tenant_key="replace_3013" instant=~U[2026-09-15 10:41:39.616257Z] period=%{start: ~U[2026-10-02 00:00:00Z], end: ~U[2026-11-02 00:00:00Z], source: :calendar}). The event is committed and AuroraMeter.Events.total/3 is authoritative; the in-memory value corrects itself on the next cold read.
.......................................
20:41:39.842 [warning] AuroraMeter.Retention.forget_node/1 removed the flush heartbeat for "node_b".

It read: state="pending" updated_at=~U[2026-09-15 10:41:39.840094Z] cursor=%{"batch_id" => "43e65010-86b7-404f-8ba8-6e56d7be5d5b", "pending_since" => "2026-07-16T10:41:39.839799Z", "version" => "0.5.0"}

That node no longer blocks a flush-receipt prune. If it is still alive and still holding a pending batch, and it later retries that batch after its receipt has been pruned, the batch's usage is counted twice (invariant I01).


20:41:39.843 [warning] AuroraMeter.Retention.forget_node/1 removed the flush heartbeat for "node_c".

It read: state="pending" updated_at=~U[2026-09-15 10:41:39.840534Z] cursor=%{"batch_id" => "815468af-ad49-42cd-8cdc-a2fd424e2751", "pending_since" => "2026-07-16T10:41:39.840221Z", "version" => "0.5.0"}

That node no longer blocks a flush-receipt prune. If it is still alive and still holding a pending batch, and it later retries that batch after its receipt has been pruned, the batch's usage is counted twice (invariant I01).

.
20:41:39.850 [warning] AuroraMeter.Retention: a flush heartbeat is filed under "nonode@nohost", which is what every unnamed VM calls itself. If more than one node shares this database, they share this one row and it cannot tell one node from ten. Set :flush_node_id per node, or start the VMs with names.

20:41:39.852 [warning] AuroraMeter.Retention.forget_node/1 removed the flush heartbeat for "app@10.0.1.7".

It read: state="idle" updated_at=~U[2026-09-15 10:41:39.852026Z] cursor=%{"version" => "0.5.0"}

That node no longer blocks a flush-receipt prune. If it is still alive and still holding a pending batch, and it later retries that batch after its receipt has been pruned, the batch's usage is counted twice (invariant I01).

.............................
20:41:39.977 [error] AuroraMeter: the in-memory projection of event "base" failed (AuroraMeter.Test.PeriodSources.FutureWindow returned a period that does not contain the instant asked about. An AuroraMeter period is a half-open UTC interval [start, end): start belongs to the period, end does not, and the interval must contain the instant it is resolved for. reason=:not_containing tenant_key="correct_3591" instant=~U[2026-09-15 10:41:39.977915Z] period=%{start: ~U[2026-10-02 00:00:00Z], end: ~U[2026-11-02 00:00:00Z], source: :calendar}). The event is committed and AuroraMeter.Events.total/3 is authoritative; the in-memory value corrects itself on the next cold read.

20:41:39.980 [error] AuroraMeter: the in-memory projection of event "fix" failed (AuroraMeter.Test.PeriodSources.FutureWindow returned a period that does not contain the instant asked about. An AuroraMeter period is a half-open UTC interval [start, end): start belongs to the period, end does not, and the interval must contain the instant it is resolved for. reason=:not_containing tenant_key="correct_3591" instant=~U[2026-09-15 10:41:39.980697Z] period=%{start: ~U[2026-10-02 00:00:00Z], end: ~U[2026-11-02 00:00:00Z], source: :calendar}). The event is committed and AuroraMeter.Events.total/3 is authoritative; the in-memory value corrects itself on the next cold read.
..................
20:41:40.265 [warning] AuroraMeter: feature :nothing_declared is not declared on the tenant's plan (first seen from feature_value). :undeclared_feature_policy is :warn, so it is allowed; Aurora Meter 1.0 denies it. Declare it on the plan, run `mix aurora_meter.features` to find every other one, or set `config :aurora_meter, undeclared_feature_policy: :allow`.
....
20:41:40.278 [warning] AuroraMeter: feature :some_new_thing is not declared on the tenant's plan (first seen from check). :undeclared_feature_policy is :warn, so it is allowed; Aurora Meter 1.0 denies it. Declare it on the plan, run `mix aurora_meter.features` to find every other one, or set `config :aurora_meter, undeclared_feature_policy: :allow`.
................................................................................
20:41:42.074 [error] Postgrex.Protocol (#PID<0.249.0> ({Postgrex.Protocol, "aurora_meter_test"})) disconnected: ** (DBConnection.ConnectionError) client #PID<0.8616.0> exited
......................................................
20:41:43.007 [warning] AuroraMeter.Tenant.Default.to_key/1 returned an empty tenant key. Every tenant it cannot resolve then shares one set of counters. Return a non-empty String.t(), or refuse the term. This version keeps the old behaviour and warns once per node; Aurora Meter 1.0 raises. See the AuroraMeter.Tenant documentation.
.........
20:41:43.028 [warning] AuroraMeter: feature :requests is not declared on the tenant's plan (first seen from record). :undeclared_feature_policy is :warn, so it is allowed; Aurora Meter 1.0 denies it. Declare it on the plan, run `mix aurora_meter.features` to find every other one, or set `config :aurora_meter, undeclared_feature_policy: :allow`.
....
20:41:43.046 [error] AuroraMeter: the in-memory projection of event "unresolved" failed (AuroraMeter.Test.PeriodSources.FutureWindow returned a period that does not contain the instant asked about. An AuroraMeter period is a half-open UTC interval [start, end): start belongs to the period, end does not, and the interval must contain the instant it is resolved for. reason=:not_containing tenant_key="record_76162" instant=~U[2026-09-15 10:41:43.046187Z] period=%{start: ~U[2026-10-02 00:00:00Z], end: ~U[2026-11-02 00:00:00Z], source: :calendar}). The event is committed and AuroraMeter.Events.total/3 is authoritative; the in-memory value corrects itself on the next cold read.
.
20:41:43.048 [error] AuroraMeter: the in-memory projection of event "ineligible" failed (AuroraMeter.Test.PeriodSources.FutureWindow returned a period that does not contain the instant asked about. An AuroraMeter period is a half-open UTC interval [start, end): start belongs to the period, end does not, and the interval must contain the instant it is resolved for. reason=:not_containing tenant_key="record_76226" instant=~U[2026-09-15 10:41:43.048335Z] period=%{start: ~U[2026-10-02 00:00:00Z], end: ~U[2026-11-02 00:00:00Z], source: :calendar}). The event is committed and AuroraMeter.Events.total/3 is authoritative; the in-memory value corrects itself on the next cold read.
...........
Finished in 200.2 seconds (1.6s async, 198.5s sync)

Result: 1311 passed (53 doctests, 12 properties, 1246 tests)
[mixlane] core exit=0 started=2026-09-15T10:38:25Z finished=2026-09-15T10:41:43Z
test exit=0
