[mixlane] core: DB_PORT=5490 mix deps.unlock --check-unused
[mixlane] core exit=0 started=2026-09-16T03:27:00Z finished=2026-09-16T03:27:01Z
[mixlane] core: DB_PORT=5490 mix deps.audit
No vulnerabilities found.
[mixlane] core exit=0 started=2026-09-16T03:27:01Z finished=2026-09-16T03:27:02Z
[mixlane] core: DB_PORT=5490 mix hex.audit
No retired or security advisory packages found
[mixlane] core exit=0 started=2026-09-16T03:27:02Z finished=2026-09-16T03:27:03Z
[mixlane] core: DB_PORT=5490 mix hex.build
Building aurora_meter 0.5.0
  Dependencies:
    ecto_sql ~> 3.10 (app: ecto_sql)
    postgrex >= 0.0.0 (app: postgrex)
    phoenix_pubsub ~> 2.1 (app: phoenix_pubsub)
    telemetry ~> 1.2 (app: telemetry)
    nimble_options ~> 1.1 (app: nimble_options)
    jason ~> 1.4 (app: jason)
    phoenix_live_view ~> 0.20 or ~> 1.0 (app: phoenix_live_view) (optional)
    phoenix_html ~> 3.3 or ~> 4.0 (app: phoenix_html) (optional)
    igniter ~> 0.8 (app: igniter) (optional)
    oban ~> 2.17 (app: oban) (optional)
  App: aurora_meter
  Name: aurora_meter
  Files:
    lib
    lib/mix
    lib/mix/tasks
    lib/mix/tasks/aurora_meter.features.ex
    lib/mix/tasks/aurora_meter.events.backfill.ex
    lib/mix/tasks/aurora_meter.gen.migration.ex
    lib/mix/tasks/aurora_meter.credits.migrate_lots.ex
    lib/mix/tasks/aurora_meter.install.ex
    lib/mix/tasks/aurora_meter.bench.ex
    lib/aurora_meter.ex
    lib/aurora_meter
    lib/aurora_meter/config
    lib/aurora_meter/config/schema.ex
    lib/aurora_meter/storage_case.ex
    lib/aurora_meter/cluster.ex
    lib/aurora_meter/clock.ex
    lib/aurora_meter/storage.ex
    lib/aurora_meter/oban
    lib/aurora_meter/oban/recurring_grants.ex
    lib/aurora_meter/oban/credit_expiry.ex
    lib/aurora_meter/oban/hold_reconciliation.ex
    lib/aurora_meter/oban/retention.ex
    lib/aurora_meter/oban/plan_transitions.ex
    lib/aurora_meter/oban/events_replay.ex
    lib/aurora_meter/plans.ex
    lib/aurora_meter/oban.ex
    lib/aurora_meter/migration.ex
    lib/aurora_meter/billing
    lib/aurora_meter/billing/noop.ex
    lib/aurora_meter/billing/provider.ex
    lib/aurora_meter/plan.ex
    lib/aurora_meter/flusher.ex
    lib/aurora_meter/store.ex
    lib/aurora_meter/entitlements.ex
    lib/aurora_meter/supervisor.ex
    lib/aurora_meter/boot_checks.ex
    lib/aurora_meter/live_view.ex
    lib/aurora_meter/subscriptions.ex
    lib/aurora_meter/checkpoints.ex
    lib/aurora_meter/plan_version_conflict_error.ex
    lib/aurora_meter/exporter_case.ex
    lib/aurora_meter/schema
    lib/aurora_meter/schema/flush_receipt.ex
    lib/aurora_meter/schema/credit_transaction.ex
    lib/aurora_meter/schema/event_total.ex
    lib/aurora_meter/schema/subscription.ex
    lib/aurora_meter/schema/credit_lot.ex
    lib/aurora_meter/schema/credit_allocation.ex
    lib/aurora_meter/schema/history.ex
    lib/aurora_meter/schema/counter.ex
    lib/aurora_meter/schema/event.ex
    lib/aurora_meter/schema/plan_transition.ex
    lib/aurora_meter/schema/plan_version.ex
    lib/aurora_meter/schema/credit_balance.ex
    lib/aurora_meter/schema/credit_recurrence.ex
    lib/aurora_meter/retention.ex
    lib/aurora_meter/events
    lib/aurora_meter/events/gate.ex
    lib/aurora_meter/events/outbox.ex
    lib/aurora_meter/events/replay.ex
    lib/aurora_meter/events/backfill.ex
    lib/aurora_meter/events/canonical.ex
    lib/aurora_meter/migration
    lib/aurora_meter/migration/v8.ex
    lib/aurora_meter/migration/v10.ex
    lib/aurora_meter/migration/v9.ex
    lib/aurora_meter/migration/v6.ex
    lib/aurora_meter/migration/v7.ex
    lib/aurora_meter/migration/errors.ex
    lib/aurora_meter/credits.ex
    lib/aurora_meter/plans
    lib/aurora_meter/plans/snapshot.ex
    lib/aurora_meter/test.ex
    lib/aurora_meter/components.ex
    lib/aurora_meter/tenant.ex
    lib/aurora_meter/install
    lib/aurora_meter/install/oban.ex
    lib/aurora_meter/install/support.ex
    lib/aurora_meter/install/templates.ex
    lib/aurora_meter/counter.ex
    lib/aurora_meter/event.ex
    lib/aurora_meter/subscriptions
    lib/aurora_meter/subscriptions/preview.ex
    lib/aurora_meter/subscriptions/transitions.ex
    lib/aurora_meter/operations.ex
    lib/aurora_meter/exporter
    lib/aurora_meter/exporter/journal.ex
    lib/aurora_meter/broadcaster.ex
    lib/aurora_meter/errors.ex
    lib/aurora_meter/config.ex
    lib/aurora_meter/billing.ex
    lib/aurora_meter/exporter.ex
    lib/aurora_meter/events.ex
    lib/aurora_meter/period.ex
    lib/aurora_meter/storage
    lib/aurora_meter/storage/ecto.ex
    lib/aurora_meter/credits
    lib/aurora_meter/credits/conservation_error.ex
    lib/aurora_meter/credits/allocator.ex
    lib/aurora_meter/credits/ledger.ex
    lib/aurora_meter/credits/lots.ex
    lib/aurora_meter/credits/hold_reconciler.ex
    lib/aurora_meter/credits/recurrences.ex
    lib/aurora_meter/credits/reconciliation.ex
    lib/aurora_meter/credits/lot_migration.ex
    lib/aurora_meter/credits/promotions.ex
    lib/aurora_meter/credits/money.ex
    lib/aurora_meter/credits/series.ex
    .formatter.exs
    mix.exs
    README.md
    LICENSE
    CHANGELOG.md
    NOTICE.md
  Version: 0.5.0
  Build tools: mix
  Description: Real-time usage metering, plan entitlements, and Stripe-ready billing primitives for Phoenix: count, gate, and bill on the BEAM. The free core of aurorameter.com.
  Licenses: MIT
  Links: 
    Aurora Meter Pro: https://aurorameter.com/pricing
    GitHub: https://github.com/liamkillingback/aurora-meter
    PhxTemplates: https://www.phxtemplates.com
    Website: https://aurorameter.com
  Elixir: ~> 1.15
Package checksum: dda23ddf5a1379de2397109a9ce2f9873a7b4a6edb30143ff2fcf4aec9d23f12
Saved to aurora_meter-0.5.0.tar
[mixlane] core exit=0 started=2026-09-16T03:27:03Z finished=2026-09-16T03:27:04Z
[mixlane] core: DB_PORT=5490 mix deps.unlock --check-unused
[mixlane] core exit=0 started=2026-09-16T03:35:11Z finished=2026-09-16T03:35:12Z
[mixlane] core: DB_PORT=5490 mix deps.audit
No vulnerabilities found.
[mixlane] core exit=0 started=2026-09-16T03:35:12Z finished=2026-09-16T03:35:13Z
[mixlane] core: DB_PORT=5490 mix hex.audit
No retired or security advisory packages found
[mixlane] core exit=0 started=2026-09-16T03:35:13Z finished=2026-09-16T03:35:14Z
[mixlane] core: DB_PORT=5490 mix hex.build
Building aurora_meter 0.5.0
  Dependencies:
    ecto_sql ~> 3.10 (app: ecto_sql)
    postgrex >= 0.0.0 (app: postgrex)
    phoenix_pubsub ~> 2.1 (app: phoenix_pubsub)
    telemetry ~> 1.2 (app: telemetry)
    nimble_options ~> 1.1 (app: nimble_options)
    jason ~> 1.4 (app: jason)
    phoenix_live_view ~> 0.20 or ~> 1.0 (app: phoenix_live_view) (optional)
    phoenix_html ~> 3.3 or ~> 4.0 (app: phoenix_html) (optional)
    igniter ~> 0.8 (app: igniter) (optional)
    oban ~> 2.17 (app: oban) (optional)
  App: aurora_meter
  Name: aurora_meter
  Files:
    lib
    lib/mix
    lib/mix/tasks
    lib/mix/tasks/aurora_meter.features.ex
    lib/mix/tasks/aurora_meter.events.backfill.ex
    lib/mix/tasks/aurora_meter.gen.migration.ex
    lib/mix/tasks/aurora_meter.credits.migrate_lots.ex
    lib/mix/tasks/aurora_meter.install.ex
    lib/mix/tasks/aurora_meter.bench.ex
    lib/aurora_meter.ex
    lib/aurora_meter
    lib/aurora_meter/config
    lib/aurora_meter/config/schema.ex
    lib/aurora_meter/storage_case.ex
    lib/aurora_meter/cluster.ex
    lib/aurora_meter/clock.ex
    lib/aurora_meter/storage.ex
    lib/aurora_meter/oban
    lib/aurora_meter/oban/recurring_grants.ex
    lib/aurora_meter/oban/credit_expiry.ex
    lib/aurora_meter/oban/hold_reconciliation.ex
    lib/aurora_meter/oban/retention.ex
    lib/aurora_meter/oban/plan_transitions.ex
    lib/aurora_meter/oban/events_replay.ex
    lib/aurora_meter/plans.ex
    lib/aurora_meter/oban.ex
    lib/aurora_meter/migration.ex
    lib/aurora_meter/billing
    lib/aurora_meter/billing/noop.ex
    lib/aurora_meter/billing/provider.ex
    lib/aurora_meter/plan.ex
    lib/aurora_meter/flusher.ex
    lib/aurora_meter/store.ex
    lib/aurora_meter/entitlements.ex
    lib/aurora_meter/supervisor.ex
    lib/aurora_meter/boot_checks.ex
    lib/aurora_meter/live_view.ex
    lib/aurora_meter/subscriptions.ex
    lib/aurora_meter/checkpoints.ex
    lib/aurora_meter/plan_version_conflict_error.ex
    lib/aurora_meter/exporter_case.ex
    lib/aurora_meter/schema
    lib/aurora_meter/schema/flush_receipt.ex
    lib/aurora_meter/schema/credit_transaction.ex
    lib/aurora_meter/schema/event_total.ex
    lib/aurora_meter/schema/subscription.ex
    lib/aurora_meter/schema/credit_lot.ex
    lib/aurora_meter/schema/credit_allocation.ex
    lib/aurora_meter/schema/history.ex
    lib/aurora_meter/schema/counter.ex
    lib/aurora_meter/schema/event.ex
    lib/aurora_meter/schema/plan_transition.ex
    lib/aurora_meter/schema/plan_version.ex
    lib/aurora_meter/schema/credit_balance.ex
    lib/aurora_meter/schema/credit_recurrence.ex
    lib/aurora_meter/retention.ex
    lib/aurora_meter/events
    lib/aurora_meter/events/gate.ex
    lib/aurora_meter/events/outbox.ex
    lib/aurora_meter/events/replay.ex
    lib/aurora_meter/events/backfill.ex
    lib/aurora_meter/events/canonical.ex
    lib/aurora_meter/migration
    lib/aurora_meter/migration/v8.ex
    lib/aurora_meter/migration/v10.ex
    lib/aurora_meter/migration/v9.ex
    lib/aurora_meter/migration/v6.ex
    lib/aurora_meter/migration/v7.ex
    lib/aurora_meter/migration/errors.ex
    lib/aurora_meter/credits.ex
    lib/aurora_meter/plans
    lib/aurora_meter/plans/snapshot.ex
    lib/aurora_meter/test.ex
    lib/aurora_meter/components.ex
    lib/aurora_meter/tenant.ex
    lib/aurora_meter/install
    lib/aurora_meter/install/oban.ex
    lib/aurora_meter/install/support.ex
    lib/aurora_meter/install/templates.ex
    lib/aurora_meter/counter.ex
    lib/aurora_meter/event.ex
    lib/aurora_meter/subscriptions
    lib/aurora_meter/subscriptions/preview.ex
    lib/aurora_meter/subscriptions/transitions.ex
    lib/aurora_meter/operations.ex
    lib/aurora_meter/exporter
    lib/aurora_meter/exporter/journal.ex
    lib/aurora_meter/broadcaster.ex
    lib/aurora_meter/errors.ex
    lib/aurora_meter/config.ex
    lib/aurora_meter/billing.ex
    lib/aurora_meter/exporter.ex
    lib/aurora_meter/events.ex
    lib/aurora_meter/period.ex
    lib/aurora_meter/storage
    lib/aurora_meter/storage/ecto.ex
    lib/aurora_meter/credits
    lib/aurora_meter/credits/conservation_error.ex
    lib/aurora_meter/credits/allocator.ex
    lib/aurora_meter/credits/ledger.ex
    lib/aurora_meter/credits/lots.ex
    lib/aurora_meter/credits/hold_reconciler.ex
    lib/aurora_meter/credits/recurrences.ex
    lib/aurora_meter/credits/reconciliation.ex
    lib/aurora_meter/credits/lot_migration.ex
    lib/aurora_meter/credits/promotions.ex
    lib/aurora_meter/credits/money.ex
    lib/aurora_meter/credits/series.ex
    .formatter.exs
    mix.exs
    README.md
    LICENSE
    CHANGELOG.md
    NOTICE.md
  Version: 0.5.0
  Build tools: mix
  Description: Real-time usage metering, plan entitlements, and Stripe-ready billing primitives for Phoenix: count, gate, and bill on the BEAM. The free core of aurorameter.com.
  Licenses: MIT
  Links: 
    Aurora Meter Pro: https://aurorameter.com/pricing
    GitHub: https://github.com/liamkillingback/aurora-meter
    PhxTemplates: https://www.phxtemplates.com
    Website: https://aurorameter.com
  Elixir: ~> 1.15
Package checksum: dda23ddf5a1379de2397109a9ce2f9873a7b4a6edb30143ff2fcf4aec9d23f12
Saved to aurora_meter-0.5.0.tar
[mixlane] core exit=0 started=2026-09-16T03:35:14Z finished=2026-09-16T03:35:15Z
[mixlane] core: DB_PORT=5490 mix deps.unlock --check-unused
[mixlane] core exit=0 started=2026-09-16T03:53:57Z finished=2026-09-16T03:53:58Z
[mixlane] core: DB_PORT=5490 mix deps.audit
No vulnerabilities found.
[mixlane] core exit=0 started=2026-09-16T03:53:58Z finished=2026-09-16T03:53:59Z
[mixlane] core: DB_PORT=5490 mix hex.audit
No retired or security advisory packages found
[mixlane] core exit=0 started=2026-09-16T03:53:59Z finished=2026-09-16T03:54:00Z
[mixlane] core: DB_PORT=5490 mix hex.build
Building aurora_meter 0.5.0
  Dependencies:
    ecto_sql ~> 3.10 (app: ecto_sql)
    postgrex >= 0.0.0 (app: postgrex)
    phoenix_pubsub ~> 2.1 (app: phoenix_pubsub)
    telemetry ~> 1.2 (app: telemetry)
    nimble_options ~> 1.1 (app: nimble_options)
    jason ~> 1.4 (app: jason)
    phoenix_live_view ~> 0.20 or ~> 1.0 (app: phoenix_live_view) (optional)
    phoenix_html ~> 3.3 or ~> 4.0 (app: phoenix_html) (optional)
    igniter ~> 0.8 (app: igniter) (optional)
    oban ~> 2.17 (app: oban) (optional)
  App: aurora_meter
  Name: aurora_meter
  Files:
    lib
    lib/mix
    lib/mix/tasks
    lib/mix/tasks/aurora_meter.features.ex
    lib/mix/tasks/aurora_meter.events.backfill.ex
    lib/mix/tasks/aurora_meter.gen.migration.ex
    lib/mix/tasks/aurora_meter.credits.migrate_lots.ex
    lib/mix/tasks/aurora_meter.install.ex
    lib/mix/tasks/aurora_meter.bench.ex
    lib/aurora_meter.ex
    lib/aurora_meter
    lib/aurora_meter/config
    lib/aurora_meter/config/schema.ex
    lib/aurora_meter/storage_case.ex
    lib/aurora_meter/cluster.ex
    lib/aurora_meter/clock.ex
    lib/aurora_meter/storage.ex
    lib/aurora_meter/oban
    lib/aurora_meter/oban/recurring_grants.ex
    lib/aurora_meter/oban/credit_expiry.ex
    lib/aurora_meter/oban/hold_reconciliation.ex
    lib/aurora_meter/oban/retention.ex
    lib/aurora_meter/oban/plan_transitions.ex
    lib/aurora_meter/oban/events_replay.ex
    lib/aurora_meter/plans.ex
    lib/aurora_meter/oban.ex
    lib/aurora_meter/migration.ex
    lib/aurora_meter/billing
    lib/aurora_meter/billing/noop.ex
    lib/aurora_meter/billing/provider.ex
    lib/aurora_meter/plan.ex
    lib/aurora_meter/flusher.ex
    lib/aurora_meter/store.ex
    lib/aurora_meter/entitlements.ex
    lib/aurora_meter/supervisor.ex
    lib/aurora_meter/boot_checks.ex
    lib/aurora_meter/live_view.ex
    lib/aurora_meter/subscriptions.ex
    lib/aurora_meter/checkpoints.ex
    lib/aurora_meter/plan_version_conflict_error.ex
    lib/aurora_meter/exporter_case.ex
    lib/aurora_meter/schema
    lib/aurora_meter/schema/flush_receipt.ex
    lib/aurora_meter/schema/credit_transaction.ex
    lib/aurora_meter/schema/event_total.ex
    lib/aurora_meter/schema/subscription.ex
    lib/aurora_meter/schema/credit_lot.ex
    lib/aurora_meter/schema/credit_allocation.ex
    lib/aurora_meter/schema/history.ex
    lib/aurora_meter/schema/counter.ex
    lib/aurora_meter/schema/event.ex
    lib/aurora_meter/schema/plan_transition.ex
    lib/aurora_meter/schema/plan_version.ex
    lib/aurora_meter/schema/credit_balance.ex
    lib/aurora_meter/schema/credit_recurrence.ex
    lib/aurora_meter/retention.ex
    lib/aurora_meter/events
    lib/aurora_meter/events/gate.ex
    lib/aurora_meter/events/outbox.ex
    lib/aurora_meter/events/replay.ex
    lib/aurora_meter/events/backfill.ex
    lib/aurora_meter/events/canonical.ex
    lib/aurora_meter/migration
    lib/aurora_meter/migration/v8.ex
    lib/aurora_meter/migration/v10.ex
    lib/aurora_meter/migration/v9.ex
    lib/aurora_meter/migration/v6.ex
    lib/aurora_meter/migration/v7.ex
    lib/aurora_meter/migration/errors.ex
    lib/aurora_meter/credits.ex
    lib/aurora_meter/plans
    lib/aurora_meter/plans/snapshot.ex
    lib/aurora_meter/test.ex
    lib/aurora_meter/components.ex
    lib/aurora_meter/tenant.ex
    lib/aurora_meter/install
    lib/aurora_meter/install/oban.ex
    lib/aurora_meter/install/support.ex
    lib/aurora_meter/install/templates.ex
    lib/aurora_meter/counter.ex
    lib/aurora_meter/event.ex
    lib/aurora_meter/subscriptions
    lib/aurora_meter/subscriptions/preview.ex
    lib/aurora_meter/subscriptions/transitions.ex
    lib/aurora_meter/operations.ex
    lib/aurora_meter/exporter
    lib/aurora_meter/exporter/journal.ex
    lib/aurora_meter/broadcaster.ex
    lib/aurora_meter/errors.ex
    lib/aurora_meter/config.ex
    lib/aurora_meter/billing.ex
    lib/aurora_meter/exporter.ex
    lib/aurora_meter/events.ex
    lib/aurora_meter/period.ex
    lib/aurora_meter/storage
    lib/aurora_meter/storage/ecto.ex
    lib/aurora_meter/credits
    lib/aurora_meter/credits/conservation_error.ex
    lib/aurora_meter/credits/allocator.ex
    lib/aurora_meter/credits/ledger.ex
    lib/aurora_meter/credits/lots.ex
    lib/aurora_meter/credits/hold_reconciler.ex
    lib/aurora_meter/credits/recurrences.ex
    lib/aurora_meter/credits/reconciliation.ex
    lib/aurora_meter/credits/lot_migration.ex
    lib/aurora_meter/credits/promotions.ex
    lib/aurora_meter/credits/money.ex
    lib/aurora_meter/credits/series.ex
    .formatter.exs
    mix.exs
    README.md
    LICENSE
    CHANGELOG.md
    NOTICE.md
  Version: 0.5.0
  Build tools: mix
  Description: Real-time usage metering, plan entitlements, and Stripe-ready billing primitives for Phoenix: count, gate, and bill on the BEAM. The free core of aurorameter.com.
  Licenses: MIT
  Links: 
    Aurora Meter Pro: https://aurorameter.com/pricing
    GitHub: https://github.com/liamkillingback/aurora-meter
    PhxTemplates: https://www.phxtemplates.com
    Website: https://aurorameter.com
  Elixir: ~> 1.15
Package checksum: dda23ddf5a1379de2397109a9ce2f9873a7b4a6edb30143ff2fcf4aec9d23f12
Saved to aurora_meter-0.5.0.tar
[mixlane] core exit=0 started=2026-09-16T03:54:00Z finished=2026-09-16T03:54:01Z
