restored
applied e-effective-at-is-apply-time
[mixlane] core: DB_PORT=5490 mix test test/aurora_meter/plan_transitions_test.exs test/aurora_meter/plan_transition_precedence_test.exs test/aurora_meter/plan_preview_test.exs test/aurora_meter/plan_transitions_concurrency_test.exs --seed 0
Compiling 4 files (.ex)
Running ExUnit with seed: 0, max_cases: 48
Excluding tags: [:headless]

.

  1) test I17 a provider sync to exactly the scheduled target applies the transition early (AuroraMeter.PlanTransitionPrecedenceTest)
     test/aurora_meter/plan_transition_precedence_test.exs:62
     Assertion with == failed
     code:  assert settled.plan_effective_at == scheduled.effective_at
     left:  ~U[2026-09-16 00:50:58Z]
     right: ~U[2026-10-01 00:00:00Z]
     stacktrace:
       test/aurora_meter/plan_transition_precedence_test.exs:77: (test)

.......................
[07b] twelve schedules of one ref: %{idempotent: 11, scheduled: 1} rows=1
.
[07b] twelve appliers of one due transition: applied=1 skipped=11 row_lock_waiters=12
....
10:50:58.439 [error] Postgrex.Protocol (#PID<0.447.0> ({Postgrex.Protocol, "aurora_meter_test"})) disconnected: ** (DBConnection.ConnectionError) client #PID<0.847.0> exited
.
[07b] cache staleness after a kill: ttl=5000ms window_from_warm=4999ms window_from_kill=4994ms
..............................

  2) test I17 an applied transition changes plan_id, plan_version, fingerprint and effective time (AuroraMeter.PlanTransitionsTest)
     test/aurora_meter/plan_transitions_test.exs:358
     Assertion with == failed
     code:  assert row.plan_effective_at == scheduled.effective_at
     left:  ~U[2026-09-16 00:51:04Z]
     right: ~U[2026-10-01 00:00:00Z]
     stacktrace:
       test/aurora_meter/plan_transitions_test.exs:374: (test)

.....

  3) test I17 confirm_transition applies immediately when the provider boundary has passed (AuroraMeter.PlanTransitionsTest)
     test/aurora_meter/plan_transitions_test.exs:467
     Assertion with == failed
     code:  assert reload(tenant).plan_effective_at == moved
     left:  ~U[2026-09-16 00:51:04Z]
     right: ~U[2026-09-16 09:00:00Z]
     stacktrace:
       test/aurora_meter/plan_transitions_test.exs:489: (test)

...............
Finished in 6.5 seconds (0.00s async, 6.5s sync)

Result: 80/83 passed
Failed: 3 tests
[mixlane] core exit=2 started=2026-09-16T00:50:56Z finished=2026-09-16T00:51:03Z
