restored
applied h-no-cancellation-precedence
[mixlane] core: DB_PORT=5490 mix test test/aurora_meter/plan_transitions_test.exs test/aurora_meter/plan_transition_precedence_test.exs test/aurora_meter/plan_preview_test.exs test/aurora_meter/plan_transitions_concurrency_test.exs --seed 0
Compiling 4 files (.ex)
Running ExUnit with seed: 0, max_cases: 48
Excluding tags: [:headless]

.....

  1) test I17 a provider sync writing a non-entitled status cancels the pending transition (AuroraMeter.PlanTransitionPrecedenceTest)
     test/aurora_meter/plan_transition_precedence_test.exs:123
     Assertion with == failed
     code:  assert settled.state == "cancelled"
     left:  "pending"
     right: "cancelled"
     stacktrace:
       test/aurora_meter/plan_transition_precedence_test.exs:130: (test)



  2) test I17 a cancellation wins over a sync that also names the scheduled target (AuroraMeter.PlanTransitionPrecedenceTest)
     test/aurora_meter/plan_transition_precedence_test.exs:135
     Assertion with == failed
     code:  assert settled.state == "cancelled"
     left:  "applied"
     right: "cancelled"
     stacktrace:
       test/aurora_meter/plan_transition_precedence_test.exs:145: (test)

..

  3) test I17 a stale sync for an ended subscription cannot revive a cancelled transition (AuroraMeter.PlanTransitionPrecedenceTest)
     test/aurora_meter/plan_transition_precedence_test.exs:173
     Assertion with == failed
     code:  assert transition(tenant).state == "cancelled"
     left:  "pending"
     right: "cancelled"
     stacktrace:
       test/aurora_meter/plan_transition_precedence_test.exs:176: (test)

...............
[07b] twelve schedules of one ref: %{idempotent: 11, scheduled: 1} rows=1
.
[07b] twelve appliers of one due transition: applied=1 skipped=11 row_lock_waiters=12
....
10:51:22.134 [error] Postgrex.Protocol (#PID<0.457.0> ({Postgrex.Protocol, "aurora_meter_test"})) disconnected: ** (DBConnection.ConnectionError) client #PID<0.849.0> exited
.
[07b] cache staleness after a kill: ttl=5000ms window_from_warm=4999ms window_from_kill=4994ms
....................................................
Finished in 6.6 seconds (0.00s async, 6.6s sync)

Result: 80/83 passed
Failed: 3 tests
[mixlane] core exit=2 started=2026-09-16T00:51:19Z finished=2026-09-16T00:51:27Z
