restored
applied l-replace-does-not-cancel
[mixlane] core: DB_PORT=5490 mix test test/aurora_meter/plan_transitions_test.exs test/aurora_meter/plan_transition_precedence_test.exs test/aurora_meter/plan_preview_test.exs test/aurora_meter/plan_transitions_concurrency_test.exs --seed 0
Compiling 4 files (.ex)
Running ExUnit with seed: 0, max_cases: 48
Excluding tags: [:headless]

.........................
[07b] twelve schedules of one ref: %{idempotent: 11, scheduled: 1} rows=1
.
[07b] twelve appliers of one due transition: applied=1 skipped=11 row_lock_waiters=12
....
10:51:48.743 [error] Postgrex.Protocol (#PID<0.493.0> ({Postgrex.Protocol, "aurora_meter_test"})) disconnected: ** (DBConnection.ConnectionError) client #PID<0.846.0> exited
.
[07b] cache staleness after a kill: ttl=5000ms window_from_warm=5000ms window_from_kill=4995ms
......................

  1) test I17 a second ref with replace: true cancels the first and schedules the second (AuroraMeter.PlanTransitionsTest)
     test/aurora_meter/plan_transitions_test.exs:279
     ** (MatchError) no match of right hand side value:

         {:error, {:conflict, :concurrent_schedule}}

     code: {:ok, second} = Subscriptions.schedule_transition(tenant, :free, ref: "b")
     stacktrace:
       test/aurora_meter/plan_transitions_test.exs:282: (test)

.............................
Finished in 6.5 seconds (0.00s async, 6.5s sync)

Result: 82/83 passed
Failed: 1 test
[mixlane] core exit=2 started=2026-09-16T00:51:46Z finished=2026-09-16T00:51:54Z
