restored
applied m-preview-writes
[mixlane] core: DB_PORT=5490 mix test test/aurora_meter/plan_transitions_test.exs test/aurora_meter/plan_transition_precedence_test.exs test/aurora_meter/plan_preview_test.exs test/aurora_meter/plan_transitions_concurrency_test.exs --seed 0
Compiling 5 files (.ex)
Running ExUnit with seed: 0, max_cases: 48
Excluding tags: [:headless]

...........

  1) test I17 preview_transition returns the old and new entitlements without writing anything (AuroraMeter.PlanPreviewTest)
     test/aurora_meter/plan_preview_test.exs:29
     Assertion with == failed
     code:  assert {row_count("aurora_meter_subscriptions"), row_count("aurora_meter_plan_transitions")} == before
     left:  {2, 1}
     right: {2, 0}
     stacktrace:
       test/aurora_meter/plan_preview_test.exs:40: (test)

.............
[07b] twelve schedules of one ref: %{idempotent: 11, scheduled: 1} rows=1
.
[07b] twelve appliers of one due transition: applied=1 skipped=11 row_lock_waiters=12
....
10:51:56.695 [error] Postgrex.Protocol (#PID<0.502.0> ({Postgrex.Protocol, "aurora_meter_test"})) disconnected: ** (DBConnection.ConnectionError) client #PID<0.852.0> exited
.
[07b] cache staleness after a kill: ttl=5000ms window_from_warm=4999ms window_from_kill=4994ms
....................................................
Finished in 6.6 seconds (0.00s async, 6.6s sync)

Result: 82/83 passed
Failed: 1 test
[mixlane] core exit=2 started=2026-09-16T00:51:54Z finished=2026-09-16T00:52:02Z
